Archive member included to satisfy reference by file (symbol)

C:/Program Files/SEGGER/SEGGER Embedded Studio for ARM 7.10/lib/libc_v7em_fpv4_sp_d16_hard_t_le_eabi_balanced.a(intasmops_arm.o)
                              Output/Debug/Obj/transmitter_pca10040/bsp.o (__aeabi_uldivmod)
C:/Program Files/SEGGER/SEGGER Embedded Studio for ARM 7.10/lib/libc_v7em_fpv4_sp_d16_hard_t_le_eabi_balanced.a(mbops.o)
                              Output/Debug/Obj/transmitter_pca10040/nrf_log_str_formatter.o (isprint)
C:/Program Files/SEGGER/SEGGER Embedded Studio for ARM 7.10/lib/libc_v7em_fpv4_sp_d16_hard_t_le_eabi_balanced.a(sortops.o)
                              C:/Program Files/SEGGER/SEGGER Embedded Studio for ARM 7.10/lib/libc_v7em_fpv4_sp_d16_hard_t_le_eabi_balanced.a(mbops.o) (bsearch)
C:/Program Files/SEGGER/SEGGER Embedded Studio for ARM 7.10/lib/libc_v7em_fpv4_sp_d16_hard_t_le_eabi_balanced.a(strasmops_arm.o)
                              Output/Debug/Obj/transmitter_pca10040/nrf_fprintf_format.o (strlen)
C:/Program Files/SEGGER/SEGGER Embedded Studio for ARM 7.10/lib/libc_v7em_fpv4_sp_d16_hard_t_le_eabi_balanced.a(strops.o)
                              C:/Program Files/SEGGER/SEGGER Embedded Studio for ARM 7.10/lib/libc_v7em_fpv4_sp_d16_hard_t_le_eabi_balanced.a(mbops.o) (strcat)
C:/Program Files/SEGGER/SEGGER Embedded Studio for ARM 7.10/lib/libc_v7em_fpv4_sp_d16_hard_t_le_eabi_balanced.a(timeops.o)
                              C:/Program Files/SEGGER/SEGGER Embedded Studio for ARM 7.10/lib/libc_v7em_fpv4_sp_d16_hard_t_le_eabi_balanced.a(mbops.o) (__SEGGER_RTL_string_list_encode)
C:/Program Files/SEGGER/SEGGER Embedded Studio for ARM 7.10/lib/libc_v7em_fpv4_sp_d16_hard_t_le_eabi_balanced.a(prinops.o)
                              Output/Debug/Obj/transmitter_pca10040/main.o (printf)
C:/Program Files/SEGGER/SEGGER Embedded Studio for ARM 7.10/lib/libc_v7em_fpv4_sp_d16_hard_t_le_eabi_balanced.a(__SEGGER_RTL_vfprintf_long.o)
                              (__SEGGER_RTL_vfprintf_long)
C:/Program Files/SEGGER/SEGGER Embedded Studio for ARM 7.10/lib/libc_v7em_fpv4_sp_d16_hard_t_le_eabi_balanced.a(__SEGGER_RTL_vfscanf_long.o)
                              (__SEGGER_RTL_vfscanf_long)
C:/Program Files/SEGGER/SEGGER Embedded Studio for ARM 7.10/lib/libc_v7em_fpv4_sp_d16_hard_t_le_eabi_balanced.a(errno.o)
                              C:/Program Files/SEGGER/SEGGER Embedded Studio for ARM 7.10/lib/libc_v7em_fpv4_sp_d16_hard_t_le_eabi_balanced.a(mbops.o) (__aeabi_errno_addr)
C:/Program Files/SEGGER/SEGGER Embedded Studio for ARM 7.10/lib/libc_v7em_fpv4_sp_d16_hard_t_le_eabi_balanced.a(execops.o)
                              C:/Program Files/SEGGER/SEGGER Embedded Studio for ARM 7.10/lib/libc_v7em_fpv4_sp_d16_hard_t_le_eabi_balanced.a(strops.o) (__SEGGER_RTL_constraint_violation)
C:/Program Files/SEGGER/SEGGER Embedded Studio for ARM 7.10/lib/libc_v7em_fpv4_sp_d16_hard_t_le_eabi_balanced.a(execops_arm.o)
                              C:/Program Files/SEGGER/SEGGER Embedded Studio for ARM 7.10/lib/libc_v7em_fpv4_sp_d16_hard_t_le_eabi_balanced.a(execops.o) (__aeabi_SIGABRT)
C:/Program Files/SEGGER/SEGGER Embedded Studio for ARM 7.10/lib/libc_v7em_fpv4_sp_d16_hard_t_le_eabi_balanced.a(fileops.o)
                              C:/Program Files/SEGGER/SEGGER Embedded Studio for ARM 7.10/lib/libc_v7em_fpv4_sp_d16_hard_t_le_eabi_balanced.a(prinops.o) (fwrite)
C:/Program Files/SEGGER/SEGGER Embedded Studio for ARM 7.10/lib/libc_v7em_fpv4_sp_d16_hard_t_le_eabi_balanced.a(floatasmops_arm.o)
                              C:/Program Files/SEGGER/SEGGER Embedded Studio for ARM 7.10/lib/libc_v7em_fpv4_sp_d16_hard_t_le_eabi_balanced.a(timeops.o) (__aeabi_i2d)
C:/Program Files/SEGGER/SEGGER Embedded Studio for ARM 7.10/lib/libc_v7em_fpv4_sp_d16_hard_t_le_eabi_balanced.a(intops.o)
                              C:/Program Files/SEGGER/SEGGER Embedded Studio for ARM 7.10/lib/libc_v7em_fpv4_sp_d16_hard_t_le_eabi_balanced.a(timeops.o) (div)
C:/Program Files/SEGGER/SEGGER Embedded Studio for ARM 7.10/lib/libc_v7em_fpv4_sp_d16_hard_t_le_eabi_balanced.a(utilops.o)
                              C:/Program Files/SEGGER/SEGGER Embedded Studio for ARM 7.10/lib/libc_v7em_fpv4_sp_d16_hard_t_le_eabi_balanced.a(__SEGGER_RTL_vfscanf_long.o) (__SEGGER_RTL_digit)
C:/Program Files/SEGGER/SEGGER Embedded Studio for ARM 7.10/lib/libc_v7em_fpv4_sp_d16_hard_t_le_eabi_balanced.a(convops.o)
                              C:/Program Files/SEGGER/SEGGER Embedded Studio for ARM 7.10/lib/libc_v7em_fpv4_sp_d16_hard_t_le_eabi_balanced.a(execops.o) (itoa)
C:/Program Files/SEGGER/SEGGER Embedded Studio for ARM 7.10/lib/libc_v7em_fpv4_sp_d16_hard_t_le_eabi_balanced.a(floatops.o)
                              C:/Program Files/SEGGER/SEGGER Embedded Studio for ARM 7.10/lib/libc_v7em_fpv4_sp_d16_hard_t_le_eabi_balanced.a(convops.o) (__SEGGER_RTL_float32_isinf)
[...]
Memory Configuration

Name             Origin             Length             Attributes
UNPLACED_SECTIONS 0x0000000100000000 0x0000000000000000 xw
RAM1             0x0000000020000000 0x0000000000010000 xw
FLASH1           0x0000000000000000 0x0000000000080000 xw
*default*        0x0000000000000000 0xffffffffffffffff

Linker script and memory map

                0x0000000000007800                __SEGGER_RTL_vfprintf = __SEGGER_RTL_vfprintf_long
                0x0000000000000000                __SEGGER_RTL_vfscanf = __SEGGER_RTL_vfscanf_long
                0x0000000020000000                __RAM1_segment_start__ = 0x20000000
                0x0000000020010000                __RAM1_segment_end__ = 0x20010000
                0x0000000000010000                __RAM1_segment_size__ = 0x10000
                0x0000000000000000                __FLASH1_segment_start__ = 0x0
                0x0000000000080000                __FLASH1_segment_end__ = 0x80000
                0x0000000000080000                __FLASH1_segment_size__ = 0x80000
                0x0000000000002000                __HEAPSIZE__ = 0x2000
                0x0000000000000000                __STACKSIZE_PROCESS__ = 0x0
                0x0000000000002000                __STACKSIZE__ = 0x2000
                0x0000000020000000                __vectors_ram_load_start__ = 0x20000000

.vectors_ram    0x0000000020000000        0x0
                0x0000000020000000                __vectors_ram_start__ = .
                0x0000000020000000                __app_ram_start__ = __vectors_ram_start__
 *(.vectors_ram .vectors_ram.*)
                0x0000000020000000                __vectors_ram_end__ = (__vectors_ram_start__ + SIZEOF (.vectors_ram))
                0x0000000000000000                __vectors_ram_size__ = SIZEOF (.vectors_ram)
                0x0000000020000000                __vectors_ram_load_end__ = __vectors_ram_end__
                0x0000000000000001                . = ASSERT (((__vectors_ram_start__ == __vectors_ram_end__) || ((__vectors_ram_end__ - __RAM1_segment_start__) <= __RAM1_segment_size__)), error: .vectors_ram is too large to fit in RAM1 memory segment)
                0x0000000020000000                __nrf_sections_run_load_start__ = ALIGN (__vectors_ram_end__, 0x4)

.nrf_sections_run
                0x0000000020000000        0x0
                0x0000000020000000                __nrf_sections_run_start__ = .
                0x0000000020000000                __start_nrf_sections_run = __nrf_sections_run_start__
 *(.nrf_sections_run .nrf_sections_run.*)
                0x0000000020000000                __nrf_sections_run_end__ = (__nrf_sections_run_start__ + SIZEOF (.nrf_sections_run))
                0x0000000000000000                __nrf_sections_run_size__ = SIZEOF (.nrf_sections_run)
                0x0000000020000000                __nrf_sections_run_load_end__ = __nrf_sections_run_end__
                0x0000000000000001                . = ASSERT (((__nrf_sections_run_start__ == __nrf_sections_run_end__) || ((__nrf_sections_run_end__ - __RAM1_segment_start__) <= __RAM1_segment_size__)), error: .nrf_sections_run is too large to fit in RAM1 memory segment)
                0x0000000000000000                __vectors_load_start__ = 0x0

.vectors        0x0000000000000000      0x200
                0x0000000000000000                __vectors_start__ = .
 *(.vectors .vectors.*)
 .vectors       0x0000000000000000      0x200 Output/Debug/Obj/transmitter_pca10040/ses_startup_nrf52.o
                0x0000000000000000                _vectors
                0x0000000000000200                __vectors_end__ = (__vectors_start__ + SIZEOF (.vectors))
                0x0000000000000200                __vectors_size__ = SIZEOF (.vectors)
                0x0000000000000200                __vectors_load_end__ = __vectors_end__
                0x0000000000000001                . = ASSERT (((__vectors_start__ == __vectors_end__) || ((__vectors_end__ - __FLASH1_segment_start__) <= __FLASH1_segment_size__)), error: .vectors is too large to fit in FLASH1 memory segment)
                0x0000000000000200                __init_load_start__ = ALIGN (__vectors_end__, 0x4)

.init           0x0000000000000200      0x1cc
                0x0000000000000200                __init_start__ = .
 *(.init .init.*)
 .init          0x0000000000000200       0x18 Output/Debug/Obj/transmitter_pca10040/ses_startup_nrf52.o
                0x0000000000000200                NMI_Handler
                0x0000000000000202                HardFault_Handler
                0x0000000000000204                MemoryManagement_Handler
                0x0000000000000206                BusFault_Handler
                0x0000000000000208                UsageFault_Handler
                0x000000000000020a                SVC_Handler
                0x000000000000020c                DebugMon_Handler
                0x000000000000020e                PendSV_Handler
                0x0000000000000210                SysTick_Handler
                0x0000000000000212                PWM1_IRQHandler
                0x0000000000000212                SWI0_EGU0_IRQHandler
                0x0000000000000212                POWER_CLOCK_IRQHandler
                0x0000000000000212                RADIO_IRQHandler
                0x0000000000000212                PDM_IRQHandler
                0x0000000000000212                TEMP_IRQHandler
                0x0000000000000212                QDEC_IRQHandler
                0x0000000000000212                RTC0_IRQHandler
                0x0000000000000212                FPU_IRQHandler
                0x0000000000000212                SPIM0_SPIS0_TWIM0_TWIS0_SPI0_TWI0_IRQHandler
                0x0000000000000212                SWI2_EGU2_IRQHandler
                0x0000000000000212                TIMER4_IRQHandler
                0x0000000000000212                I2S_IRQHandler
                0x0000000000000212                SWI4_EGU4_IRQHandler
                0x0000000000000212                TIMER0_IRQHandler
                0x0000000000000212                Dummy_Handler
                0x0000000000000212                TIMER1_IRQHandler
                0x0000000000000212                PWM2_IRQHandler
                0x0000000000000212                ECB_IRQHandler
                0x0000000000000212                SPIM1_SPIS1_TWIM1_TWIS1_SPI1_TWI1_IRQHandler
                0x0000000000000212                SAADC_IRQHandler
                0x0000000000000212                CCM_AAR_IRQHandler
                0x0000000000000212                WDT_IRQHandler
                0x0000000000000212                TIMER3_IRQHandler
                0x0000000000000212                SWI5_EGU5_IRQHandler
                0x0000000000000212                RNG_IRQHandler
                0x0000000000000212                RTC2_IRQHandler
                0x0000000000000212                PWM0_IRQHandler
                0x0000000000000212                SWI3_EGU3_IRQHandler
                0x0000000000000212                SWI1_EGU1_IRQHandler
                0x0000000000000212                SPIM2_SPIS2_SPI2_IRQHandler
                0x0000000000000212                NFCT_IRQHandler
                0x0000000000000212                TIMER2_IRQHandler
                0x0000000000000212                MWU_IRQHandler
                0x0000000000000212                COMP_LPCOMP_IRQHandler
                0x0000000000000214                nRFInitialize
 .init          0x0000000000000218       0x5c Output/Debug/Obj/transmitter_pca10040/ses_startup_nrf_common.o
                0x0000000000000218                Reset_Handler
                0x000000000000021c                afterInitialize
                0x0000000000000240                InitializeUserMemorySections
 .init          0x0000000000000274      0x158 Output/Debug/Obj/transmitter_pca10040/thumb_crt0.o
                0x0000000000000274                _start
                0x0000000000000322                exit
                0x00000000000003cc                __init_end__ = (__init_start__ + SIZEOF (.init))
                0x00000000000001cc                __init_size__ = SIZEOF (.init)
                0x00000000000003cc                __init_load_end__ = __init_end__
                0x0000000000000001                . = ASSERT (((__init_start__ == __init_end__) || ((__init_end__ - __FLASH1_segment_start__) <= __FLASH1_segment_size__)), error: .init is too large to fit in FLASH1 memory segment)
                0x00000000000003cc                __init_rodata_load_start__ = ALIGN (__init_end__, 0x4)

.init_rodata    0x00000000000003cc        0x0
                0x00000000000003cc                __init_rodata_start__ = .
 *(.init_rodata .init_rodata.*)
                0x00000000000003cc                __init_rodata_end__ = (__init_rodata_start__ + SIZEOF (.init_rodata))
                0x0000000000000000                __init_rodata_size__ = SIZEOF (.init_rodata)
                0x00000000000003cc                __init_rodata_load_end__ = __init_rodata_end__
                0x0000000000000001                . = ASSERT (((__init_rodata_start__ == __init_rodata_end__) || ((__init_rodata_end__ - __FLASH1_segment_start__) <= __FLASH1_segment_size__)), error: .init_rodata is too large to fit in FLASH1 memory segment)
                0x00000000000003cc                __text_load_start__ = ALIGN (__init_rodata_end__, 0x4)

.text           0x00000000000003cc     0x79f8
                0x00000000000003cc                __text_start__ = .
 *(.text .text.* .gnu.linkonce.t.* .glue_7t .glue_7 .gcc_except_table .ARM.extab* .gnu.linkonce.armextab.*)
 .glue_7        0x00000000000003cc        0x0 linker stubs
 .glue_7t       0x00000000000003cc        0x0 linker stubs
 .text.send_packet
                0x00000000000003cc       0xa4 Output/Debug/Obj/transmitter_pca10040/main.o
                0x00000000000003cc                send_packet
 .text.clock_initialization
                0x0000000000000470       0x50 Output/Debug/Obj/transmitter_pca10040/main.o
                0x0000000000000470                clock_initialization
 .text.main     0x00000000000004c0      0x118 Output/Debug/Obj/transmitter_pca10040/main.o
                0x00000000000004c0                main
 .text.nrf_gpio_pin_port_decode
                0x00000000000005d8       0x30 Output/Debug/Obj/transmitter_pca10040/boards.o
 .text.nrf_gpio_pin_set
                0x0000000000000608       0x28 Output/Debug/Obj/transmitter_pca10040/boards.o
 .text.nrf_gpio_pin_clear
                0x0000000000000630       0x28 Output/Debug/Obj/transmitter_pca10040/boards.o
 .text.nrf_gpio_pin_toggle
                0x0000000000000658       0x44 Output/Debug/Obj/transmitter_pca10040/boards.o
 .text.nrf_gpio_pin_write
                0x000000000000069c       0x24 Output/Debug/Obj/transmitter_pca10040/boards.o
 .text.nrf_gpio_pin_out_read
                0x00000000000006c0       0x2a Output/Debug/Obj/transmitter_pca10040/boards.o
 .text.nrf_gpio_port_out_read
                0x00000000000006ea       0x10 Output/Debug/Obj/transmitter_pca10040/boards.o
 .text.nrf_gpio_port_out_set
                0x00000000000006fa       0x14 Output/Debug/Obj/transmitter_pca10040/boards.o
 .text.nrf_gpio_port_out_clear
                0x000000000000070e       0x14 Output/Debug/Obj/transmitter_pca10040/boards.o
 .text.nrf_gpio_pin_present_check
                0x0000000000000722       0x40 Output/Debug/Obj/transmitter_pca10040/boards.o
 *fill*         0x0000000000000762        0x2 
 .text.bsp_board_led_state_get
                0x0000000000000764       0x5c Output/Debug/Obj/transmitter_pca10040/boards.o
                0x0000000000000764                bsp_board_led_state_get
 .text.bsp_board_led_on
                0x00000000000007c0       0x34 Output/Debug/Obj/transmitter_pca10040/boards.o
                0x00000000000007c0                bsp_board_led_on
 .text.bsp_board_led_off
                0x00000000000007f4       0x34 Output/Debug/Obj/transmitter_pca10040/boards.o
                0x00000000000007f4                bsp_board_led_off
 .text.bsp_board_leds_off
                0x0000000000000828       0x26 Output/Debug/Obj/transmitter_pca10040/boards.o
                0x0000000000000828                bsp_board_leds_off
 .text.bsp_board_leds_on
                0x000000000000084e       0x26 Output/Debug/Obj/transmitter_pca10040/boards.o
                0x000000000000084e                bsp_board_leds_on
 .text.bsp_board_led_invert
                0x0000000000000874       0x34 Output/Debug/Obj/transmitter_pca10040/boards.o
                0x0000000000000874                bsp_board_led_invert
 .text.leds_off
                0x00000000000008a8       0x3c Output/Debug/Obj/transmitter_pca10040/bsp.o
 .text.bsp_led_indication
                0x00000000000008e4      0x4d0 Output/Debug/Obj/transmitter_pca10040/bsp.o
 .text.bsp_indication_set
                0x0000000000000db4       0x34 Output/Debug/Obj/transmitter_pca10040/bsp.o
                0x0000000000000db4                bsp_indication_set
 .text.__NVIC_SystemReset
                0x0000000000000de8       0x28 Output/Debug/Obj/transmitter_pca10040/system_nrf52.o
 .text.nrf52_errata_12
                0x0000000000000e10       0x88 Output/Debug/Obj/transmitter_pca10040/system_nrf52.o
 .text.nrf52_errata_16
                0x0000000000000e98       0x68 Output/Debug/Obj/transmitter_pca10040/system_nrf52.o
 .text.nrf52_errata_31
                0x0000000000000f00       0x88 Output/Debug/Obj/transmitter_pca10040/system_nrf52.o
 .text.nrf52_errata_32
                0x0000000000000f88       0x68 Output/Debug/Obj/transmitter_pca10040/system_nrf52.o
 .text.nrf52_errata_36
                0x0000000000000ff0       0xb8 Output/Debug/Obj/transmitter_pca10040/system_nrf52.o
 .text.nrf52_errata_37
                0x00000000000010a8       0x68 Output/Debug/Obj/transmitter_pca10040/system_nrf52.o
 .text.nrf52_errata_57
                0x0000000000001110       0x68 Output/Debug/Obj/transmitter_pca10040/system_nrf52.o
 .text.nrf52_errata_66
                0x0000000000001178       0xb8 Output/Debug/Obj/transmitter_pca10040/system_nrf52.o
 .text.nrf52_errata_108
                0x0000000000001230       0x88 Output/Debug/Obj/transmitter_pca10040/system_nrf52.o
 .text.nrf52_errata_136
                0x00000000000012b8       0xb8 Output/Debug/Obj/transmitter_pca10040/system_nrf52.o
 .text.nrf52_errata_182
                0x0000000000001370       0x60 Output/Debug/Obj/transmitter_pca10040/system_nrf52.o
 .text.nrf52_errata_249
                0x00000000000013d0       0x90 Output/Debug/Obj/transmitter_pca10040/system_nrf52.o
 .text.nrf52_handle_approtect
                0x0000000000001460       0x20 Output/Debug/Obj/transmitter_pca10040/system_nrf52.o
 .text.nvmc_wait
                0x0000000000001480       0x18 Output/Debug/Obj/transmitter_pca10040/system_nrf52.o
                0x0000000000001480                nvmc_wait
 .text.nvmc_config
                0x0000000000001498       0x20 Output/Debug/Obj/transmitter_pca10040/system_nrf52.o
                0x0000000000001498                nvmc_config
 .text.SystemCoreClockUpdate
                0x00000000000014b8       0x14 Output/Debug/Obj/transmitter_pca10040/system_nrf52.o
                0x00000000000014b8                SystemCoreClockUpdate
 .text.SystemInit
                0x00000000000014cc      0x2ac Output/Debug/Obj/transmitter_pca10040/system_nrf52.o
                0x00000000000014cc                SystemInit
 .text.uarte_evt_handler
                0x0000000000001778       0x50 Output/Debug/Obj/transmitter_pca10040/nrf_drv_uart.o
 .text.uart_evt_handler
                0x00000000000017c8       0x50 Output/Debug/Obj/transmitter_pca10040/nrf_drv_uart.o
 .text.nrf_drv_uart_init
                0x0000000000001818       0xc0 Output/Debug/Obj/transmitter_pca10040/nrf_drv_uart.o
                0x0000000000001818                nrf_drv_uart_init
 .text.nrf_gpiote_event_is_set
                0x00000000000018d8       0x2a Output/Debug/Obj/transmitter_pca10040/nrfx_gpiote.o
 .text.nrf_gpiote_event_clear
                0x0000000000001902       0x36 Output/Debug/Obj/transmitter_pca10040/nrfx_gpiote.o
 .text.nrf_gpiote_event_addr_get
                0x0000000000001938       0x1a Output/Debug/Obj/transmitter_pca10040/nrfx_gpiote.o
 *fill*         0x0000000000001952        0x2 
 .text.nrf_gpiote_int_is_enabled
                0x0000000000001954       0x18 Output/Debug/Obj/transmitter_pca10040/nrfx_gpiote.o
 .text.nrf_gpiote_event_pin_get
                0x000000000000196c       0x20 Output/Debug/Obj/transmitter_pca10040/nrfx_gpiote.o
 .text.nrf_gpiote_event_polarity_get
                0x000000000000198c       0x24 Output/Debug/Obj/transmitter_pca10040/nrfx_gpiote.o
 .text.nrf_gpio_pin_port_decode
                0x00000000000019b0       0x30 Output/Debug/Obj/transmitter_pca10040/nrfx_gpiote.o
 .text.nrf_gpio_cfg_sense_set
                0x00000000000019e0       0x5c Output/Debug/Obj/transmitter_pca10040/nrfx_gpiote.o
 .text.nrf_gpio_pin_sense_get
                0x0000000000001a3c       0x2c Output/Debug/Obj/transmitter_pca10040/nrfx_gpiote.o
 .text.nrf_gpio_latches_read_and_clear
                0x0000000000001a68       0x5c Output/Debug/Obj/transmitter_pca10040/nrfx_gpiote.o
 .text.nrf_gpio_pin_latch_clear
                0x0000000000001ac4       0x28 Output/Debug/Obj/transmitter_pca10040/nrfx_gpiote.o
 .text.nrf_gpio_pin_present_check
                0x0000000000001aec       0x40 Output/Debug/Obj/transmitter_pca10040/nrfx_gpiote.o
 .text.nrf_bitmask_bit_is_set
                0x0000000000001b2c       0x30 Output/Debug/Obj/transmitter_pca10040/nrfx_gpiote.o
 .text.channel_port_get
                0x0000000000001b5c       0x1c Output/Debug/Obj/transmitter_pca10040/nrfx_gpiote.o
 .text.channel_handler_get
                0x0000000000001b78       0x18 Output/Debug/Obj/transmitter_pca10040/nrfx_gpiote.o
 .text.port_handler_pin_get
                0x0000000000001b90       0x28 Output/Debug/Obj/transmitter_pca10040/nrfx_gpiote.o
 .text.port_handler_polarity_get
                0x0000000000001bb8       0x28 Output/Debug/Obj/transmitter_pca10040/nrfx_gpiote.o
 .text.latch_pending_read_and_check
                0x0000000000001be0       0x3e Output/Debug/Obj/transmitter_pca10040/nrfx_gpiote.o
 *fill*         0x0000000000001c1e        0x2 
 .text.port_event_handle
                0x0000000000001c20       0xe4 Output/Debug/Obj/transmitter_pca10040/nrfx_gpiote.o
 .text.GPIOTE_IRQHandler
                0x0000000000001d04      0x104 Output/Debug/Obj/transmitter_pca10040/nrfx_gpiote.o
                0x0000000000001d04                GPIOTE_IRQHandler
 .text.UARTE0_UART0_IRQHandler
                0x0000000000001e08       0x24 Output/Debug/Obj/transmitter_pca10040/nrfx_prs.o
                0x0000000000001e08                UARTE0_UART0_IRQHandler
 .text.prs_box_get
                0x0000000000001e2c       0x20 Output/Debug/Obj/transmitter_pca10040/nrfx_prs.o
 .text.nrfx_prs_acquire
                0x0000000000001e4c       0x74 Output/Debug/Obj/transmitter_pca10040/nrfx_prs.o
                0x0000000000001e4c                nrfx_prs_acquire
 .text.nrfx_prs_release
                0x0000000000001ec0       0x3c Output/Debug/Obj/transmitter_pca10040/nrfx_prs.o
                0x0000000000001ec0                nrfx_prs_release
 .text.__NVIC_EnableIRQ
                0x0000000000001efc       0x34 Output/Debug/Obj/transmitter_pca10040/nrfx_uart.o
 .text.__NVIC_DisableIRQ
                0x0000000000001f30       0x44 Output/Debug/Obj/transmitter_pca10040/nrfx_uart.o
 .text.__NVIC_SetPriority
                0x0000000000001f74       0x50 Output/Debug/Obj/transmitter_pca10040/nrfx_uart.o
 .text.nrfx_get_irq_number
                0x0000000000001fc4       0x10 Output/Debug/Obj/transmitter_pca10040/nrfx_uart.o
 .text._NRFX_IRQ_PRIORITY_SET
                0x0000000000001fd4       0x40 Output/Debug/Obj/transmitter_pca10040/nrfx_uart.o
 .text._NRFX_IRQ_ENABLE
                0x0000000000002014       0x1c Output/Debug/Obj/transmitter_pca10040/nrfx_uart.o
 .text._NRFX_IRQ_DISABLE
                0x0000000000002030       0x1c Output/Debug/Obj/transmitter_pca10040/nrfx_uart.o
 .text.nrf_uart_event_clear
                0x000000000000204c       0x2a Output/Debug/Obj/transmitter_pca10040/nrfx_uart.o
 .text.nrf_uart_event_check
                0x0000000000002076       0x24 Output/Debug/Obj/transmitter_pca10040/nrfx_uart.o
 .text.nrf_uart_int_enable
                0x000000000000209a       0x14 Output/Debug/Obj/transmitter_pca10040/nrfx_uart.o
 .text.nrf_uart_int_enable_check
                0x00000000000020ae       0x20 Output/Debug/Obj/transmitter_pca10040/nrfx_uart.o
 .text.nrf_uart_int_disable
                0x00000000000020ce       0x14 Output/Debug/Obj/transmitter_pca10040/nrfx_uart.o
 .text.nrf_uart_errorsrc_get_and_clear
                0x00000000000020e2       0x1c Output/Debug/Obj/transmitter_pca10040/nrfx_uart.o
 .text.nrf_uart_enable
                0x00000000000020fe       0x12 Output/Debug/Obj/transmitter_pca10040/nrfx_uart.o
 .text.nrf_uart_disable
                0x0000000000002110       0x12 Output/Debug/Obj/transmitter_pca10040/nrfx_uart.o
 .text.nrf_uart_txrx_pins_set
                0x0000000000002122       0x1e Output/Debug/Obj/transmitter_pca10040/nrfx_uart.o
 .text.nrf_uart_txrx_pins_disconnect
                0x0000000000002140       0x1c Output/Debug/Obj/transmitter_pca10040/nrfx_uart.o
 .text.nrf_uart_tx_pin_get
                0x000000000000215c       0x10 Output/Debug/Obj/transmitter_pca10040/nrfx_uart.o
 .text.nrf_uart_rx_pin_get
                0x000000000000216c       0x10 Output/Debug/Obj/transmitter_pca10040/nrfx_uart.o
 .text.nrf_uart_rts_pin_get
                0x000000000000217c       0x10 Output/Debug/Obj/transmitter_pca10040/nrfx_uart.o
 .text.nrf_uart_cts_pin_get
                0x000000000000218c       0x10 Output/Debug/Obj/transmitter_pca10040/nrfx_uart.o
 .text.nrf_uart_hwfc_pins_set
                0x000000000000219c       0x1e Output/Debug/Obj/transmitter_pca10040/nrfx_uart.o
 .text.nrf_uart_hwfc_pins_disconnect
                0x00000000000021ba       0x1c Output/Debug/Obj/transmitter_pca10040/nrfx_uart.o
 .text.nrf_uart_rxd_get
                0x00000000000021d6       0x12 Output/Debug/Obj/transmitter_pca10040/nrfx_uart.o
 .text.nrf_uart_txd_set
                0x00000000000021e8       0x1a Output/Debug/Obj/transmitter_pca10040/nrfx_uart.o
 .text.nrf_uart_task_trigger
                0x0000000000002202       0x1c Output/Debug/Obj/transmitter_pca10040/nrfx_uart.o
 .text.nrf_uart_configure
                0x000000000000221e       0x2a Output/Debug/Obj/transmitter_pca10040/nrfx_uart.o
 .text.nrf_uart_baudrate_set
                0x0000000000002248       0x14 Output/Debug/Obj/transmitter_pca10040/nrfx_uart.o
 .text.nrf_gpio_pin_port_decode
                0x000000000000225c       0x30 Output/Debug/Obj/transmitter_pca10040/nrfx_uart.o
 .text.nrf_gpio_cfg
                0x000000000000228c       0x62 Output/Debug/Obj/transmitter_pca10040/nrfx_uart.o
 .text.nrf_gpio_cfg_output
                0x00000000000022ee       0x22 Output/Debug/Obj/transmitter_pca10040/nrfx_uart.o
 .text.nrf_gpio_cfg_input
                0x0000000000002310       0x2a Output/Debug/Obj/transmitter_pca10040/nrfx_uart.o
 .text.nrf_gpio_cfg_default
                0x000000000000233a       0x22 Output/Debug/Obj/transmitter_pca10040/nrfx_uart.o
 .text.nrf_gpio_pin_set
                0x000000000000235c       0x28 Output/Debug/Obj/transmitter_pca10040/nrfx_uart.o
 .text.nrf_gpio_port_out_set
                0x0000000000002384       0x14 Output/Debug/Obj/transmitter_pca10040/nrfx_uart.o
 .text.nrf_gpio_pin_present_check
                0x0000000000002398       0x40 Output/Debug/Obj/transmitter_pca10040/nrfx_uart.o
 .text.apply_config
                0x00000000000023d8       0xc6 Output/Debug/Obj/transmitter_pca10040/nrfx_uart.o
 *fill*         0x000000000000249e        0x2 
 .text.interrupts_enable
                0x00000000000024a0       0x6c Output/Debug/Obj/transmitter_pca10040/nrfx_uart.o
 .text.interrupts_disable
                0x000000000000250c       0x30 Output/Debug/Obj/transmitter_pca10040/nrfx_uart.o
 .text.pins_to_default
                0x000000000000253c       0x8a Output/Debug/Obj/transmitter_pca10040/nrfx_uart.o
 *fill*         0x00000000000025c6        0x2 
 .text.nrfx_uart_init
                0x00000000000025c8       0xd4 Output/Debug/Obj/transmitter_pca10040/nrfx_uart.o
                0x00000000000025c8                nrfx_uart_init
 .text.nrfx_uart_uninit
                0x000000000000269c       0x5c Output/Debug/Obj/transmitter_pca10040/nrfx_uart.o
                0x000000000000269c                nrfx_uart_uninit
 .text.tx_byte  0x00000000000026f8       0x40 Output/Debug/Obj/transmitter_pca10040/nrfx_uart.o
 .text.tx_blocking
                0x0000000000002738       0x52 Output/Debug/Obj/transmitter_pca10040/nrfx_uart.o
 *fill*         0x000000000000278a        0x2 
 .text.nrfx_uart_tx
                0x000000000000278c      0x110 Output/Debug/Obj/transmitter_pca10040/nrfx_uart.o
                0x000000000000278c                nrfx_uart_tx
 .text.nrfx_uart_tx_in_progress
                0x000000000000289c       0x2c Output/Debug/Obj/transmitter_pca10040/nrfx_uart.o
                0x000000000000289c                nrfx_uart_tx_in_progress
 .text.rx_byte  0x00000000000028c8       0x4e Output/Debug/Obj/transmitter_pca10040/nrfx_uart.o
 .text.rx_done_event
                0x0000000000002916       0x2e Output/Debug/Obj/transmitter_pca10040/nrfx_uart.o
 .text.tx_done_event
                0x0000000000002944       0x34 Output/Debug/Obj/transmitter_pca10040/nrfx_uart.o
 .text.uart_irq_handler
                0x0000000000002978      0x1de Output/Debug/Obj/transmitter_pca10040/nrfx_uart.o
 *fill*         0x0000000000002b56        0x2 
 .text.nrfx_uart_0_irq_handler
                0x0000000000002b58       0x18 Output/Debug/Obj/transmitter_pca10040/nrfx_uart.o
                0x0000000000002b58                nrfx_uart_0_irq_handler
 .text.__NVIC_EnableIRQ
                0x0000000000002b70       0x34 Output/Debug/Obj/transmitter_pca10040/nrfx_uarte.o
 .text.__NVIC_DisableIRQ
                0x0000000000002ba4       0x44 Output/Debug/Obj/transmitter_pca10040/nrfx_uarte.o
 .text.__NVIC_SetPriority
                0x0000000000002be8       0x50 Output/Debug/Obj/transmitter_pca10040/nrfx_uarte.o
 .text.nrfx_is_in_ram
                0x0000000000002c38       0x1c Output/Debug/Obj/transmitter_pca10040/nrfx_uarte.o
 .text.nrfx_get_irq_number
                0x0000000000002c54       0x10 Output/Debug/Obj/transmitter_pca10040/nrfx_uarte.o
 .text._NRFX_IRQ_PRIORITY_SET
                0x0000000000002c64       0x40 Output/Debug/Obj/transmitter_pca10040/nrfx_uarte.o
 .text._NRFX_IRQ_ENABLE
                0x0000000000002ca4       0x1c Output/Debug/Obj/transmitter_pca10040/nrfx_uarte.o
 .text._NRFX_IRQ_DISABLE
                0x0000000000002cc0       0x1c Output/Debug/Obj/transmitter_pca10040/nrfx_uarte.o
 .text.nrf_uarte_event_clear
                0x0000000000002cdc       0x2a Output/Debug/Obj/transmitter_pca10040/nrfx_uarte.o
 .text.nrf_uarte_event_check
                0x0000000000002d06       0x24 Output/Debug/Obj/transmitter_pca10040/nrfx_uarte.o
 .text.nrf_uarte_shorts_disable
                0x0000000000002d2a       0x1e Output/Debug/Obj/transmitter_pca10040/nrfx_uarte.o
 .text.nrf_uarte_int_enable
                0x0000000000002d48       0x14 Output/Debug/Obj/transmitter_pca10040/nrfx_uarte.o
 .text.nrf_uarte_int_disable
                0x0000000000002d5c       0x14 Output/Debug/Obj/transmitter_pca10040/nrfx_uarte.o
 .text.nrf_uarte_errorsrc_get_and_clear
                0x0000000000002d70       0x1c Output/Debug/Obj/transmitter_pca10040/nrfx_uarte.o
 .text.nrf_uarte_enable
                0x0000000000002d8c       0x12 Output/Debug/Obj/transmitter_pca10040/nrfx_uarte.o
 .text.nrf_uarte_disable
                0x0000000000002d9e       0x12 Output/Debug/Obj/transmitter_pca10040/nrfx_uarte.o
 .text.nrf_uarte_txrx_pins_set
                0x0000000000002db0       0x1e Output/Debug/Obj/transmitter_pca10040/nrfx_uarte.o
 .text.nrf_uarte_txrx_pins_disconnect
                0x0000000000002dce       0x1c Output/Debug/Obj/transmitter_pca10040/nrfx_uarte.o
 .text.nrf_uarte_tx_pin_get
                0x0000000000002dea       0x10 Output/Debug/Obj/transmitter_pca10040/nrfx_uarte.o
 .text.nrf_uarte_rx_pin_get
                0x0000000000002dfa       0x10 Output/Debug/Obj/transmitter_pca10040/nrfx_uarte.o
 .text.nrf_uarte_rts_pin_get
                0x0000000000002e0a       0x10 Output/Debug/Obj/transmitter_pca10040/nrfx_uarte.o
 .text.nrf_uarte_cts_pin_get
                0x0000000000002e1a       0x10 Output/Debug/Obj/transmitter_pca10040/nrfx_uarte.o
 .text.nrf_uarte_hwfc_pins_set
                0x0000000000002e2a       0x1e Output/Debug/Obj/transmitter_pca10040/nrfx_uarte.o
 .text.nrf_uarte_hwfc_pins_disconnect
                0x0000000000002e48       0x1c Output/Debug/Obj/transmitter_pca10040/nrfx_uarte.o
 .text.nrf_uarte_task_trigger
                0x0000000000002e64       0x1c Output/Debug/Obj/transmitter_pca10040/nrfx_uarte.o
 .text.nrf_uarte_configure
                0x0000000000002e80       0x2a Output/Debug/Obj/transmitter_pca10040/nrfx_uarte.o
 .text.nrf_uarte_baudrate_set
                0x0000000000002eaa       0x14 Output/Debug/Obj/transmitter_pca10040/nrfx_uarte.o
 .text.nrf_uarte_tx_buffer_set
                0x0000000000002ebe       0x1e Output/Debug/Obj/transmitter_pca10040/nrfx_uarte.o
 .text.nrf_uarte_tx_amount_get
                0x0000000000002edc       0x10 Output/Debug/Obj/transmitter_pca10040/nrfx_uarte.o
 .text.nrf_uarte_rx_amount_get
                0x0000000000002eec       0x10 Output/Debug/Obj/transmitter_pca10040/nrfx_uarte.o
 .text.nrf_gpio_pin_port_decode
                0x0000000000002efc       0x30 Output/Debug/Obj/transmitter_pca10040/nrfx_uarte.o
 .text.nrf_gpio_cfg
                0x0000000000002f2c       0x62 Output/Debug/Obj/transmitter_pca10040/nrfx_uarte.o
 .text.nrf_gpio_cfg_output
                0x0000000000002f8e       0x22 Output/Debug/Obj/transmitter_pca10040/nrfx_uarte.o
 .text.nrf_gpio_cfg_input
                0x0000000000002fb0       0x2a Output/Debug/Obj/transmitter_pca10040/nrfx_uarte.o
 .text.nrf_gpio_cfg_default
                0x0000000000002fda       0x22 Output/Debug/Obj/transmitter_pca10040/nrfx_uarte.o
 .text.nrf_gpio_pin_set
                0x0000000000002ffc       0x28 Output/Debug/Obj/transmitter_pca10040/nrfx_uarte.o
 .text.nrf_gpio_port_out_set
                0x0000000000003024       0x14 Output/Debug/Obj/transmitter_pca10040/nrfx_uarte.o
 .text.nrf_gpio_pin_present_check
                0x0000000000003038       0x40 Output/Debug/Obj/transmitter_pca10040/nrfx_uarte.o
 .text.apply_config
                0x0000000000003078       0xc6 Output/Debug/Obj/transmitter_pca10040/nrfx_uarte.o
 *fill*         0x000000000000313e        0x2 
 .text.interrupts_enable
                0x0000000000003140       0x98 Output/Debug/Obj/transmitter_pca10040/nrfx_uarte.o
 .text.interrupts_disable
                0x00000000000031d8       0x30 Output/Debug/Obj/transmitter_pca10040/nrfx_uarte.o
 .text.pins_to_default
                0x0000000000003208       0x8a Output/Debug/Obj/transmitter_pca10040/nrfx_uarte.o
 *fill*         0x0000000000003292        0x2 
 .text.nrfx_uarte_init
                0x0000000000003294       0xcc Output/Debug/Obj/transmitter_pca10040/nrfx_uarte.o
                0x0000000000003294                nrfx_uarte_init
 .text.nrfx_uarte_uninit
                0x0000000000003360       0xc4 Output/Debug/Obj/transmitter_pca10040/nrfx_uarte.o
                0x0000000000003360                nrfx_uarte_uninit
 .text.nrfx_uarte_tx
                0x0000000000003424      0x17c Output/Debug/Obj/transmitter_pca10040/nrfx_uarte.o
                0x0000000000003424                nrfx_uarte_tx
 .text.nrfx_uarte_tx_in_progress
                0x00000000000035a0       0x30 Output/Debug/Obj/transmitter_pca10040/nrfx_uarte.o
                0x00000000000035a0                nrfx_uarte_tx_in_progress
 .text.rx_done_event
                0x00000000000035d0       0x2e Output/Debug/Obj/transmitter_pca10040/nrfx_uarte.o
 .text.tx_done_event
                0x00000000000035fe       0x34 Output/Debug/Obj/transmitter_pca10040/nrfx_uarte.o
 .text.uarte_irq_handler
                0x0000000000003632      0x18c Output/Debug/Obj/transmitter_pca10040/nrfx_uarte.o
 *fill*         0x00000000000037be        0x2 
 .text.nrfx_uarte_0_irq_handler
                0x00000000000037c0       0x18 Output/Debug/Obj/transmitter_pca10040/nrfx_uarte.o
                0x00000000000037c0                nrfx_uarte_0_irq_handler
 .text.swap_bits
                0x00000000000037d8       0x44 Output/Debug/Obj/transmitter_pca10040/radio_config.o
 .text.bytewise_bitswap
                0x000000000000381c       0x44 Output/Debug/Obj/transmitter_pca10040/radio_config.o
 .text.radio_configure
                0x0000000000003860      0x110 Output/Debug/Obj/transmitter_pca10040/radio_config.o
                0x0000000000003860                radio_configure
 .text.app_error_save_and_stop
                0x0000000000003970       0x98 Output/Debug/Obj/transmitter_pca10040/app_error.o
                0x0000000000003970                app_error_save_and_stop
 .text.app_error_handler
                0x0000000000003a08       0x1c Output/Debug/Obj/transmitter_pca10040/app_error_handler_gcc.o
                0x0000000000003a08                app_error_handler
 .text.app_error_fault_handler
                0x0000000000003a24      0x104 Output/Debug/Obj/transmitter_pca10040/app_error_weak.o
                0x0000000000003a24                app_error_fault_handler
 .text.get_now  0x0000000000003b28       0x64 Output/Debug/Obj/transmitter_pca10040/app_timer2.o
 .text.compare_func
                0x0000000000003b8c       0x3e Output/Debug/Obj/transmitter_pca10040/app_timer2.o
 *fill*         0x0000000000003bca        0x2 
 .text.timer_expire
                0x0000000000003bcc      0x10c Output/Debug/Obj/transmitter_pca10040/app_timer2.o
 .text.rtc_schedule
                0x0000000000003cd8       0xa8 Output/Debug/Obj/transmitter_pca10040/app_timer2.o
 .text.sortlist_pop
                0x0000000000003d80       0x1c Output/Debug/Obj/transmitter_pca10040/app_timer2.o
 .text.sortlist_peek
                0x0000000000003d9c       0x1c Output/Debug/Obj/transmitter_pca10040/app_timer2.o
 .text.sorted_list_stop_all
                0x0000000000003db8       0x2e Output/Debug/Obj/transmitter_pca10040/app_timer2.o
 *fill*         0x0000000000003de6        0x2 
 .text.on_overflow_evt
                0x0000000000003de8       0x1c Output/Debug/Obj/transmitter_pca10040/app_timer2.o
 .text.on_compare_evt
                0x0000000000003e04       0x58 Output/Debug/Obj/transmitter_pca10040/app_timer2.o
 .text.on_compare1_evt
                0x0000000000003e5c       0x20 Output/Debug/Obj/transmitter_pca10040/app_timer2.o
 .text.rtc_update
                0x0000000000003e7c       0xf4 Output/Debug/Obj/transmitter_pca10040/app_timer2.o
 .text.timer_req_process
                0x0000000000003f70       0xc4 Output/Debug/Obj/transmitter_pca10040/app_timer2.o
 .text.rtc_irq  0x0000000000004034       0x52 Output/Debug/Obj/transmitter_pca10040/app_timer2.o
 *fill*         0x0000000000004086        0x2 
 .text.timer_request_proc_trigger
                0x0000000000004088       0x10 Output/Debug/Obj/transmitter_pca10040/app_timer2.o
 .text.timer_req_schedule
                0x0000000000004098       0x58 Output/Debug/Obj/transmitter_pca10040/app_timer2.o
 .text.app_timer_init
                0x00000000000040f0       0x7c Output/Debug/Obj/transmitter_pca10040/app_timer2.o
                0x00000000000040f0                app_timer_init
 .text.app_timer_start
                0x000000000000416c       0xa0 Output/Debug/Obj/transmitter_pca10040/app_timer2.o
                0x000000000000416c                app_timer_start
 .text.app_timer_stop
                0x000000000000420c       0x7c Output/Debug/Obj/transmitter_pca10040/app_timer2.o
                0x000000000000420c                app_timer_stop
 .text.app_timer_cnt_diff_compute
                0x0000000000004288       0x16 Output/Debug/Obj/transmitter_pca10040/app_timer2.o
                0x0000000000004288                app_timer_cnt_diff_compute
 *fill*         0x000000000000429e        0x2 
 .text.app_timer_cnt_get
                0x00000000000042a0       0x14 Output/Debug/Obj/transmitter_pca10040/app_timer2.o
                0x00000000000042a0                app_timer_cnt_get
 .text.app_util_disable_irq
                0x00000000000042b4       0x18 Output/Debug/Obj/transmitter_pca10040/app_util_platform.o
                0x00000000000042b4                app_util_disable_irq
 .text.app_util_enable_irq
                0x00000000000042cc       0x20 Output/Debug/Obj/transmitter_pca10040/app_util_platform.o
                0x00000000000042cc                app_util_enable_irq
 .text.app_util_critical_region_enter
                0x00000000000042ec       0x28 Output/Debug/Obj/transmitter_pca10040/app_util_platform.o
                0x00000000000042ec                app_util_critical_region_enter
 .text.app_util_critical_region_exit
                0x0000000000004314       0x2c Output/Debug/Obj/transmitter_pca10040/app_util_platform.o
                0x0000000000004314                app_util_critical_region_exit
 .text.privilege_level_get
                0x0000000000004340       0x3a Output/Debug/Obj/transmitter_pca10040/app_util_platform.o
                0x0000000000004340                privilege_level_get
 *fill*         0x000000000000437a        0x2 
 .text.__NVIC_EnableIRQ
                0x000000000000437c       0x34 Output/Debug/Obj/transmitter_pca10040/drv_rtc.o
 .text.__NVIC_SetPendingIRQ
                0x00000000000043b0       0x38 Output/Debug/Obj/transmitter_pca10040/drv_rtc.o
 .text.__NVIC_SetPriority
                0x00000000000043e8       0x50 Output/Debug/Obj/transmitter_pca10040/drv_rtc.o
 .text._NRFX_IRQ_PRIORITY_SET
                0x0000000000004438       0x40 Output/Debug/Obj/transmitter_pca10040/drv_rtc.o
 .text._NRFX_IRQ_ENABLE
                0x0000000000004478       0x1c Output/Debug/Obj/transmitter_pca10040/drv_rtc.o
 .text.nrfx_coredep_delay_us
                0x0000000000004494       0x30 Output/Debug/Obj/transmitter_pca10040/drv_rtc.o
 .text.nrf_rtc_cc_set
                0x00000000000044c4       0x1c Output/Debug/Obj/transmitter_pca10040/drv_rtc.o
 .text.nrf_rtc_cc_get
                0x00000000000044e0       0x18 Output/Debug/Obj/transmitter_pca10040/drv_rtc.o
 .text.nrf_rtc_int_enable
                0x00000000000044f8       0x14 Output/Debug/Obj/transmitter_pca10040/drv_rtc.o
 .text.nrf_rtc_int_disable
                0x000000000000450c       0x14 Output/Debug/Obj/transmitter_pca10040/drv_rtc.o
 .text.nrf_rtc_event_pending
                0x0000000000004520       0x1a Output/Debug/Obj/transmitter_pca10040/drv_rtc.o
 .text.nrf_rtc_event_clear
                0x000000000000453a       0x2a Output/Debug/Obj/transmitter_pca10040/drv_rtc.o
 .text.nrf_rtc_counter_get
                0x0000000000004564       0x10 Output/Debug/Obj/transmitter_pca10040/drv_rtc.o
 .text.nrf_rtc_prescaler_set
                0x0000000000004574       0x30 Output/Debug/Obj/transmitter_pca10040/drv_rtc.o
 .text.nrf_rtc_task_trigger
                0x00000000000045a4       0x1e Output/Debug/Obj/transmitter_pca10040/drv_rtc.o
 .text.nrf_rtc_event_enable
                0x00000000000045c2       0x14 Output/Debug/Obj/transmitter_pca10040/drv_rtc.o
 .text.nrf_rtc_event_disable
                0x00000000000045d6       0x14 Output/Debug/Obj/transmitter_pca10040/drv_rtc.o
 *fill*         0x00000000000045ea        0x2 
 .text.drv_rtc_init
                0x00000000000045ec       0xfc Output/Debug/Obj/transmitter_pca10040/drv_rtc.o
                0x00000000000045ec                drv_rtc_init
 .text.drv_rtc_start
                0x00000000000046e8       0x2c Output/Debug/Obj/transmitter_pca10040/drv_rtc.o
                0x00000000000046e8                drv_rtc_start
 .text.drv_rtc_stop
                0x0000000000004714       0x2c Output/Debug/Obj/transmitter_pca10040/drv_rtc.o
                0x0000000000004714                drv_rtc_stop
 .text.drv_rtc_compare_set
                0x0000000000004740       0xa0 Output/Debug/Obj/transmitter_pca10040/drv_rtc.o
                0x0000000000004740                drv_rtc_compare_set
 .text.evt_enable
                0x00000000000047e0       0x48 Output/Debug/Obj/transmitter_pca10040/drv_rtc.o
 .text.evt_disable
                0x0000000000004828       0x3c Output/Debug/Obj/transmitter_pca10040/drv_rtc.o
 .text.evt_pending
                0x0000000000004864       0x54 Output/Debug/Obj/transmitter_pca10040/drv_rtc.o
 .text.ticks_sub
                0x00000000000048b8       0x16 Output/Debug/Obj/transmitter_pca10040/drv_rtc.o
 *fill*         0x00000000000048ce        0x2 
 .text.drv_rtc_windowed_compare_set
                0x00000000000048d0      0x174 Output/Debug/Obj/transmitter_pca10040/drv_rtc.o
                0x00000000000048d0                drv_rtc_windowed_compare_set
 .text.drv_rtc_overflow_enable
                0x0000000000004a44       0x22 Output/Debug/Obj/transmitter_pca10040/drv_rtc.o
                0x0000000000004a44                drv_rtc_overflow_enable
 .text.drv_rtc_overflow_pending
                0x0000000000004a66       0x1a Output/Debug/Obj/transmitter_pca10040/drv_rtc.o
                0x0000000000004a66                drv_rtc_overflow_pending
 .text.drv_rtc_compare_disable
                0x0000000000004a80       0x22 Output/Debug/Obj/transmitter_pca10040/drv_rtc.o
                0x0000000000004a80                drv_rtc_compare_disable
 .text.drv_rtc_compare_pending
                0x0000000000004aa2       0x2a Output/Debug/Obj/transmitter_pca10040/drv_rtc.o
                0x0000000000004aa2                drv_rtc_compare_pending
 .text.drv_rtc_compare_get
                0x0000000000004acc       0x1e Output/Debug/Obj/transmitter_pca10040/drv_rtc.o
                0x0000000000004acc                drv_rtc_compare_get
 .text.drv_rtc_counter_get
                0x0000000000004aea       0x1a Output/Debug/Obj/transmitter_pca10040/drv_rtc.o
                0x0000000000004aea                drv_rtc_counter_get
 .text.drv_rtc_irq_trigger
                0x0000000000004b04       0x1a Output/Debug/Obj/transmitter_pca10040/drv_rtc.o
                0x0000000000004b04                drv_rtc_irq_trigger
 *fill*         0x0000000000004b1e        0x2 
 .text.RTC1_IRQHandler
                0x0000000000004b20       0x1c Output/Debug/Obj/transmitter_pca10040/drv_rtc.o
                0x0000000000004b20                RTC1_IRQHandler
 .text.assert_nrf_callback
                0x0000000000004b3c       0x2c Output/Debug/Obj/transmitter_pca10040/nrf_assert.o
                0x0000000000004b3c                assert_nrf_callback
 .text.nrf_atfifo_wspace_req
                0x0000000000004b68       0x54 Output/Debug/Obj/transmitter_pca10040/nrf_atfifo.o
 .text.nrf_atfifo_wspace_close
                0x0000000000004bbc       0x20 Output/Debug/Obj/transmitter_pca10040/nrf_atfifo.o
 .text.nrf_atfifo_rspace_req
                0x0000000000004bdc       0x56 Output/Debug/Obj/transmitter_pca10040/nrf_atfifo.o
 .text.nrf_atfifo_rspace_close
                0x0000000000004c32       0x20 Output/Debug/Obj/transmitter_pca10040/nrf_atfifo.o
 .text.nrf_atfifo_init
                0x0000000000004c52       0x66 Output/Debug/Obj/transmitter_pca10040/nrf_atfifo.o
                0x0000000000004c52                nrf_atfifo_init
 .text.nrf_atfifo_item_alloc
                0x0000000000004cb8       0x32 Output/Debug/Obj/transmitter_pca10040/nrf_atfifo.o
                0x0000000000004cb8                nrf_atfifo_item_alloc
 .text.nrf_atfifo_item_put
                0x0000000000004cea       0x28 Output/Debug/Obj/transmitter_pca10040/nrf_atfifo.o
                0x0000000000004cea                nrf_atfifo_item_put
 .text.nrf_atfifo_item_get
                0x0000000000004d12       0x32 Output/Debug/Obj/transmitter_pca10040/nrf_atfifo.o
                0x0000000000004d12                nrf_atfifo_item_get
 .text.nrf_atfifo_item_free
                0x0000000000004d44       0x28 Output/Debug/Obj/transmitter_pca10040/nrf_atfifo.o
                0x0000000000004d44                nrf_atfifo_item_free
 .text.nrf_atomic_u32_fetch_store
                0x0000000000004d6c       0x2e Output/Debug/Obj/transmitter_pca10040/nrf_atomic.o
                0x0000000000004d6c                nrf_atomic_u32_fetch_store
 .text.nrf_atomic_u32_or
                0x0000000000004d9a       0x30 Output/Debug/Obj/transmitter_pca10040/nrf_atomic.o
                0x0000000000004d9a                nrf_atomic_u32_or
 .text.nrf_atomic_u32_fetch_and
                0x0000000000004dca       0x30 Output/Debug/Obj/transmitter_pca10040/nrf_atomic.o
                0x0000000000004dca                nrf_atomic_u32_fetch_and
 .text.nrf_atomic_u32_add
                0x0000000000004dfa       0x30 Output/Debug/Obj/transmitter_pca10040/nrf_atomic.o
                0x0000000000004dfa                nrf_atomic_u32_add
 .text.nrf_atomic_u32_sub
                0x0000000000004e2a       0x30 Output/Debug/Obj/transmitter_pca10040/nrf_atomic.o
                0x0000000000004e2a                nrf_atomic_u32_sub
 .text.nrf_atomic_flag_set
                0x0000000000004e5a       0x18 Output/Debug/Obj/transmitter_pca10040/nrf_atomic.o
                0x0000000000004e5a                nrf_atomic_flag_set
 .text.nrf_atomic_flag_clear_fetch
                0x0000000000004e72       0x18 Output/Debug/Obj/transmitter_pca10040/nrf_atomic.o
                0x0000000000004e72                nrf_atomic_flag_clear_fetch
 *fill*         0x0000000000004e8a        0x2 
 .text.nrf_balloc_idx2block
                0x0000000000004e8c       0x38 Output/Debug/Obj/transmitter_pca10040/nrf_balloc.o
 .text.nrf_balloc_block2idx
                0x0000000000004ec4       0x34 Output/Debug/Obj/transmitter_pca10040/nrf_balloc.o
 .text.nrf_balloc_init
                0x0000000000004ef8       0xb8 Output/Debug/Obj/transmitter_pca10040/nrf_balloc.o
                0x0000000000004ef8                nrf_balloc_init
 .text.nrf_balloc_alloc
                0x0000000000004fb0       0x84 Output/Debug/Obj/transmitter_pca10040/nrf_balloc.o
                0x0000000000004fb0                nrf_balloc_alloc
 .text.nrf_balloc_free
                0x0000000000005034       0x58 Output/Debug/Obj/transmitter_pca10040/nrf_balloc.o
                0x0000000000005034                nrf_balloc_free
 .text.nrf_fprintf_buffer_flush
                0x000000000000508c       0x44 Output/Debug/Obj/transmitter_pca10040/nrf_fprintf.o
                0x000000000000508c                nrf_fprintf_buffer_flush
 .text.nrf_fprintf
                0x00000000000050d0       0x74 Output/Debug/Obj/transmitter_pca10040/nrf_fprintf.o
                0x00000000000050d0                nrf_fprintf
 .text.buffer_add
                0x0000000000005144       0x4c Output/Debug/Obj/transmitter_pca10040/nrf_fprintf_format.o
 .text.string_print
                0x0000000000005190       0xc2 Output/Debug/Obj/transmitter_pca10040/nrf_fprintf_format.o
 *fill*         0x0000000000005252        0x2 
 .text.unsigned_print
                0x0000000000005254      0x130 Output/Debug/Obj/transmitter_pca10040/nrf_fprintf_format.o
 .text.int_print
                0x0000000000005384      0x11c Output/Debug/Obj/transmitter_pca10040/nrf_fprintf_format.o
 .text.nrf_fprintf_fmt
                0x00000000000054a0      0x388 Output/Debug/Obj/transmitter_pca10040/nrf_fprintf_format.o
                0x00000000000054a0                nrf_fprintf_fmt
 .text.nrf_memobj_pool_init
                0x0000000000005828       0x16 Output/Debug/Obj/transmitter_pca10040/nrf_memobj.o
                0x0000000000005828                nrf_memobj_pool_init
 .text.nrf_memobj_alloc
                0x000000000000583e       0xae Output/Debug/Obj/transmitter_pca10040/nrf_memobj.o
                0x000000000000583e                nrf_memobj_alloc
 .text.nrf_memobj_free
                0x00000000000058ec       0x74 Output/Debug/Obj/transmitter_pca10040/nrf_memobj.o
                0x00000000000058ec                nrf_memobj_free
 .text.nrf_memobj_get
                0x0000000000005960       0x1e Output/Debug/Obj/transmitter_pca10040/nrf_memobj.o
                0x0000000000005960                nrf_memobj_get
 .text.nrf_memobj_put
                0x000000000000597e       0x34 Output/Debug/Obj/transmitter_pca10040/nrf_memobj.o
                0x000000000000597e                nrf_memobj_put
 *fill*         0x00000000000059b2        0x2 
 .text.memobj_op
                0x00000000000059b4      0x124 Output/Debug/Obj/transmitter_pca10040/nrf_memobj.o
 .text.nrf_memobj_write
                0x0000000000005ad8       0x3c Output/Debug/Obj/transmitter_pca10040/nrf_memobj.o
                0x0000000000005ad8                nrf_memobj_write
 .text.nrf_memobj_read
                0x0000000000005b14       0x40 Output/Debug/Obj/transmitter_pca10040/nrf_memobj.o
                0x0000000000005b14                nrf_memobj_read
 .text.nrf_ringbuf_init
                0x0000000000005b54       0x3a Output/Debug/Obj/transmitter_pca10040/nrf_ringbuf.o
                0x0000000000005b54                nrf_ringbuf_init
 *fill*         0x0000000000005b8e        0x2 
 .text.nrf_sortlist_add
                0x0000000000005b90       0x74 Output/Debug/Obj/transmitter_pca10040/nrf_sortlist.o
                0x0000000000005b90                nrf_sortlist_add
 .text.nrf_sortlist_pop
                0x0000000000005c04       0x44 Output/Debug/Obj/transmitter_pca10040/nrf_sortlist.o
                0x0000000000005c04                nrf_sortlist_pop
 .text.nrf_sortlist_peek
                0x0000000000005c48       0x28 Output/Debug/Obj/transmitter_pca10040/nrf_sortlist.o
                0x0000000000005c48                nrf_sortlist_peek
 .text.nrf_sortlist_remove
                0x0000000000005c70       0x6c Output/Debug/Obj/transmitter_pca10040/nrf_sortlist.o
                0x0000000000005c70                nrf_sortlist_remove
 .text.nrf_strerror_get
                0x0000000000005cdc       0x28 Output/Debug/Obj/transmitter_pca10040/nrf_strerror.o
                0x0000000000005cdc                nrf_strerror_get
 .text.nrf_strerror_find
                0x0000000000005d04       0x68 Output/Debug/Obj/transmitter_pca10040/nrf_strerror.o
                0x0000000000005d04                nrf_strerror_find
 .text.nrf_log_backend_serial_put
                0x0000000000005d6c      0x124 Output/Debug/Obj/transmitter_pca10040/nrf_log_backend_serial.o
                0x0000000000005d6c                nrf_log_backend_serial_put
 .text.nrf_drv_uart_uninit
                0x0000000000005e90       0x44 Output/Debug/Obj/transmitter_pca10040/nrf_log_backend_uart.o
 .text.nrf_drv_uart_tx
                0x0000000000005ed4       0x64 Output/Debug/Obj/transmitter_pca10040/nrf_log_backend_uart.o
 .text.uart_evt_handler
                0x0000000000005f38       0x18 Output/Debug/Obj/transmitter_pca10040/nrf_log_backend_uart.o
 .text.uart_init
                0x0000000000005f50       0x88 Output/Debug/Obj/transmitter_pca10040/nrf_log_backend_uart.o
 .text.nrf_log_backend_uart_init
                0x0000000000005fd8       0x1c Output/Debug/Obj/transmitter_pca10040/nrf_log_backend_uart.o
                0x0000000000005fd8                nrf_log_backend_uart_init
 .text.serial_tx
                0x0000000000005ff4       0x6c Output/Debug/Obj/transmitter_pca10040/nrf_log_backend_uart.o
 .text.nrf_log_backend_uart_put
                0x0000000000006060       0x28 Output/Debug/Obj/transmitter_pca10040/nrf_log_backend_uart.o
 .text.nrf_log_backend_uart_flush
                0x0000000000006088        0xa Output/Debug/Obj/transmitter_pca10040/nrf_log_backend_uart.o
 *fill*         0x0000000000006092        0x2 
 .text.nrf_log_backend_uart_panic_set
                0x0000000000006094       0x20 Output/Debug/Obj/transmitter_pca10040/nrf_log_backend_uart.o
 .text.nrf_log_backend_enable
                0x00000000000060b4       0x12 Output/Debug/Obj/transmitter_pca10040/nrf_log_default_backends.o
 *fill*         0x00000000000060c6        0x2 
 .text.nrf_log_default_backends_init
                0x00000000000060c8       0x3c Output/Debug/Obj/transmitter_pca10040/nrf_log_default_backends.o
                0x00000000000060c8                nrf_log_default_backends_init
 .text.nrf_log_backend_put
                0x0000000000006104       0x1c Output/Debug/Obj/transmitter_pca10040/nrf_log_frontend.o
 .text.nrf_log_backend_panic_set
                0x0000000000006120       0x18 Output/Debug/Obj/transmitter_pca10040/nrf_log_frontend.o
 .text.nrf_log_backend_flush
                0x0000000000006138       0x18 Output/Debug/Obj/transmitter_pca10040/nrf_log_frontend.o
 .text.nrf_log_backend_id_set
                0x0000000000006150       0x1a Output/Debug/Obj/transmitter_pca10040/nrf_log_frontend.o
 .text.nrf_log_backend_id_get
                0x000000000000616a       0x10 Output/Debug/Obj/transmitter_pca10040/nrf_log_frontend.o
 .text.nrf_log_backend_enable
                0x000000000000617a       0x12 Output/Debug/Obj/transmitter_pca10040/nrf_log_frontend.o
 .text.nrf_log_backend_is_enabled
                0x000000000000618c       0x10 Output/Debug/Obj/transmitter_pca10040/nrf_log_frontend.o
 .text.nrf_log_init
                0x000000000000619c       0x50 Output/Debug/Obj/transmitter_pca10040/nrf_log_frontend.o
                0x000000000000619c                nrf_log_init
 .text.nrf_log_module_cnt_get
                0x00000000000061ec       0x14 Output/Debug/Obj/transmitter_pca10040/nrf_log_frontend.o
                0x00000000000061ec                nrf_log_module_cnt_get
 .text.module_idx_get
                0x0000000000006200       0x64 Output/Debug/Obj/transmitter_pca10040/nrf_log_frontend.o
 .text.nrf_log_module_name_get
                0x0000000000006264       0x40 Output/Debug/Obj/transmitter_pca10040/nrf_log_frontend.o
                0x0000000000006264                nrf_log_module_name_get
 .text.nrf_log_color_id_get
                0x00000000000062a4       0x70 Output/Debug/Obj/transmitter_pca10040/nrf_log_frontend.o
                0x00000000000062a4                nrf_log_color_id_get
 .text.invalid_packets_omit
                0x0000000000006314       0x6e Output/Debug/Obj/transmitter_pca10040/nrf_log_frontend.o
 *fill*         0x0000000000006382        0x2 
 .text.log_skip
                0x0000000000006384      0x118 Output/Debug/Obj/transmitter_pca10040/nrf_log_frontend.o
 .text.dropped_sat16_get
                0x000000000000649c       0x28 Output/Debug/Obj/transmitter_pca10040/nrf_log_frontend.o
 .text.std_header_set
                0x00000000000064c4       0xb4 Output/Debug/Obj/transmitter_pca10040/nrf_log_frontend.o
 .text.log_pending_hook
                0x0000000000006578        0x4 Output/Debug/Obj/transmitter_pca10040/nrf_log_frontend.o
                0x0000000000006578                log_pending_hook
 .text.buf_prealloc
                0x000000000000657c      0x128 Output/Debug/Obj/transmitter_pca10040/nrf_log_frontend.o
 .text.std_n    0x00000000000066a4       0x94 Output/Debug/Obj/transmitter_pca10040/nrf_log_frontend.o
 .text.nrf_log_frontend_std_0
                0x0000000000006738       0x1c Output/Debug/Obj/transmitter_pca10040/nrf_log_frontend.o
                0x0000000000006738                nrf_log_frontend_std_0
 .text.nrf_log_frontend_std_1
                0x0000000000006754       0x22 Output/Debug/Obj/transmitter_pca10040/nrf_log_frontend.o
                0x0000000000006754                nrf_log_frontend_std_1
 .text.nrf_log_frontend_std_2
                0x0000000000006776       0x28 Output/Debug/Obj/transmitter_pca10040/nrf_log_frontend.o
                0x0000000000006776                nrf_log_frontend_std_2
 .text.nrf_log_frontend_std_5
                0x000000000000679e       0x34 Output/Debug/Obj/transmitter_pca10040/nrf_log_frontend.o
                0x000000000000679e                nrf_log_frontend_std_5
 *fill*         0x00000000000067d2        0x2 
 .text.buffer_is_empty
                0x00000000000067d4       0x1c Output/Debug/Obj/transmitter_pca10040/nrf_log_frontend.o
                0x00000000000067d4                buffer_is_empty
 .text.nrf_log_frontend_dequeue
                0x00000000000067f0      0x3a0 Output/Debug/Obj/transmitter_pca10040/nrf_log_frontend.o
                0x00000000000067f0                nrf_log_frontend_dequeue
 .text.backend_id_assign
                0x0000000000006b90       0x68 Output/Debug/Obj/transmitter_pca10040/nrf_log_frontend.o
 .text.nrf_log_backend_add
                0x0000000000006bf8       0x70 Output/Debug/Obj/transmitter_pca10040/nrf_log_frontend.o
                0x0000000000006bf8                nrf_log_backend_add
 .text.nrf_log_panic
                0x0000000000006c68       0x3c Output/Debug/Obj/transmitter_pca10040/nrf_log_frontend.o
                0x0000000000006c68                nrf_log_panic
 .text.timestamp_print
                0x0000000000006ca4        0xc Output/Debug/Obj/transmitter_pca10040/nrf_log_str_formatter.o
 .text.prefix_process
                0x0000000000006cb0       0xb0 Output/Debug/Obj/transmitter_pca10040/nrf_log_str_formatter.o
 .text.postfix_process
                0x0000000000006d60       0x60 Output/Debug/Obj/transmitter_pca10040/nrf_log_str_formatter.o
 .text.nrf_log_std_entry_process
                0x0000000000006dc0      0x144 Output/Debug/Obj/transmitter_pca10040/nrf_log_str_formatter.o
                0x0000000000006dc0                nrf_log_std_entry_process
 .text.nrf_log_hexdump_entry_process
                0x0000000000006f04       0xf0 Output/Debug/Obj/transmitter_pca10040/nrf_log_str_formatter.o
                0x0000000000006f04                nrf_log_hexdump_entry_process
 .text._DoInit  0x0000000000006ff4       0x9c Output/Debug/Obj/transmitter_pca10040/SEGGER_RTT.o
 .text._WriteBlocking
                0x0000000000007090       0xb2 Output/Debug/Obj/transmitter_pca10040/SEGGER_RTT.o
 .text._WriteNoCheck
                0x0000000000007142       0x7e Output/Debug/Obj/transmitter_pca10040/SEGGER_RTT.o
 .text._GetAvailWriteSpace
                0x00000000000071c0       0x3c Output/Debug/Obj/transmitter_pca10040/SEGGER_RTT.o
 .text.SEGGER_RTT_WriteNoLock
                0x00000000000071fc       0xa0 Output/Debug/Obj/transmitter_pca10040/SEGGER_RTT.o
                0x00000000000071fc                SEGGER_RTT_WriteNoLock
 .text.SEGGER_RTT_Write
                0x000000000000729c       0x3c Output/Debug/Obj/transmitter_pca10040/SEGGER_RTT.o
                0x000000000000729c                SEGGER_RTT_Write
 .text.libc.__aeabi_uldivmod
                0x00000000000072d8      0x130 C:/Program Files/SEGGER/SEGGER Embedded Studio for ARM 7.10/lib/libc_v7em_fpv4_sp_d16_hard_t_le_eabi_balanced.a(intasmops_arm.o)
                0x00000000000072d8                __aeabi_uldivmod
 .text.libc.__SEGGER_RTL_current_locale
                0x0000000000007408       0x1a C:/Program Files/SEGGER/SEGGER Embedded Studio for ARM 7.10/lib/libc_v7em_fpv4_sp_d16_hard_t_le_eabi_balanced.a(mbops.o)
                0x0000000000007408                __SEGGER_RTL_current_locale
 .text.libc.__SEGGER_RTL_ascii_mbtowc
                0x0000000000007422       0x30 C:/Program Files/SEGGER/SEGGER Embedded Studio for ARM 7.10/lib/libc_v7em_fpv4_sp_d16_hard_t_le_eabi_balanced.a(mbops.o)
                0x0000000000007422                __SEGGER_RTL_ascii_mbtowc
 .text.libc.__SEGGER_RTL_ascii_wctomb
                0x0000000000007452        0xe C:/Program Files/SEGGER/SEGGER Embedded Studio for ARM 7.10/lib/libc_v7em_fpv4_sp_d16_hard_t_le_eabi_balanced.a(mbops.o)
                0x0000000000007452                __SEGGER_RTL_ascii_wctomb
 .text.libc.__SEGGER_RTL_isctype
                0x0000000000007460       0x20 C:/Program Files/SEGGER/SEGGER Embedded Studio for ARM 7.10/lib/libc_v7em_fpv4_sp_d16_hard_t_le_eabi_balanced.a(mbops.o)
 .text.libc.isprint
                0x0000000000007480        0x6 C:/Program Files/SEGGER/SEGGER Embedded Studio for ARM 7.10/lib/libc_v7em_fpv4_sp_d16_hard_t_le_eabi_balanced.a(mbops.o)
                0x0000000000007480                isprint
 .text.libc.__SEGGER_RTL_ascii_isctype
                0x0000000000007486       0x20 C:/Program Files/SEGGER/SEGGER Embedded Studio for ARM 7.10/lib/libc_v7em_fpv4_sp_d16_hard_t_le_eabi_balanced.a(mbops.o)
 .text.libc.__SEGGER_RTL_ascii_toupper
                0x00000000000074a6        0xc C:/Program Files/SEGGER/SEGGER Embedded Studio for ARM 7.10/lib/libc_v7em_fpv4_sp_d16_hard_t_le_eabi_balanced.a(mbops.o)
 .text.libc.__SEGGER_RTL_ascii_tolower
                0x00000000000074b2        0xc C:/Program Files/SEGGER/SEGGER Embedded Studio for ARM 7.10/lib/libc_v7em_fpv4_sp_d16_hard_t_le_eabi_balanced.a(mbops.o)
 .text.libc.__SEGGER_RTL_ascii_iswctype
                0x00000000000074be       0x20 C:/Program Files/SEGGER/SEGGER Embedded Studio for ARM 7.10/lib/libc_v7em_fpv4_sp_d16_hard_t_le_eabi_balanced.a(mbops.o)
 .text.libc.__SEGGER_RTL_ascii_towupper
                0x00000000000074de        0xc C:/Program Files/SEGGER/SEGGER Embedded Studio for ARM 7.10/lib/libc_v7em_fpv4_sp_d16_hard_t_le_eabi_balanced.a(mbops.o)
 .text.libc.__SEGGER_RTL_ascii_towlower
                0x00000000000074ea        0xc C:/Program Files/SEGGER/SEGGER Embedded Studio for ARM 7.10/lib/libc_v7em_fpv4_sp_d16_hard_t_le_eabi_balanced.a(mbops.o)
 *fill*         0x00000000000074f6        0x2 
 .text.libc.strlen
                0x00000000000074f8       0x60 C:/Program Files/SEGGER/SEGGER Embedded Studio for ARM 7.10/lib/libc_v7em_fpv4_sp_d16_hard_t_le_eabi_balanced.a(strasmops_arm.o)
                0x00000000000074f8                strlen
 .text.libc.memcpy
                0x0000000000007558       0x64 C:/Program Files/SEGGER/SEGGER Embedded Studio for ARM 7.10/lib/libc_v7em_fpv4_sp_d16_hard_t_le_eabi_balanced.a(strasmops_arm.o)
                0x0000000000007558                __aeabi_memcpy
                0x0000000000007558                memcpy
                0x000000000000757a                __aeabi_memcpy8
                0x000000000000757a                __aeabi_memcpy4
 .text.libc.__aeabi_memclr
                0x00000000000075bc       0x68 C:/Program Files/SEGGER/SEGGER Embedded Studio for ARM 7.10/lib/libc_v7em_fpv4_sp_d16_hard_t_le_eabi_balanced.a(strasmops_arm.o)
                0x00000000000075bc                __aeabi_memclr8
                0x00000000000075bc                __aeabi_memclr
                0x00000000000075bc                __aeabi_memclr4
                0x00000000000075be                __aeabi_memset4
                0x00000000000075be                __aeabi_memset8
                0x00000000000075be                __aeabi_memset
                0x00000000000075c4                memset
 .text.libc.strnlen
                0x0000000000007624       0x4c C:/Program Files/SEGGER/SEGGER Embedded Studio for ARM 7.10/lib/libc_v7em_fpv4_sp_d16_hard_t_le_eabi_balanced.a(strops.o)
                0x0000000000007624                strnlen
 .text.libc.__SEGGER_RTL_putc
                0x0000000000007670       0x84 C:/Program Files/SEGGER/SEGGER Embedded Studio for ARM 7.10/lib/libc_v7em_fpv4_sp_d16_hard_t_le_eabi_balanced.a(prinops.o)
                0x0000000000007670                __SEGGER_RTL_putc
 .text.libc.__SEGGER_RTL_prin_flush
                0x00000000000076f4       0x1c C:/Program Files/SEGGER/SEGGER Embedded Studio for ARM 7.10/lib/libc_v7em_fpv4_sp_d16_hard_t_le_eabi_balanced.a(prinops.o)
                0x00000000000076f4                __SEGGER_RTL_prin_flush
 .text.libc.__SEGGER_RTL_print_padding
                0x0000000000007710       0x1e C:/Program Files/SEGGER/SEGGER Embedded Studio for ARM 7.10/lib/libc_v7em_fpv4_sp_d16_hard_t_le_eabi_balanced.a(prinops.o)
                0x0000000000007710                __SEGGER_RTL_print_padding
 .text.libc.__SEGGER_RTL_pre_padding
                0x000000000000772e       0x12 C:/Program Files/SEGGER/SEGGER Embedded Studio for ARM 7.10/lib/libc_v7em_fpv4_sp_d16_hard_t_le_eabi_balanced.a(prinops.o)
                0x000000000000772e                __SEGGER_RTL_pre_padding
 .text.libc.vfprintf
                0x0000000000007740       0x1c C:/Program Files/SEGGER/SEGGER Embedded Studio for ARM 7.10/lib/libc_v7em_fpv4_sp_d16_hard_t_le_eabi_balanced.a(prinops.o)
                0x0000000000007740                vfprintf
 .text.libc.vfprintf_l
                0x000000000000775c       0x6c C:/Program Files/SEGGER/SEGGER Embedded Studio for ARM 7.10/lib/libc_v7em_fpv4_sp_d16_hard_t_le_eabi_balanced.a(prinops.o)
                0x000000000000775c                vfprintf_l
 .text.libc.__SEGGER_RTL_stream_write
                0x00000000000077c8        0xa C:/Program Files/SEGGER/SEGGER Embedded Studio for ARM 7.10/lib/libc_v7em_fpv4_sp_d16_hard_t_le_eabi_balanced.a(prinops.o)
 .text.libc.printf
                0x00000000000077d2       0x2c C:/Program Files/SEGGER/SEGGER Embedded Studio for ARM 7.10/lib/libc_v7em_fpv4_sp_d16_hard_t_le_eabi_balanced.a(prinops.o)
                0x00000000000077d2                printf
 *fill*         0x00000000000077fe        0x2 
 .text.libc.__SEGGER_RTL_vfprintf_long
                0x0000000000007800      0x544 C:/Program Files/SEGGER/SEGGER Embedded Studio for ARM 7.10/lib/libc_v7em_fpv4_sp_d16_hard_t_le_eabi_balanced.a(__SEGGER_RTL_vfprintf_long.o)
                0x0000000000007800                __SEGGER_RTL_vfprintf_long
 .text.libc.fwrite
                0x0000000000007d44       0x2e C:/Program Files/SEGGER/SEGGER Embedded Studio for ARM 7.10/lib/libc_v7em_fpv4_sp_d16_hard_t_le_eabi_balanced.a(fileops.o)
                0x0000000000007d44                fwrite
 *fill*         0x0000000000007d72        0x2 
 .text.libc.__SEGGER_RTL_X_file_stat
                0x0000000000007d74       0x30 C:/Program Files/SEGGER/SEGGER Embedded Studio for ARM 7.10/lib/prinops_rtt_v7em_fpv4_sp_d16_hard_t_le_eabi_balanced.a(prinops_rtt.o)
                0x0000000000007d74                __SEGGER_RTL_X_file_stat
 .text.libc.__SEGGER_RTL_X_file_bufsize
                0x0000000000007da4        0x4 C:/Program Files/SEGGER/SEGGER Embedded Studio for ARM 7.10/lib/prinops_rtt_v7em_fpv4_sp_d16_hard_t_le_eabi_balanced.a(prinops_rtt.o)
                0x0000000000007da4                __SEGGER_RTL_X_file_bufsize
 .text.libc.__SEGGER_RTL_X_file_write
                0x0000000000007da8        0x8 C:/Program Files/SEGGER/SEGGER Embedded Studio for ARM 7.10/lib/prinops_rtt_v7em_fpv4_sp_d16_hard_t_le_eabi_balanced.a(prinops_rtt.o)
                0x0000000000007da8                __SEGGER_RTL_X_file_write
 .text.libc.__SEGGER_RTL_init_heap
                0x0000000000007db0       0x14 C:/Program Files/SEGGER/SEGGER Embedded Studio for ARM 7.10/lib/heapops_basic_v7em_fpv4_sp_d16_hard_t_le_eabi_balanced.a(heapops_basic.o)
                0x0000000000007db0                __SEGGER_RTL_init_heap
                0x0000000000007dc4                __text_end__ = (__text_start__ + SIZEOF (.text))
                0x00000000000079f8                __text_size__ = SIZEOF (.text)
                0x0000000000007dc4                __text_load_end__ = __text_end__

.vfp11_veneer   0x0000000100000000        0x0
 .vfp11_veneer  0x0000000100000000        0x0 linker stubs

.v4_bx          0x0000000100000000        0x0
 .v4_bx         0x0000000100000000        0x0 linker stubs

.iplt           0x0000000100000000        0x0
 .iplt          0x0000000100000000        0x0 Output/Debug/Obj/transmitter_pca10040/main.o
                0x0000000000000001                . = ASSERT (((__text_start__ == __text_end__) || ((__text_end__ - __FLASH1_segment_start__) <= __FLASH1_segment_size__)), error: .text is too large to fit in FLASH1 memory segment)
                0x0000000000007dc4                __log_const_data_load_start__ = ALIGN (__text_end__, 0x4)

.log_const_data
                0x0000000000007dc4       0x40
                0x0000000000007dc4                __log_const_data_start__ = .
                0x0000000000007dc4                __start_log_const_data = __log_const_data_start__
 *(SORT_BY_NAME(.log_const_data*))
 .log_const_data_GPIOTE
                0x0000000000007dc4        0x8 Output/Debug/Obj/transmitter_pca10040/nrfx_gpiote.o
                0x0000000000007dc4                m_nrf_log_GPIOTE_logs_data_const
 .log_const_data_PRS
                0x0000000000007dcc        0x8 Output/Debug/Obj/transmitter_pca10040/nrfx_prs.o
                0x0000000000007dcc                m_nrf_log_PRS_logs_data_const
 .log_const_data_UART
                0x0000000000007dd4        0x8 Output/Debug/Obj/transmitter_pca10040/nrfx_uart.o
                0x0000000000007dd4                m_nrf_log_UART_logs_data_const
 .log_const_data_UARTE
                0x0000000000007ddc        0x8 Output/Debug/Obj/transmitter_pca10040/nrfx_uarte.o
                0x0000000000007ddc                m_nrf_log_UARTE_logs_data_const
 .log_const_data_app
                0x0000000000007de4        0x8 Output/Debug/Obj/transmitter_pca10040/nrf_log_frontend.o
                0x0000000000007de4                m_nrf_log_app_logs_data_const
 .log_const_data_app_button
                0x0000000000007dec        0x8 Output/Debug/Obj/transmitter_pca10040/app_button.o
                0x0000000000007dec                m_nrf_log_app_button_logs_data_const
 .log_const_data_app_timer
                0x0000000000007df4        0x8 Output/Debug/Obj/transmitter_pca10040/app_timer2.o
                0x0000000000007df4                m_nrf_log_app_timer_logs_data_const
 .log_const_data_sortlist
                0x0000000000007dfc        0x8 Output/Debug/Obj/transmitter_pca10040/nrf_sortlist.o
                0x0000000000007dfc                m_nrf_log_sortlist_logs_data_const
                0x0000000000007e04                __log_const_data_end__ = (__log_const_data_start__ + SIZEOF (.log_const_data))
                0x0000000000000040                __log_const_data_size__ = SIZEOF (.log_const_data)
                0x0000000000007e04                __stop_log_const_data = __log_const_data_end__
                0x0000000000007e04                __log_const_data_load_end__ = __log_const_data_end__
                0x0000000000000001                . = ASSERT (((__log_const_data_start__ == __log_const_data_end__) || ((__log_const_data_end__ - __FLASH1_segment_start__) <= __FLASH1_segment_size__)), error: .log_const_data is too large to fit in FLASH1 memory segment)
                0x0000000000007e04                __log_backends_load_start__ = ALIGN (__log_const_data_end__, 0x4)

.log_backends   0x0000000000007e04       0x10
                0x0000000000007e04                __log_backends_start__ = .
                0x0000000000007e04                __start_log_backends = __log_backends_start__
 *(SORT_BY_NAME(.log_backends*))
 .log_backends  0x0000000000007e04       0x10 Output/Debug/Obj/transmitter_pca10040/nrf_log_default_backends.o
                0x0000000000007e14                __log_backends_end__ = (__log_backends_start__ + SIZEOF (.log_backends))
                0x0000000000000010                __log_backends_size__ = SIZEOF (.log_backends)
                0x0000000000007e14                __stop_log_backends = __log_backends_end__
                0x0000000000007e14                __log_backends_load_end__ = __log_backends_end__
                0x0000000000000001                . = ASSERT (((__log_backends_start__ == __log_backends_end__) || ((__log_backends_end__ - __FLASH1_segment_start__) <= __FLASH1_segment_size__)), error: .log_backends is too large to fit in FLASH1 memory segment)
                0x0000000000007e14                __nrf_balloc_load_start__ = ALIGN (__log_backends_end__, 0x4)

.nrf_balloc     0x0000000000007e14       0x14
                0x0000000000007e14                __nrf_balloc_start__ = .
                0x0000000000007e14                __start_nrf_balloc = __nrf_balloc_start__
 *(.nrf_balloc*)
 .nrf_balloc    0x0000000000007e14       0x14 Output/Debug/Obj/transmitter_pca10040/nrf_log_frontend.o
                0x0000000000007e14                log_mempool
                0x0000000000007e28                __nrf_balloc_end__ = (__nrf_balloc_start__ + SIZEOF (.nrf_balloc))
                0x0000000000000014                __nrf_balloc_size__ = SIZEOF (.nrf_balloc)
                0x0000000000007e28                __stop_nrf_balloc = __nrf_balloc_end__
                0x0000000000007e28                __nrf_balloc_load_end__ = __nrf_balloc_end__
                0x0000000000000001                . = ASSERT (((__nrf_balloc_start__ == __nrf_balloc_end__) || ((__nrf_balloc_end__ - __FLASH1_segment_start__) <= __FLASH1_segment_size__)), error: .nrf_balloc is too large to fit in FLASH1 memory segment)
                0x0000000000007e28                __nrf_sections_load_start__ = ALIGN (__nrf_balloc_end__, 0x4)

.nrf_sections   0x0000000000007e28        0x0
                0x0000000000007e28                __nrf_sections_start__ = .
                0x0000000000007e28                __start_nrf_sections = __nrf_sections_start__
 *(.nrf_sections .nrf_sections.*)
                0x0000000000007e28                __nrf_sections_end__ = (__nrf_sections_start__ + SIZEOF (.nrf_sections))
                0x0000000000000000                __nrf_sections_size__ = SIZEOF (.nrf_sections)
                0x0000000000007e28                __nrf_sections_load_end__ = __nrf_sections_end__
                0x0000000000000001                . = ASSERT (((__nrf_sections_start__ == __nrf_sections_end__) || ((__nrf_sections_end__ - __FLASH1_segment_start__) <= __FLASH1_segment_size__)), error: .nrf_sections is too large to fit in FLASH1 memory segment)
                0x0000000000007e28                __log_dynamic_data_load_start__ = ALIGN (__nrf_sections_end__, 0x4)

.log_dynamic_data
                0x0000000020000000        0x0 load address 0x0000000000007e28
                0x0000000020000000                __log_dynamic_data_start__ = .
 *(SORT_BY_NAME(.log_dynamic_data*))
                0x0000000020000000                __log_dynamic_data_end__ = (__log_dynamic_data_start__ + SIZEOF (.log_dynamic_data))
                0x0000000000000000                __log_dynamic_data_size__ = SIZEOF (.log_dynamic_data)
                0x0000000000007e28                __log_dynamic_data_load_end__ = (__log_dynamic_data_load_start__ + SIZEOF (.log_dynamic_data))
                0x0000000000000001                . = ASSERT (((__log_dynamic_data_load_start__ == __log_dynamic_data_load_end__) || ((__log_dynamic_data_load_end__ - __FLASH1_segment_start__) <= __FLASH1_segment_size__)), error: .log_dynamic_data is too large to fit in FLASH1 memory segment)

.log_dynamic_data_run
                0x0000000020000000        0x0
                0x0000000020000000                __log_dynamic_data_run_start__ = .
                0x0000000020000000                __start_log_dynamic_data = __log_dynamic_data_run_start__
                0x0000000020000000                __log_dynamic_data_run_end__ = (__log_dynamic_data_run_start__ + SIZEOF (.log_dynamic_data))
                0x0000000000000000                __log_dynamic_data_run_size__ = (__log_dynamic_data_run_end__ - __log_dynamic_data_run_start__)
                0x0000000020000000                __stop_log_dynamic_data = __log_dynamic_data_run_end__
                0x0000000020000000                __log_dynamic_data_run_load_end__ = __log_dynamic_data_run_end__
                0x0000000000000001                . = ASSERT (((__log_dynamic_data_run_start__ == __log_dynamic_data_run_end__) || ((__log_dynamic_data_run_end__ - __RAM1_segment_start__) <= __RAM1_segment_size__)), error: .log_dynamic_data_run is too large to fit in RAM1 memory segment)
                0x0000000000007e28                __log_filter_data_load_start__ = ALIGN ((__log_dynamic_data_load_start__ + SIZEOF (.log_dynamic_data)), 0x4)

.log_filter_data
                0x0000000020000000        0x0 load address 0x0000000000007e28
                0x0000000020000000                __log_filter_data_start__ = .
 *(SORT_BY_NAME(.log_filter_data*))
                0x0000000020000000                __log_filter_data_end__ = (__log_filter_data_start__ + SIZEOF (.log_filter_data))
                0x0000000000000000                __log_filter_data_size__ = SIZEOF (.log_filter_data)
                0x0000000000007e28                __log_filter_data_load_end__ = (__log_filter_data_load_start__ + SIZEOF (.log_filter_data))
                0x0000000000000001                . = ASSERT (((__log_filter_data_load_start__ == __log_filter_data_load_end__) || ((__log_filter_data_load_end__ - __FLASH1_segment_start__) <= __FLASH1_segment_size__)), error: .log_filter_data is too large to fit in FLASH1 memory segment)

.log_filter_data_run
                0x0000000020000000        0x0
                0x0000000020000000                __log_filter_data_run_start__ = .
                0x0000000020000000                __start_log_filter_data = __log_filter_data_run_start__
                0x0000000020000000                __log_filter_data_run_end__ = (__log_filter_data_run_start__ + SIZEOF (.log_filter_data))
                0x0000000000000000                __log_filter_data_run_size__ = (__log_filter_data_run_end__ - __log_filter_data_run_start__)
                0x0000000020000000                __stop_log_filter_data = __log_filter_data_run_end__
                0x0000000020000000                __log_filter_data_run_load_end__ = __log_filter_data_run_end__
                0x0000000000000001                . = ASSERT (((__log_filter_data_run_start__ == __log_filter_data_run_end__) || ((__log_filter_data_run_end__ - __RAM1_segment_start__) <= __RAM1_segment_size__)), error: .log_filter_data_run is too large to fit in RAM1 memory segment)
                0x0000000020000000                __nrf_sections_run_end_load_start__ = ALIGN (__log_filter_data_run_end__, 0x4)

.nrf_sections_run_end
                0x0000000020000000        0x0
                0x0000000020000000                __nrf_sections_run_end_start__ = .
                0x0000000020000000                __end_nrf_sections_run = __nrf_sections_run_end_start__
 *(.nrf_sections_run_end .nrf_sections_run_end.*)
                0x0000000020000000                __nrf_sections_run_end_end__ = (__nrf_sections_run_end_start__ + SIZEOF (.nrf_sections_run_end))
                0x0000000000000000                __nrf_sections_run_end_size__ = SIZEOF (.nrf_sections_run_end)
                0x0000000020000000                __nrf_sections_run_end_load_end__ = __nrf_sections_run_end_end__
                0x0000000000000001                . = ASSERT (((__nrf_sections_run_end_start__ == __nrf_sections_run_end_end__) || ((__nrf_sections_run_end_end__ - __RAM1_segment_start__) <= __RAM1_segment_size__)), error: .nrf_sections_run_end is too large to fit in RAM1 memory segment)
                0x0000000000007e28                __dtors_load_start__ = ALIGN ((__log_filter_data_load_start__ + SIZEOF (.log_filter_data)), 0x4)

.dtors          0x0000000000007e28        0x0
                0x0000000000007e28                __dtors_start__ = .
 *(SORT_BY_NAME(.dtors.*))
 *(.dtors)
 *(.fini_array)
 *(SORT_BY_NAME(.fini_array.*))
                0x0000000000007e28                __dtors_end__ = (__dtors_start__ + SIZEOF (.dtors))
                0x0000000000000000                __dtors_size__ = SIZEOF (.dtors)
                0x0000000000007e28                __dtors_load_end__ = __dtors_end__
                0x0000000000000001                . = ASSERT (((__dtors_start__ == __dtors_end__) || ((__dtors_end__ - __FLASH1_segment_start__) <= __FLASH1_segment_size__)), error: .dtors is too large to fit in FLASH1 memory segment)
                0x0000000000007e28                __ctors_load_start__ = ALIGN (__dtors_end__, 0x4)

.ctors          0x0000000000007e28        0x0
                0x0000000000007e28                __ctors_start__ = .
 *(SORT_BY_NAME(.ctors.*))
 *(.ctors)
 *(.init_array)
 *(SORT_BY_NAME(.init_array.*))
                0x0000000000007e28                __ctors_end__ = (__ctors_start__ + SIZEOF (.ctors))
                0x0000000000000000                __ctors_size__ = SIZEOF (.ctors)
                0x0000000000007e28                __ctors_load_end__ = __ctors_end__
                0x0000000000000001                . = ASSERT (((__ctors_start__ == __ctors_end__) || ((__ctors_end__ - __FLASH1_segment_start__) <= __FLASH1_segment_size__)), error: .ctors is too large to fit in FLASH1 memory segment)
                0x0000000000007e28                __rodata_load_start__ = ALIGN (__ctors_end__, 0x4)

.rodata         0x0000000000007e28     0x1514
                0x0000000000007e28                __rodata_start__ = .
 *(.rodata .rodata.* .gnu.linkonce.r.*)
 .rodata        0x0000000000007e28      0x107 Output/Debug/Obj/transmitter_pca10040/main.o
 *fill*         0x0000000000007f2f        0x1 
 .rodata        0x0000000000007f30       0xa7 Output/Debug/Obj/transmitter_pca10040/boards.o
 *fill*         0x0000000000007fd7        0x1 
 .rodata.m_board_led_list
                0x0000000000007fd8        0x4 Output/Debug/Obj/transmitter_pca10040/boards.o
 .rodata        0x0000000000007fdc       0xef Output/Debug/Obj/transmitter_pca10040/nrfx_gpiote.o
 *fill*         0x00000000000080cb        0x1 
 .rodata        0x00000000000080cc       0x84 Output/Debug/Obj/transmitter_pca10040/nrfx_prs.o
 .rodata        0x0000000000008150       0xed Output/Debug/Obj/transmitter_pca10040/nrfx_uart.o
 *fill*         0x000000000000823d        0x3 
 .rodata.irq_handlers.0
                0x0000000000008240        0x4 Output/Debug/Obj/transmitter_pca10040/nrfx_uart.o
 .rodata        0x0000000000008244       0xee Output/Debug/Obj/transmitter_pca10040/nrfx_uarte.o
 *fill*         0x0000000000008332        0x2 
 .rodata.irq_handlers.0
                0x0000000000008334        0x4 Output/Debug/Obj/transmitter_pca10040/nrfx_uarte.o
 .rodata        0x0000000000008338       0x8d Output/Debug/Obj/transmitter_pca10040/app_button.o
 *fill*         0x00000000000083c5        0x3 
 .rodata        0x00000000000083c8       0x70 Output/Debug/Obj/transmitter_pca10040/app_error_weak.o
 .rodata        0x0000000000008438       0x90 Output/Debug/Obj/transmitter_pca10040/app_timer2.o
 .rodata.m_app_timer_sortlist
                0x00000000000084c8        0xc Output/Debug/Obj/transmitter_pca10040/app_timer2.o
 .rodata        0x00000000000084d4       0x86 Output/Debug/Obj/transmitter_pca10040/app_util_platform.o
 *fill*         0x000000000000855a        0x2 
 .rodata        0x000000000000855c      0x130 Output/Debug/Obj/transmitter_pca10040/drv_rtc.o
 *fill*         0x000000000000868c        0x4 
 .rodata.delay_machine_code.0
                0x0000000000008690        0x6 Output/Debug/Obj/transmitter_pca10040/drv_rtc.o
 *fill*         0x0000000000008696        0x2 
 .rodata        0x0000000000008698       0x81 Output/Debug/Obj/transmitter_pca10040/nrf_balloc.o
 *fill*         0x0000000000008719        0x3 
 .rodata        0x000000000000871c       0x77 Output/Debug/Obj/transmitter_pca10040/nrf_fprintf.o
 *fill*         0x0000000000008793        0x1 
 .rodata        0x0000000000008794       0x7e Output/Debug/Obj/transmitter_pca10040/nrf_fprintf_format.o
 *fill*         0x0000000000008812        0x2 
 .rodata._aV2C.0
                0x0000000000008814       0x10 Output/Debug/Obj/transmitter_pca10040/nrf_fprintf_format.o
 .rodata        0x0000000000008824       0x81 Output/Debug/Obj/transmitter_pca10040/nrf_memobj.o
 *fill*         0x00000000000088a5        0x3 
 .rodata        0x00000000000088a8       0x91 Output/Debug/Obj/transmitter_pca10040/nrf_sortlist.o
 *fill*         0x0000000000008939        0x3 
 .rodata.m_unknown_str
                0x000000000000893c       0x13 Output/Debug/Obj/transmitter_pca10040/nrf_strerror.o
 *fill*         0x000000000000894f        0x1 
 .rodata        0x0000000000008950      0x3bd Output/Debug/Obj/transmitter_pca10040/nrf_strerror.o
 *fill*         0x0000000000008d0d        0x3 
 .rodata.nrf_strerror_array
                0x0000000000008d10      0x118 Output/Debug/Obj/transmitter_pca10040/nrf_strerror.o
 .rodata        0x0000000000008e28       0xac Output/Debug/Obj/transmitter_pca10040/nrf_log_backend_uart.o
 .rodata.nrf_log_backend_uart_api
                0x0000000000008ed4        0xc Output/Debug/Obj/transmitter_pca10040/nrf_log_backend_uart.o
                0x0000000000008ed4                nrf_log_backend_uart_api
 .rodata        0x0000000000008ee0       0xa4 Output/Debug/Obj/transmitter_pca10040/nrf_log_default_backends.o
 .rodata.m_log_push_ringbuf
                0x0000000000008f84        0xc Output/Debug/Obj/transmitter_pca10040/nrf_log_frontend.o
 .rodata        0x0000000000008f90       0x9d Output/Debug/Obj/transmitter_pca10040/nrf_log_frontend.o
 *fill*         0x000000000000902d        0x3 
 .rodata        0x0000000000009030       0xaa Output/Debug/Obj/transmitter_pca10040/nrf_log_str_formatter.o
 *fill*         0x00000000000090da        0x2 
 .rodata        0x00000000000090dc       0x17 Output/Debug/Obj/transmitter_pca10040/SEGGER_RTT.o
 *fill*         0x00000000000090f3        0x1 
 .rodata.libc.__SEGGER_RTL_c_locale
                0x00000000000090f4        0xc C:/Program Files/SEGGER/SEGGER Embedded Studio for ARM 7.10/lib/libc_v7em_fpv4_sp_d16_hard_t_le_eabi_balanced.a(mbops.o)
                0x00000000000090f4                __SEGGER_RTL_c_locale
 .rodata.libc..L.str
                0x0000000000009100        0x2 C:/Program Files/SEGGER/SEGGER Embedded Studio for ARM 7.10/lib/libc_v7em_fpv4_sp_d16_hard_t_le_eabi_balanced.a(mbops.o)
 *fill*         0x0000000000009102        0x2 
 .rodata.libc.__SEGGER_RTL_codeset_ascii
                0x0000000000009104       0x20 C:/Program Files/SEGGER/SEGGER Embedded Studio for ARM 7.10/lib/libc_v7em_fpv4_sp_d16_hard_t_le_eabi_balanced.a(mbops.o)
                0x0000000000009104                __SEGGER_RTL_codeset_ascii
 .rodata.libc.__SEGGER_RTL_c_locale_abbrev_day_names
                0x0000000000009124       0x1d C:/Program Files/SEGGER/SEGGER Embedded Studio for ARM 7.10/lib/libc_v7em_fpv4_sp_d16_hard_t_le_eabi_balanced.a(mbops.o)
                0x0000000000009124                __SEGGER_RTL_c_locale_abbrev_day_names
 .rodata.libc.__SEGGER_RTL_c_locale_abbrev_month_names
                0x0000000000009141       0x31 C:/Program Files/SEGGER/SEGGER Embedded Studio for ARM 7.10/lib/libc_v7em_fpv4_sp_d16_hard_t_le_eabi_balanced.a(mbops.o)
                0x0000000000009141                __SEGGER_RTL_c_locale_abbrev_month_names
 .rodata.libc.__SEGGER_RTL_data_utf8_period
                0x0000000000009172        0x2 C:/Program Files/SEGGER/SEGGER Embedded Studio for ARM 7.10/lib/libc_v7em_fpv4_sp_d16_hard_t_le_eabi_balanced.a(mbops.o)
                0x0000000000009172                __SEGGER_RTL_data_utf8_period
 .rodata.libc.__SEGGER_RTL_data_empty_string
                0x0000000000009174        0x1 C:/Program Files/SEGGER/SEGGER Embedded Studio for ARM 7.10/lib/libc_v7em_fpv4_sp_d16_hard_t_le_eabi_balanced.a(mbops.o)
                0x0000000000009174                __SEGGER_RTL_data_empty_string
 .rodata.libc.__SEGGER_RTL_c_locale_day_names
                0x0000000000009175       0x3a C:/Program Files/SEGGER/SEGGER Embedded Studio for ARM 7.10/lib/libc_v7em_fpv4_sp_d16_hard_t_le_eabi_balanced.a(mbops.o)
 .rodata.libc.__SEGGER_RTL_c_locale_month_names
                0x00000000000091af       0x57 C:/Program Files/SEGGER/SEGGER Embedded Studio for ARM 7.10/lib/libc_v7em_fpv4_sp_d16_hard_t_le_eabi_balanced.a(mbops.o)
 .rodata.libc.__SEGGER_RTL_c_locale_am_pm_indicator
                0x0000000000009206        0x7 C:/Program Files/SEGGER/SEGGER Embedded Studio for ARM 7.10/lib/libc_v7em_fpv4_sp_d16_hard_t_le_eabi_balanced.a(mbops.o)
 .rodata.libc.__SEGGER_RTL_c_locale_date_format
                0x000000000000920d        0x9 C:/Program Files/SEGGER/SEGGER Embedded Studio for ARM 7.10/lib/libc_v7em_fpv4_sp_d16_hard_t_le_eabi_balanced.a(mbops.o)
 .rodata.libc.__SEGGER_RTL_c_locale_time_format
                0x0000000000009216        0x9 C:/Program Files/SEGGER/SEGGER Embedded Studio for ARM 7.10/lib/libc_v7em_fpv4_sp_d16_hard_t_le_eabi_balanced.a(mbops.o)
 .rodata.libc.__SEGGER_RTL_c_locale_date_time_format
                0x000000000000921f        0xf C:/Program Files/SEGGER/SEGGER Embedded Studio for ARM 7.10/lib/libc_v7em_fpv4_sp_d16_hard_t_le_eabi_balanced.a(mbops.o)
 *fill*         0x000000000000922e        0x2 
 .rodata.libc.__SEGGER_RTL_c_locale_data
                0x0000000000009230       0x58 C:/Program Files/SEGGER/SEGGER Embedded Studio for ARM 7.10/lib/libc_v7em_fpv4_sp_d16_hard_t_le_eabi_balanced.a(mbops.o)
                0x0000000000009230                __SEGGER_RTL_c_locale_data
 .rodata.libc.__SEGGER_RTL_ascii_ctype_map
                0x0000000000009288       0x80 C:/Program Files/SEGGER/SEGGER Embedded Studio for ARM 7.10/lib/libc_v7em_fpv4_sp_d16_hard_t_le_eabi_balanced.a(mbops.o)
 .rodata.libc.__SEGGER_RTL_ascii_ctype_mask
                0x0000000000009308        0xd C:/Program Files/SEGGER/SEGGER Embedded Studio for ARM 7.10/lib/libc_v7em_fpv4_sp_d16_hard_t_le_eabi_balanced.a(mbops.o)
 .rodata.libc.__SEGGER_RTL_hex_uc
                0x0000000000009315       0x10 C:/Program Files/SEGGER/SEGGER Embedded Studio for ARM 7.10/lib/libc_v7em_fpv4_sp_d16_hard_t_le_eabi_balanced.a(prinops.o)
                0x0000000000009315                __SEGGER_RTL_hex_uc
 .rodata.libc.__SEGGER_RTL_hex_lc
                0x0000000000009325       0x10 C:/Program Files/SEGGER/SEGGER Embedded Studio for ARM 7.10/lib/libc_v7em_fpv4_sp_d16_hard_t_le_eabi_balanced.a(prinops.o)
                0x0000000000009325                __SEGGER_RTL_hex_lc
 .rodata.libc..L.str
                0x0000000000009335        0x7 C:/Program Files/SEGGER/SEGGER Embedded Studio for ARM 7.10/lib/libc_v7em_fpv4_sp_d16_hard_t_le_eabi_balanced.a(__SEGGER_RTL_vfprintf_long.o)
                0x000000000000933c                __rodata_end__ = (__rodata_start__ + SIZEOF (.rodata))
                0x0000000000001514                __rodata_size__ = SIZEOF (.rodata)
                0x000000000000933c                __rodata_load_end__ = __rodata_end__

.rel.dyn        0x000000000000933c        0x0
 .rel.iplt      0x000000000000933c        0x0 Output/Debug/Obj/transmitter_pca10040/main.o
                0x0000000000000001                . = ASSERT (((__rodata_start__ == __rodata_end__) || ((__rodata_end__ - __FLASH1_segment_start__) <= __FLASH1_segment_size__)), error: .rodata is too large to fit in FLASH1 memory segment)
                0x000000000000933c                __ARM.exidx_load_start__ = ALIGN (__rodata_end__, 0x4)

.ARM.exidx      0x000000000000933c        0x0
                0x000000000000933c                __ARM.exidx_start__ = .
                0x000000000000933c                __exidx_start = __ARM.exidx_start__
 *(.ARM.exidx .ARM.exidx.*)
                0x000000000000933c                __ARM.exidx_end__ = (__ARM.exidx_start__ + SIZEOF (.ARM.exidx))
                0x0000000000000000                __ARM.exidx_size__ = SIZEOF (.ARM.exidx)
                0x000000000000933c                __exidx_end = __ARM.exidx_end__
                0x000000000000933c                __ARM.exidx_load_end__ = __ARM.exidx_end__
                0x0000000000000001                . = ASSERT (((__ARM.exidx_start__ == __ARM.exidx_end__) || ((__ARM.exidx_end__ - __FLASH1_segment_start__) <= __FLASH1_segment_size__)), error: .ARM.exidx is too large to fit in FLASH1 memory segment)
                0x000000000000933c                __fast_load_start__ = ALIGN (__ARM.exidx_end__, 0x4)

.fast           0x0000000020000000        0x0 load address 0x000000000000933c
                0x0000000020000000                __fast_start__ = .
 *(.fast .fast.*)
                0x0000000020000000                __fast_end__ = (__fast_start__ + SIZEOF (.fast))
                0x0000000000000000                __fast_size__ = SIZEOF (.fast)
                0x000000000000933c                __fast_load_end__ = (__fast_load_start__ + SIZEOF (.fast))
                0x0000000000000001                . = ASSERT (((__fast_load_start__ == __fast_load_end__) || ((__fast_load_end__ - __FLASH1_segment_start__) <= __FLASH1_segment_size__)), error: .fast is too large to fit in FLASH1 memory segment)

.fast_run       0x0000000020000000        0x0
                0x0000000020000000                __fast_run_start__ = .
                0x0000000020000000                __fast_run_end__ = (__fast_run_start__ + SIZEOF (.fast))
                0x0000000000000000                __fast_run_size__ = (__fast_run_end__ - __fast_run_start__)
                0x0000000020000000                __fast_run_load_end__ = __fast_run_end__
                0x0000000000000001                . = ASSERT (((__fast_run_start__ == __fast_run_end__) || ((__fast_run_end__ - __RAM1_segment_start__) <= __RAM1_segment_size__)), error: .fast_run is too large to fit in RAM1 memory segment)
                0x000000000000933c                __data_load_start__ = ALIGN ((__fast_load_start__ + SIZEOF (.fast)), 0x4)

.data           0x0000000020000000       0xc4 load address 0x000000000000933c
                0x0000000020000000                __data_start__ = .
 *(.data .data.* .gnu.linkonce.d.*)
 .data.m_bsp_leds_tmr_data
                0x0000000020000000       0x20 Output/Debug/Obj/transmitter_pca10040/bsp.o
 .data.m_bsp_alert_tmr_data
                0x0000000020000020       0x20 Output/Debug/Obj/transmitter_pca10040/bsp.o
 .data.SystemCoreClock
                0x0000000020000040        0x4 Output/Debug/Obj/transmitter_pca10040/system_nrf52.o
                0x0000000020000040                SystemCoreClock
 .data.m_rtc_inst
                0x0000000020000044        0x8 Output/Debug/Obj/transmitter_pca10040/app_timer2.o
 .data.m_uart   0x000000002000004c       0x14 Output/Debug/Obj/transmitter_pca10040/nrf_log_backend_uart.o
                0x000000002000004c                m_uart
 .data.log_backend_cb_uart_log_backend