Archive member included to satisfy reference by file (symbol)

C:/Program Files/SEGGER/SEGGER Embedded Studio for ARM 7.10/lib/libc_v7em_fpv4_sp_d16_hard_t_le_eabi_balanced.a(intasmops_arm.o)
                              Output/Release/Obj/transmitter_pca10100/bsp.o (__aeabi_ldivmod)
C:/Program Files/SEGGER/SEGGER Embedded Studio for ARM 7.10/lib/libc_v7em_fpv4_sp_d16_hard_t_le_eabi_balanced.a(mbops.o)
                              Output/Release/Obj/transmitter_pca10100/nrf_log_str_formatter.o (isprint)
C:/Program Files/SEGGER/SEGGER Embedded Studio for ARM 7.10/lib/libc_v7em_fpv4_sp_d16_hard_t_le_eabi_balanced.a(sortops.o)
                              C:/Program Files/SEGGER/SEGGER Embedded Studio for ARM 7.10/lib/libc_v7em_fpv4_sp_d16_hard_t_le_eabi_balanced.a(mbops.o) (bsearch)
C:/Program Files/SEGGER/SEGGER Embedded Studio for ARM 7.10/lib/libc_v7em_fpv4_sp_d16_hard_t_le_eabi_balanced.a(strasmops_arm.o)
                              Output/Release/Obj/transmitter_pca10100/SEGGER_RTT.o (strcpy)
C:/Program Files/SEGGER/SEGGER Embedded Studio for ARM 7.10/lib/libc_v7em_fpv4_sp_d16_hard_t_le_eabi_balanced.a(strops.o)
                              C:/Program Files/SEGGER/SEGGER Embedded Studio for ARM 7.10/lib/libc_v7em_fpv4_sp_d16_hard_t_le_eabi_balanced.a(mbops.o) (strcat)
C:/Program Files/SEGGER/SEGGER Embedded Studio for ARM 7.10/lib/libc_v7em_fpv4_sp_d16_hard_t_le_eabi_balanced.a(timeops.o)
                              C:/Program Files/SEGGER/SEGGER Embedded Studio for ARM 7.10/lib/libc_v7em_fpv4_sp_d16_hard_t_le_eabi_balanced.a(mbops.o) (__SEGGER_RTL_string_list_encode)
C:/Program Files/SEGGER/SEGGER Embedded Studio for ARM 7.10/lib/libc_v7em_fpv4_sp_d16_hard_t_le_eabi_balanced.a(prinops.o)
                              Output/Release/Obj/transmitter_pca10100/main.o (printf)
C:/Program Files/SEGGER/SEGGER Embedded Studio for ARM 7.10/lib/libc_v7em_fpv4_sp_d16_hard_t_le_eabi_balanced.a(__SEGGER_RTL_vfprintf_long.o)
                              (__SEGGER_RTL_vfprintf_long)
C:/Program Files/SEGGER/SEGGER Embedded Studio for ARM 7.10/lib/libc_v7em_fpv4_sp_d16_hard_t_le_eabi_balanced.a(__SEGGER_RTL_vfscanf_long.o)
                              (__SEGGER_RTL_vfscanf_long)
C:/Program Files/SEGGER/SEGGER Embedded Studio for ARM 7.10/lib/libc_v7em_fpv4_sp_d16_hard_t_le_eabi_balanced.a(errno.o)
                              C:/Program Files/SEGGER/SEGGER Embedded Studio for ARM 7.10/lib/libc_v7em_fpv4_sp_d16_hard_t_le_eabi_balanced.a(mbops.o) (__aeabi_errno_addr)
C:/Program Files/SEGGER/SEGGER Embedded Studio for ARM 7.10/lib/libc_v7em_fpv4_sp_d16_hard_t_le_eabi_balanced.a(execops.o)
                              C:/Program Files/SEGGER/SEGGER Embedded Studio for ARM 7.10/lib/libc_v7em_fpv4_sp_d16_hard_t_le_eabi_balanced.a(strops.o) (__SEGGER_RTL_constraint_violation)
C:/Program Files/SEGGER/SEGGER Embedded Studio for ARM 7.10/lib/libc_v7em_fpv4_sp_d16_hard_t_le_eabi_balanced.a(execops_arm.o)
                              C:/Program Files/SEGGER/SEGGER Embedded Studio for ARM 7.10/lib/libc_v7em_fpv4_sp_d16_hard_t_le_eabi_balanced.a(execops.o) (__aeabi_SIGABRT)
C:/Program Files/SEGGER/SEGGER Embedded Studio for ARM 7.10/lib/libc_v7em_fpv4_sp_d16_hard_t_le_eabi_balanced.a(fileops.o)
                              C:/Program Files/SEGGER/SEGGER Embedded Studio for ARM 7.10/lib/libc_v7em_fpv4_sp_d16_hard_t_le_eabi_balanced.a(prinops.o) (fwrite)
C:/Program Files/SEGGER/SEGGER Embedded Studio for ARM 7.10/lib/libc_v7em_fpv4_sp_d16_hard_t_le_eabi_balanced.a(floatasmops_arm.o)
                              C:/Program Files/SEGGER/SEGGER Embedded Studio for ARM 7.10/lib/libc_v7em_fpv4_sp_d16_hard_t_le_eabi_balanced.a(timeops.o) (__aeabi_i2d)
C:/Program Files/SEGGER/SEGGER Embedded Studio for ARM 7.10/lib/libc_v7em_fpv4_sp_d16_hard_t_le_eabi_balanced.a(intops.o)
                              C:/Program Files/SEGGER/SEGGER Embedded Studio for ARM 7.10/lib/libc_v7em_fpv4_sp_d16_hard_t_le_eabi_balanced.a(timeops.o) (div)
C:/Program Files/SEGGER/SEGGER Embedded Studio for ARM 7.10/lib/libc_v7em_fpv4_sp_d16_hard_t_le_eabi_balanced.a(utilops.o)
                              C:/Program Files/SEGGER/SEGGER Embedded Studio for ARM 7.10/lib/libc_v7em_fpv4_sp_d16_hard_t_le_eabi_balanced.a(__SEGGER_RTL_vfscanf_long.o) (__SEGGER_RTL_digit)
C:/Program Files/SEGGER/SEGGER Embedded Studio for ARM 7.10/lib/libc_v7em_fpv4_sp_d16_hard_t_le_eabi_balanced.a(convops.o)
                              C:/Program Files/SEGGER/SEGGER Embedded Studio for ARM 7.10/lib/libc_v7em_fpv4_sp_d16_hard_t_le_eabi_balanced.a(execops.o) (itoa)
C:/Program Files/SEGGER/SEGGER Embedded Studio for ARM 7.10/lib/libc_v7em_fpv4_sp_d16_hard_t_le_eabi_balanced.a(floatops.o)
                              C:/Program Files/SEGGER/SEGGER Embedded Studio for ARM 7.10/lib/libc_v7em_fpv4_sp_d16_hard_t_le_eabi_balanced.a(convops.o) (__SEGGER_RTL_float32_isinf)
[...]
Memory Configuration

Name             Origin             Length             Attributes
UNPLACED_SECTIONS 0x0000000100000000 0x0000000000000000 xw
RAM1             0x0000000020000000 0x0000000000010000 xw
FLASH1           0x0000000000000000 0x0000000000080000 xw
*default*        0x0000000000000000 0xffffffffffffffff

Linker script and memory map

                0x0000000000003f7c                __SEGGER_RTL_vfprintf = __SEGGER_RTL_vfprintf_long
                0x0000000000000000                __SEGGER_RTL_vfscanf = __SEGGER_RTL_vfscanf_long
                0x0000000020000000                __RAM1_segment_start__ = 0x20000000
                0x0000000020010000                __RAM1_segment_end__ = 0x20010000
                0x0000000000010000                __RAM1_segment_size__ = 0x10000
                0x0000000000000000                __FLASH1_segment_start__ = 0x0
                0x0000000000080000                __FLASH1_segment_end__ = 0x80000
                0x0000000000080000                __FLASH1_segment_size__ = 0x80000
                0x0000000000002000                __HEAPSIZE__ = 0x2000
                0x0000000000000000                __STACKSIZE_PROCESS__ = 0x0
                0x0000000000002000                __STACKSIZE__ = 0x2000
                0x0000000020000000                __vectors_ram_load_start__ = 0x20000000

.vectors_ram    0x0000000020000000        0x0
                0x0000000020000000                __vectors_ram_start__ = .
                0x0000000020000000                __app_ram_start__ = __vectors_ram_start__
 *(.vectors_ram .vectors_ram.*)
                0x0000000020000000                __vectors_ram_end__ = (__vectors_ram_start__ + SIZEOF (.vectors_ram))
                0x0000000000000000                __vectors_ram_size__ = SIZEOF (.vectors_ram)
                0x0000000020000000                __vectors_ram_load_end__ = __vectors_ram_end__
                0x0000000000000001                . = ASSERT (((__vectors_ram_start__ == __vectors_ram_end__) || ((__vectors_ram_end__ - __RAM1_segment_start__) <= __RAM1_segment_size__)), error: .vectors_ram is too large to fit in RAM1 memory segment)
                0x0000000020000000                __nrf_sections_run_load_start__ = ALIGN (__vectors_ram_end__, 0x4)

.nrf_sections_run
                0x0000000020000000        0x0
                0x0000000020000000                __nrf_sections_run_start__ = .
                0x0000000020000000                __start_nrf_sections_run = __nrf_sections_run_start__
 *(.nrf_sections_run .nrf_sections_run.*)
                0x0000000020000000                __nrf_sections_run_end__ = (__nrf_sections_run_start__ + SIZEOF (.nrf_sections_run))
                0x0000000000000000                __nrf_sections_run_size__ = SIZEOF (.nrf_sections_run)
                0x0000000020000000                __nrf_sections_run_load_end__ = __nrf_sections_run_end__
                0x0000000000000001                . = ASSERT (((__nrf_sections_run_start__ == __nrf_sections_run_end__) || ((__nrf_sections_run_end__ - __RAM1_segment_start__) <= __RAM1_segment_size__)), error: .nrf_sections_run is too large to fit in RAM1 memory segment)
                0x0000000000000000                __vectors_load_start__ = 0x0

.vectors        0x0000000000000000      0x200
                0x0000000000000000                __vectors_start__ = .
 *(.vectors .vectors.*)
 .vectors       0x0000000000000000      0x200 Output/Release/Obj/transmitter_pca10100/ses_startup_nrf52833.o
                0x0000000000000000                _vectors
                0x0000000000000200                __vectors_end__ = (__vectors_start__ + SIZEOF (.vectors))
                0x0000000000000200                __vectors_size__ = SIZEOF (.vectors)
                0x0000000000000200                __vectors_load_end__ = __vectors_end__
                0x0000000000000001                . = ASSERT (((__vectors_start__ == __vectors_end__) || ((__vectors_end__ - __FLASH1_segment_start__) <= __FLASH1_segment_size__)), error: .vectors is too large to fit in FLASH1 memory segment)
                0x0000000000000200                __init_load_start__ = ALIGN (__vectors_end__, 0x4)

.init           0x0000000000000200      0x1cc
                0x0000000000000200                __init_start__ = .
 *(.init .init.*)
 .init          0x0000000000000200       0x18 Output/Release/Obj/transmitter_pca10100/ses_startup_nrf52833.o
                0x0000000000000200                NMI_Handler
                0x0000000000000202                HardFault_Handler
                0x0000000000000204                MemoryManagement_Handler
                0x0000000000000206                BusFault_Handler
                0x0000000000000208                UsageFault_Handler
                0x000000000000020a                SVC_Handler
                0x000000000000020c                DebugMon_Handler
                0x000000000000020e                PendSV_Handler
                0x0000000000000210                SysTick_Handler
                0x0000000000000212                PWM1_IRQHandler
                0x0000000000000212                SWI0_EGU0_IRQHandler
                0x0000000000000212                POWER_CLOCK_IRQHandler
                0x0000000000000212                RADIO_IRQHandler
                0x0000000000000212                PDM_IRQHandler
                0x0000000000000212                TEMP_IRQHandler
                0x0000000000000212                QDEC_IRQHandler
                0x0000000000000212                TIMER3_IRQHandler
                0x0000000000000212                PWM3_IRQHandler
                0x0000000000000212                RTC0_IRQHandler
                0x0000000000000212                USBD_IRQHandler
                0x0000000000000212                SPIM0_SPIS0_TWIM0_TWIS0_SPI0_TWI0_IRQHandler
                0x0000000000000212                SWI2_EGU2_IRQHandler
                0x0000000000000212                TIMER4_IRQHandler
                0x0000000000000212                I2S_IRQHandler
                0x0000000000000212                SWI4_EGU4_IRQHandler
                0x0000000000000212                TIMER0_IRQHandler
                0x0000000000000212                UARTE1_IRQHandler
                0x0000000000000212                Dummy_Handler
                0x0000000000000212                TIMER1_IRQHandler
                0x0000000000000212                SPIM3_IRQHandler
                0x0000000000000212                PWM2_IRQHandler
                0x0000000000000212                ECB_IRQHandler
                0x0000000000000212                SPIM1_SPIS1_TWIM1_TWIS1_SPI1_TWI1_IRQHandler
                0x0000000000000212                SAADC_IRQHandler
                0x0000000000000212                CCM_AAR_IRQHandler
                0x0000000000000212                WDT_IRQHandler
                0x0000000000000212                FPU_IRQHandler
                0x0000000000000212                SWI5_EGU5_IRQHandler
                0x0000000000000212                RNG_IRQHandler
                0x0000000000000212                RTC2_IRQHandler
                0x0000000000000212                PWM0_IRQHandler
                0x0000000000000212                SWI3_EGU3_IRQHandler
                0x0000000000000212                SWI1_EGU1_IRQHandler
                0x0000000000000212                SPIM2_SPIS2_SPI2_IRQHandler
                0x0000000000000212                NFCT_IRQHandler
                0x0000000000000212                TIMER2_IRQHandler
                0x0000000000000212                MWU_IRQHandler
                0x0000000000000212                COMP_LPCOMP_IRQHandler
                0x0000000000000214                nRFInitialize
 .init          0x0000000000000218       0x5c Output/Release/Obj/transmitter_pca10100/ses_startup_nrf_common.o
                0x0000000000000218                Reset_Handler
                0x000000000000021c                afterInitialize
                0x0000000000000240                InitializeUserMemorySections
 .init          0x0000000000000274      0x158 Output/Release/Obj/transmitter_pca10100/thumb_crt0.o
                0x0000000000000274                _start
                0x0000000000000322                exit
                0x00000000000003cc                __init_end__ = (__init_start__ + SIZEOF (.init))
                0x00000000000001cc                __init_size__ = SIZEOF (.init)
                0x00000000000003cc                __init_load_end__ = __init_end__
                0x0000000000000001                . = ASSERT (((__init_start__ == __init_end__) || ((__init_end__ - __FLASH1_segment_start__) <= __FLASH1_segment_size__)), error: .init is too large to fit in FLASH1 memory segment)
                0x00000000000003cc                __init_rodata_load_start__ = ALIGN (__init_end__, 0x4)

.init_rodata    0x00000000000003cc        0x0
                0x00000000000003cc                __init_rodata_start__ = .
 *(.init_rodata .init_rodata.*)
                0x00000000000003cc                __init_rodata_end__ = (__init_rodata_start__ + SIZEOF (.init_rodata))
                0x0000000000000000                __init_rodata_size__ = SIZEOF (.init_rodata)
                0x00000000000003cc                __init_rodata_load_end__ = __init_rodata_end__
                0x0000000000000001                . = ASSERT (((__init_rodata_start__ == __init_rodata_end__) || ((__init_rodata_end__ - __FLASH1_segment_start__) <= __FLASH1_segment_size__)), error: .init_rodata is too large to fit in FLASH1 memory segment)
                0x00000000000003cc                __text_load_start__ = ALIGN (__init_rodata_end__, 0x4)

.text           0x00000000000003cc     0x4174
                0x00000000000003cc                __text_start__ = .
 *(.text .text.* .gnu.linkonce.t.* .glue_7t .glue_7 .gcc_except_table .ARM.extab* .gnu.linkonce.armextab.*)
 .glue_7        0x00000000000003cc        0x0 linker stubs
 .glue_7t       0x00000000000003cc        0x0 linker stubs
 .text.button_event_handler
                0x00000000000003cc       0x24 Output/Release/Obj/transmitter_pca10100/main.o
 .text.fill_packet
                0x00000000000003f0       0xf0 Output/Release/Obj/transmitter_pca10100/main.o
                0x00000000000003f0                fill_packet
 .text.clock_initialization
                0x00000000000004e0       0x32 Output/Release/Obj/transmitter_pca10100/main.o
                0x00000000000004e0                clock_initialization
 *fill*         0x0000000000000512        0x2 
 .text.button_initialization
                0x0000000000000514       0x4c Output/Release/Obj/transmitter_pca10100/main.o
                0x0000000000000514                button_initialization
 .text.send_adv
                0x0000000000000560       0x3c Output/Release/Obj/transmitter_pca10100/main.o
                0x0000000000000560                send_adv
 .text.startup.main
                0x000000000000059c      0x18c Output/Release/Obj/transmitter_pca10100/main.o
                0x000000000000059c                main
 .text.bsp_board_led_state_get
                0x0000000000000728       0x28 Output/Release/Obj/transmitter_pca10100/boards.o
                0x0000000000000728                bsp_board_led_state_get
 .text.bsp_board_led_on
                0x0000000000000750       0x28 Output/Release/Obj/transmitter_pca10100/boards.o
                0x0000000000000750                bsp_board_led_on
 .text.bsp_board_led_off
                0x0000000000000778       0x28 Output/Release/Obj/transmitter_pca10100/boards.o
                0x0000000000000778                bsp_board_led_off
 .text.bsp_board_leds_off
                0x00000000000007a0       0x1e Output/Release/Obj/transmitter_pca10100/boards.o
                0x00000000000007a0                bsp_board_leds_off
 .text.bsp_board_leds_on
                0x00000000000007be       0x1e Output/Release/Obj/transmitter_pca10100/boards.o
                0x00000000000007be                bsp_board_leds_on
 .text.bsp_board_led_invert
                0x00000000000007dc       0x34 Output/Release/Obj/transmitter_pca10100/boards.o
                0x00000000000007dc                bsp_board_led_invert
 .text.leds_off
                0x0000000000000810       0x2c Output/Release/Obj/transmitter_pca10100/bsp.o
 .text.bsp_led_indication
                0x000000000000083c      0x200 Output/Release/Obj/transmitter_pca10100/bsp.o
 .text.bsp_indication_set
                0x0000000000000a3c       0x18 Output/Release/Obj/transmitter_pca10100/bsp.o
                0x0000000000000a3c                bsp_indication_set
 .text.nrf52_errata_36
                0x0000000000000a54       0x12 Output/Release/Obj/transmitter_pca10100/system_nrf52.o
 *fill*         0x0000000000000a66        0x2 
 .text.nvmc_wait
                0x0000000000000a68       0x10 Output/Release/Obj/transmitter_pca10100/system_nrf52.o
                0x0000000000000a68                nvmc_wait
 .text.SystemInit
                0x0000000000000a78      0x188 Output/Release/Obj/transmitter_pca10100/system_nrf52.o
                0x0000000000000a78                SystemInit
 .text.uarte_evt_handler
                0x0000000000000c00       0x34 Output/Release/Obj/transmitter_pca10100/nrf_drv_uart.o
 .text.uart_evt_handler
                0x0000000000000c34       0x34 Output/Release/Obj/transmitter_pca10100/nrf_drv_uart.o
 .text.nrf_drv_uart_init
                0x0000000000000c68       0x7c Output/Release/Obj/transmitter_pca10100/nrf_drv_uart.o
                0x0000000000000c68                nrf_drv_uart_init
 .text.nrf_gpiote_event_clear
                0x0000000000000ce4       0x18 Output/Release/Obj/transmitter_pca10100/nrfx_gpiote.o
 .text.nrf_gpio_pin_port_decode
                0x0000000000000cfc       0x18 Output/Release/Obj/transmitter_pca10100/nrfx_gpiote.o
 .text.nrf_gpio_cfg_sense_set
                0x0000000000000d14       0x2e Output/Release/Obj/transmitter_pca10100/nrfx_gpiote.o
 *fill*         0x0000000000000d42        0x2 
 .text.channel_free
                0x0000000000000d44       0x1c Output/Release/Obj/transmitter_pca10100/nrfx_gpiote.o
 .text.nrfx_gpiote_init
                0x0000000000000d60       0x8c Output/Release/Obj/transmitter_pca10100/nrfx_gpiote.o
                0x0000000000000d60                nrfx_gpiote_init
 .text.nrfx_gpiote_is_init
                0x0000000000000dec       0x14 Output/Release/Obj/transmitter_pca10100/nrfx_gpiote.o
                0x0000000000000dec                nrfx_gpiote_is_init
 .text.nrfx_gpiote_in_init
                0x0000000000000e00      0x100 Output/Release/Obj/transmitter_pca10100/nrfx_gpiote.o
                0x0000000000000e00                nrfx_gpiote_in_init
 .text.nrfx_gpiote_in_event_enable
                0x0000000000000f00       0x94 Output/Release/Obj/transmitter_pca10100/nrfx_gpiote.o
                0x0000000000000f00                nrfx_gpiote_in_event_enable
 .text.nrfx_gpiote_in_is_set
                0x0000000000000f94       0x1c Output/Release/Obj/transmitter_pca10100/nrfx_gpiote.o
                0x0000000000000f94                nrfx_gpiote_in_is_set
 .text.GPIOTE_IRQHandler
                0x0000000000000fb0      0x17c Output/Release/Obj/transmitter_pca10100/nrfx_gpiote.o
                0x0000000000000fb0                GPIOTE_IRQHandler
 .text.UARTE0_UART0_IRQHandler
                0x000000000000112c        0xc Output/Release/Obj/transmitter_pca10100/nrfx_prs.o
                0x000000000000112c                UARTE0_UART0_IRQHandler
 .text.nrfx_prs_acquire
                0x0000000000001138       0x38 Output/Release/Obj/transmitter_pca10100/nrfx_prs.o
                0x0000000000001138                nrfx_prs_acquire
 .text.nrfx_prs_release
                0x0000000000001170       0x18 Output/Release/Obj/transmitter_pca10100/nrfx_prs.o
                0x0000000000001170                nrfx_prs_release
 .text.nrf_uart_event_clear
                0x0000000000001188       0x10 Output/Release/Obj/transmitter_pca10100/nrfx_uart.o
 .text.tx_byte  0x0000000000001198       0x1e Output/Release/Obj/transmitter_pca10100/nrfx_uart.o
 .text.rx_byte  0x00000000000011b6       0x2c Output/Release/Obj/transmitter_pca10100/nrfx_uart.o
 *fill*         0x00000000000011e2        0x2 
 .text.rx_done_event.constprop.0
                0x00000000000011e4       0x20 Output/Release/Obj/transmitter_pca10100/nrfx_uart.o
 .text.nrfx_uart_0_irq_handler
                0x0000000000001204      0x140 Output/Release/Obj/transmitter_pca10100/nrfx_uart.o
                0x0000000000001204                nrfx_uart_0_irq_handler
 .text.nrf_gpio_cfg_default
                0x0000000000001344       0x20 Output/Release/Obj/transmitter_pca10100/nrfx_uart.o
 .text.nrfx_uart_init
                0x0000000000001364      0x19c Output/Release/Obj/transmitter_pca10100/nrfx_uart.o
                0x0000000000001364                nrfx_uart_init
 .text.nrfx_uart_uninit
                0x0000000000001500       0xb8 Output/Release/Obj/transmitter_pca10100/nrfx_uart.o
                0x0000000000001500                nrfx_uart_uninit
 .text.nrfx_uart_tx_in_progress
                0x00000000000015b8       0x18 Output/Release/Obj/transmitter_pca10100/nrfx_uart.o
                0x00000000000015b8                nrfx_uart_tx_in_progress
 .text.nrfx_uart_tx
                0x00000000000015d0       0x98 Output/Release/Obj/transmitter_pca10100/nrfx_uart.o
                0x00000000000015d0                nrfx_uart_tx
 .text.nrf_uarte_event_clear
                0x0000000000001668       0x10 Output/Release/Obj/transmitter_pca10100/nrfx_uarte.o
 .text.rx_done_event.constprop.0
                0x0000000000001678       0x20 Output/Release/Obj/transmitter_pca10100/nrfx_uarte.o
 .text.nrfx_uarte_0_irq_handler
                0x0000000000001698      0x118 Output/Release/Obj/transmitter_pca10100/nrfx_uarte.o
                0x0000000000001698                nrfx_uarte_0_irq_handler
 .text.nrf_gpio_cfg_default
                0x00000000000017b0       0x20 Output/Release/Obj/transmitter_pca10100/nrfx_uarte.o
 .text.nrfx_uarte_init
                0x00000000000017d0      0x1b0 Output/Release/Obj/transmitter_pca10100/nrfx_uarte.o
                0x00000000000017d0                nrfx_uarte_init
 .text.nrfx_uarte_uninit
                0x0000000000001980      0x108 Output/Release/Obj/transmitter_pca10100/nrfx_uarte.o
                0x0000000000001980                nrfx_uarte_uninit
 .text.nrfx_uarte_tx_in_progress
                0x0000000000001a88       0x18 Output/Release/Obj/transmitter_pca10100/nrfx_uarte.o
                0x0000000000001a88                nrfx_uarte_tx_in_progress
 .text.nrfx_uarte_tx
                0x0000000000001aa0       0x9c Output/Release/Obj/transmitter_pca10100/nrfx_uarte.o
                0x0000000000001aa0                nrfx_uarte_tx
 .text.swap_bits
                0x0000000000001b3c       0x22 Output/Release/Obj/transmitter_pca10100/radio_config.o
 *fill*         0x0000000000001b5e        0x2 
 .text.radio_configure
                0x0000000000001b60       0xe8 Output/Release/Obj/transmitter_pca10100/radio_config.o
                0x0000000000001b60                radio_configure
 .text.send_packet
                0x0000000000001c48       0xcc Output/Release/Obj/transmitter_pca10100/radio_config.o
                0x0000000000001c48                send_packet
 .text.set_freq
                0x0000000000001d14       0x28 Output/Release/Obj/transmitter_pca10100/radio_config.o
                0x0000000000001d14                set_freq
 .text.state_set
                0x0000000000001d3c       0x24 Output/Release/Obj/transmitter_pca10100/app_button.o
 .text.button_get
                0x0000000000001d60       0x30 Output/Release/Obj/transmitter_pca10100/app_button.o
 .text.usr_event
                0x0000000000001d90       0x20 Output/Release/Obj/transmitter_pca10100/app_button.o
 .text.timer_start
                0x0000000000001db0       0x18 Output/Release/Obj/transmitter_pca10100/app_button.o
 .text.gpiote_event_handler
                0x0000000000001dc8       0x34 Output/Release/Obj/transmitter_pca10100/app_button.o
 .text.evt_handle
                0x0000000000001dfc       0xdc Output/Release/Obj/transmitter_pca10100/app_button.o
                0x0000000000001dfc                evt_handle
 .text.detection_delay_timeout_handler
                0x0000000000001ed8       0x5c Output/Release/Obj/transmitter_pca10100/app_button.o
 .text.app_button_init
                0x0000000000001f34       0xb0 Output/Release/Obj/transmitter_pca10100/app_button.o
                0x0000000000001f34                app_button_init
 .text.app_button_enable
                0x0000000000001fe4       0x2c Output/Release/Obj/transmitter_pca10100/app_button.o
                0x0000000000001fe4                app_button_enable
 .text.app_error_handler_bare
                0x0000000000002010       0x1a Output/Release/Obj/transmitter_pca10100/app_error.o
                0x0000000000002010                app_error_handler_bare
 *fill*         0x000000000000202a        0x2 
 .text.app_error_fault_handler
                0x000000000000202c       0x6c Output/Release/Obj/transmitter_pca10100/app_error_weak.o
                0x000000000000202c                app_error_fault_handler
 .text.compare_func
                0x0000000000002098       0x16 Output/Release/Obj/transmitter_pca10100/app_timer2.o
 *fill*         0x00000000000020ae        0x2 
 .text.get_now  0x00000000000020b0       0x38 Output/Release/Obj/transmitter_pca10100/app_timer2.o
 .text.timer_req_schedule
                0x00000000000020e8       0x38 Output/Release/Obj/transmitter_pca10100/app_timer2.o
 .text.timer_expire
                0x0000000000002120       0x98 Output/Release/Obj/transmitter_pca10100/app_timer2.o
 .text.app_timer_init
                0x00000000000021b8       0x64 Output/Release/Obj/transmitter_pca10100/app_timer2.o
                0x00000000000021b8                app_timer_init
 .text.app_timer_create
                0x000000000000221c       0x24 Output/Release/Obj/transmitter_pca10100/app_timer2.o
                0x000000000000221c                app_timer_create
 .text.app_timer_start
                0x0000000000002240       0x52 Output/Release/Obj/transmitter_pca10100/app_timer2.o
                0x0000000000002240                app_timer_start
 .text.app_timer_stop
                0x0000000000002292       0x44 Output/Release/Obj/transmitter_pca10100/app_timer2.o
                0x0000000000002292                app_timer_stop
 *fill*         0x00000000000022d6        0x2 
 .text.app_timer_cnt_get
                0x00000000000022d8        0xc Output/Release/Obj/transmitter_pca10100/app_timer2.o
                0x00000000000022d8                app_timer_cnt_get
 .text.rtc_irq  0x00000000000022e4      0x1b8 Output/Release/Obj/transmitter_pca10100/app_timer2.o
 .text.app_util_disable_irq
                0x000000000000249c       0x10 Output/Release/Obj/transmitter_pca10100/app_util_platform.o
                0x000000000000249c                app_util_disable_irq
 .text.app_util_enable_irq
                0x00000000000024ac       0x14 Output/Release/Obj/transmitter_pca10100/app_util_platform.o
                0x00000000000024ac                app_util_enable_irq
 .text.app_util_critical_region_enter
                0x00000000000024c0        0x4 Output/Release/Obj/transmitter_pca10100/app_util_platform.o
                0x00000000000024c0                app_util_critical_region_enter
 .text.app_util_critical_region_exit
                0x00000000000024c4        0x4 Output/Release/Obj/transmitter_pca10100/app_util_platform.o
                0x00000000000024c4                app_util_critical_region_exit
 .text.evt_pending.isra.0
                0x00000000000024c8       0x1a Output/Release/Obj/transmitter_pca10100/drv_rtc.o
 *fill*         0x00000000000024e2        0x2 
 .text.drv_rtc_init
                0x00000000000024e4       0xa0 Output/Release/Obj/transmitter_pca10100/drv_rtc.o
                0x00000000000024e4                drv_rtc_init
 .text.drv_rtc_start
                0x0000000000002584        0x8 Output/Release/Obj/transmitter_pca10100/drv_rtc.o
                0x0000000000002584                drv_rtc_start
 .text.drv_rtc_stop
                0x000000000000258c        0x8 Output/Release/Obj/transmitter_pca10100/drv_rtc.o
                0x000000000000258c                drv_rtc_stop
 .text.drv_rtc_compare_set
                0x0000000000002594       0x3e Output/Release/Obj/transmitter_pca10100/drv_rtc.o
                0x0000000000002594                drv_rtc_compare_set
 *fill*         0x00000000000025d2        0x2 
 .text.drv_rtc_windowed_compare_set
                0x00000000000025d4       0xf0 Output/Release/Obj/transmitter_pca10100/drv_rtc.o
                0x00000000000025d4                drv_rtc_windowed_compare_set
 .text.drv_rtc_overflow_enable
                0x00000000000026c4       0x10 Output/Release/Obj/transmitter_pca10100/drv_rtc.o
                0x00000000000026c4                drv_rtc_overflow_enable
 .text.drv_rtc_overflow_pending
                0x00000000000026d4        0xa Output/Release/Obj/transmitter_pca10100/drv_rtc.o
                0x00000000000026d4                drv_rtc_overflow_pending
 .text.drv_rtc_compare_disable
                0x00000000000026de       0x14 Output/Release/Obj/transmitter_pca10100/drv_rtc.o
                0x00000000000026de                drv_rtc_compare_disable
 .text.drv_rtc_compare_pending
                0x00000000000026f2        0xc Output/Release/Obj/transmitter_pca10100/drv_rtc.o
                0x00000000000026f2                drv_rtc_compare_pending
 .text.drv_rtc_counter_get
                0x00000000000026fe        0x8 Output/Release/Obj/transmitter_pca10100/drv_rtc.o
                0x00000000000026fe                drv_rtc_counter_get
 *fill*         0x0000000000002706        0x2 
 .text.drv_rtc_irq_trigger
                0x0000000000002708       0x24 Output/Release/Obj/transmitter_pca10100/drv_rtc.o
                0x0000000000002708                drv_rtc_irq_trigger
 .text.RTC1_IRQHandler
                0x000000000000272c       0x14 Output/Release/Obj/transmitter_pca10100/drv_rtc.o
                0x000000000000272c                RTC1_IRQHandler
 .text.nrf_atfifo_init
                0x0000000000002740       0x26 Output/Release/Obj/transmitter_pca10100/nrf_atfifo.o
                0x0000000000002740                nrf_atfifo_init
 .text.nrf_atfifo_item_alloc
                0x0000000000002766       0x54 Output/Release/Obj/transmitter_pca10100/nrf_atfifo.o
                0x0000000000002766                nrf_atfifo_item_alloc
 .text.nrf_atfifo_item_put
                0x00000000000027ba       0x20 Output/Release/Obj/transmitter_pca10100/nrf_atfifo.o
                0x00000000000027ba                nrf_atfifo_item_put
 .text.nrf_atfifo_item_get
                0x00000000000027da       0x56 Output/Release/Obj/transmitter_pca10100/nrf_atfifo.o
                0x00000000000027da                nrf_atfifo_item_get
 .text.nrf_atfifo_item_free
                0x0000000000002830       0x20 Output/Release/Obj/transmitter_pca10100/nrf_atfifo.o
                0x0000000000002830                nrf_atfifo_item_free
 .text.nrf_atomic_u32_fetch_store
                0x0000000000002850       0x16 Output/Release/Obj/transmitter_pca10100/nrf_atomic.o
                0x0000000000002850                nrf_atomic_u32_fetch_store
 .text.nrf_atomic_u32_or
                0x0000000000002866       0x18 Output/Release/Obj/transmitter_pca10100/nrf_atomic.o
                0x0000000000002866                nrf_atomic_u32_or
 .text.nrf_atomic_u32_fetch_and
                0x000000000000287e       0x18 Output/Release/Obj/transmitter_pca10100/nrf_atomic.o
                0x000000000000287e                nrf_atomic_u32_fetch_and
 .text.nrf_atomic_u32_add
                0x0000000000002896       0x18 Output/Release/Obj/transmitter_pca10100/nrf_atomic.o
                0x0000000000002896                nrf_atomic_u32_add
 .text.nrf_atomic_u32_sub
                0x00000000000028ae       0x18 Output/Release/Obj/transmitter_pca10100/nrf_atomic.o
                0x00000000000028ae                nrf_atomic_u32_sub
 .text.nrf_atomic_flag_set
                0x00000000000028c6        0x6 Output/Release/Obj/transmitter_pca10100/nrf_atomic.o
                0x00000000000028c6                nrf_atomic_flag_set
 .text.nrf_atomic_flag_clear_fetch
                0x00000000000028cc        0x6 Output/Release/Obj/transmitter_pca10100/nrf_atomic.o
                0x00000000000028cc                nrf_atomic_flag_clear_fetch
 .text.nrf_balloc_init
                0x00000000000028d2       0x2e Output/Release/Obj/transmitter_pca10100/nrf_balloc.o
                0x00000000000028d2                nrf_balloc_init
 .text.nrf_balloc_alloc
                0x0000000000002900       0x40 Output/Release/Obj/transmitter_pca10100/nrf_balloc.o
                0x0000000000002900                nrf_balloc_alloc
 .text.nrf_balloc_free
                0x0000000000002940       0x2a Output/Release/Obj/transmitter_pca10100/nrf_balloc.o
                0x0000000000002940                nrf_balloc_free
 .text.nrf_fprintf_buffer_flush
                0x000000000000296a       0x16 Output/Release/Obj/transmitter_pca10100/nrf_fprintf.o
                0x000000000000296a                nrf_fprintf_buffer_flush
 .text.nrf_fprintf
                0x0000000000002980       0x1c Output/Release/Obj/transmitter_pca10100/nrf_fprintf.o
                0x0000000000002980                nrf_fprintf
 .text.buffer_add
                0x000000000000299c       0x2e Output/Release/Obj/transmitter_pca10100/nrf_fprintf_format.o
 *fill*         0x00000000000029ca        0x2 
 .text.unsigned_print
                0x00000000000029cc       0xb4 Output/Release/Obj/transmitter_pca10100/nrf_fprintf_format.o
 .text.nrf_fprintf_fmt
                0x0000000000002a80      0x294 Output/Release/Obj/transmitter_pca10100/nrf_fprintf_format.o
                0x0000000000002a80                nrf_fprintf_fmt
 .text.memobj_op
                0x0000000000002d14       0x86 Output/Release/Obj/transmitter_pca10100/nrf_memobj.o
 .text.nrf_memobj_pool_init
                0x0000000000002d9a        0x4 Output/Release/Obj/transmitter_pca10100/nrf_memobj.o
                0x0000000000002d9a                nrf_memobj_pool_init
 .text.nrf_memobj_free
                0x0000000000002d9e       0x2c Output/Release/Obj/transmitter_pca10100/nrf_memobj.o
                0x0000000000002d9e                nrf_memobj_free
 .text.nrf_memobj_alloc
                0x0000000000002dca       0x5e Output/Release/Obj/transmitter_pca10100/nrf_memobj.o
                0x0000000000002dca                nrf_memobj_alloc
 .text.nrf_memobj_get
                0x0000000000002e28        0x8 Output/Release/Obj/transmitter_pca10100/nrf_memobj.o
                0x0000000000002e28                nrf_memobj_get
 .text.nrf_memobj_put
                0x0000000000002e30       0x1c Output/Release/Obj/transmitter_pca10100/nrf_memobj.o
                0x0000000000002e30                nrf_memobj_put
 .text.nrf_memobj_write
                0x0000000000002e4c       0x14 Output/Release/Obj/transmitter_pca10100/nrf_memobj.o
                0x0000000000002e4c                nrf_memobj_write
 .text.nrf_memobj_read
                0x0000000000002e60       0x14 Output/Release/Obj/transmitter_pca10100/nrf_memobj.o
                0x0000000000002e60                nrf_memobj_read
 .text.nrf_ringbuf_init
                0x0000000000002e74       0x12 Output/Release/Obj/transmitter_pca10100/nrf_ringbuf.o
                0x0000000000002e74                nrf_ringbuf_init
 .text.nrf_sortlist_add
                0x0000000000002e86       0x20 Output/Release/Obj/transmitter_pca10100/nrf_sortlist.o
                0x0000000000002e86                nrf_sortlist_add
 .text.nrf_sortlist_pop
                0x0000000000002ea6        0xc Output/Release/Obj/transmitter_pca10100/nrf_sortlist.o
                0x0000000000002ea6                nrf_sortlist_pop
 .text.nrf_sortlist_peek
                0x0000000000002eb2        0x6 Output/Release/Obj/transmitter_pca10100/nrf_sortlist.o
                0x0000000000002eb2                nrf_sortlist_peek
 .text.nrf_sortlist_remove
                0x0000000000002eb8       0x1a Output/Release/Obj/transmitter_pca10100/nrf_sortlist.o
                0x0000000000002eb8                nrf_sortlist_remove
 .text.nrf_log_backend_serial_put
                0x0000000000002ed2       0xc2 Output/Release/Obj/transmitter_pca10100/nrf_log_backend_serial.o
                0x0000000000002ed2                nrf_log_backend_serial_put
 .text.nrf_log_backend_uart_flush
                0x0000000000002f94        0x2 Output/Release/Obj/transmitter_pca10100/nrf_log_backend_uart.o
 *fill*         0x0000000000002f96        0x2 
 .text.nrf_log_backend_uart_put
                0x0000000000002f98       0x1c Output/Release/Obj/transmitter_pca10100/nrf_log_backend_uart.o
 .text.uart_init.constprop.0
                0x0000000000002fb4       0x40 Output/Release/Obj/transmitter_pca10100/nrf_log_backend_uart.o
 .text.serial_tx
                0x0000000000002ff4       0x48 Output/Release/Obj/transmitter_pca10100/nrf_log_backend_uart.o
 .text.nrf_log_backend_uart_panic_set
                0x000000000000303c       0x2c Output/Release/Obj/transmitter_pca10100/nrf_log_backend_uart.o
 .text.nrf_log_backend_uart_init
                0x0000000000003068        0x4 Output/Release/Obj/transmitter_pca10100/nrf_log_backend_uart.o
                0x0000000000003068                nrf_log_backend_uart_init
 .text.nrf_log_default_backends_init
                0x000000000000306c       0x20 Output/Release/Obj/transmitter_pca10100/nrf_log_default_backends.o
                0x000000000000306c                nrf_log_default_backends_init
 .text.invalid_packets_omit
                0x000000000000308c       0x3a Output/Release/Obj/transmitter_pca10100/nrf_log_frontend.o
 *fill*         0x00000000000030c6        0x2 
 .text.buf_prealloc
                0x00000000000030c8      0x110 Output/Release/Obj/transmitter_pca10100/nrf_log_frontend.o
 .text.nrf_log_init
                0x00000000000031d8       0x28 Output/Release/Obj/transmitter_pca10100/nrf_log_frontend.o
                0x00000000000031d8                nrf_log_init
 .text.nrf_log_module_name_get
                0x0000000000003200       0x38 Output/Release/Obj/transmitter_pca10100/nrf_log_frontend.o
                0x0000000000003200                nrf_log_module_name_get
 .text.nrf_log_color_id_get
                0x0000000000003238       0x2c Output/Release/Obj/transmitter_pca10100/nrf_log_frontend.o
                0x0000000000003238                nrf_log_color_id_get
 .text.buffer_is_empty
                0x0000000000003264       0x14 Output/Release/Obj/transmitter_pca10100/nrf_log_frontend.o
                0x0000000000003264                buffer_is_empty
 .text.nrf_log_frontend_dequeue
                0x0000000000003278      0x1f4 Output/Release/Obj/transmitter_pca10100/nrf_log_frontend.o
                0x0000000000003278                nrf_log_frontend_dequeue
 .text.std_n    0x000000000000346c       0x8c Output/Release/Obj/transmitter_pca10100/nrf_log_frontend.o
 .text.nrf_log_frontend_std_0
                0x00000000000034f8        0x8 Output/Release/Obj/transmitter_pca10100/nrf_log_frontend.o
                0x00000000000034f8                nrf_log_frontend_std_0
 .text.nrf_log_frontend_std_1
                0x0000000000003500       0x12 Output/Release/Obj/transmitter_pca10100/nrf_log_frontend.o
                0x0000000000003500                nrf_log_frontend_std_1
 .text.nrf_log_frontend_std_3
                0x0000000000003512       0x18 Output/Release/Obj/transmitter_pca10100/nrf_log_frontend.o
                0x0000000000003512                nrf_log_frontend_std_3
 *fill*         0x000000000000352a        0x2 
 .text.nrf_log_frontend_hexdump
                0x000000000000352c       0xac Output/Release/Obj/transmitter_pca10100/nrf_log_frontend.o
                0x000000000000352c                nrf_log_frontend_hexdump
 .text.nrf_log_backend_add
                0x00000000000035d8       0x44 Output/Release/Obj/transmitter_pca10100/nrf_log_frontend.o
                0x00000000000035d8                nrf_log_backend_add
 .text.nrf_log_panic
                0x000000000000361c       0x28 Output/Release/Obj/transmitter_pca10100/nrf_log_frontend.o
                0x000000000000361c                nrf_log_panic
 .text.postfix_process
                0x0000000000003644       0x44 Output/Release/Obj/transmitter_pca10100/nrf_log_str_formatter.o
 .text.prefix_process.constprop.0
                0x0000000000003688       0x7c Output/Release/Obj/transmitter_pca10100/nrf_log_str_formatter.o
 .text.nrf_log_std_entry_process
                0x0000000000003704       0xc8 Output/Release/Obj/transmitter_pca10100/nrf_log_str_formatter.o
                0x0000000000003704                nrf_log_std_entry_process
 .text.nrf_log_hexdump_entry_process
                0x00000000000037cc       0xc0 Output/Release/Obj/transmitter_pca10100/nrf_log_str_formatter.o
                0x00000000000037cc                nrf_log_hexdump_entry_process
 .text._GetAvailWriteSpace
                0x000000000000388c       0x12 Output/Release/Obj/transmitter_pca10100/SEGGER_RTT.o
 .text._WriteNoCheck
                0x000000000000389e       0x36 Output/Release/Obj/transmitter_pca10100/SEGGER_RTT.o
 .text._WriteBlocking
                0x00000000000038d4       0x54 Output/Release/Obj/transmitter_pca10100/SEGGER_RTT.o
 .text._DoInit  0x0000000000003928       0x60 Output/Release/Obj/transmitter_pca10100/SEGGER_RTT.o
 .text.SEGGER_RTT_WriteNoLock
                0x0000000000003988       0x68 Output/Release/Obj/transmitter_pca10100/SEGGER_RTT.o
                0x0000000000003988                SEGGER_RTT_WriteNoLock
 .text.SEGGER_RTT_Write
                0x00000000000039f0       0x34 Output/Release/Obj/transmitter_pca10100/SEGGER_RTT.o
                0x00000000000039f0                SEGGER_RTT_Write
 .text.libc.__aeabi_uldivmod
                0x0000000000003a24      0x130 C:/Program Files/SEGGER/SEGGER Embedded Studio for ARM 7.10/lib/libc_v7em_fpv4_sp_d16_hard_t_le_eabi_balanced.a(intasmops_arm.o)
                0x0000000000003a24                __aeabi_uldivmod
 .text.libc.__SEGGER_RTL_current_locale
                0x0000000000003b54       0x1a C:/Program Files/SEGGER/SEGGER Embedded Studio for ARM 7.10/lib/libc_v7em_fpv4_sp_d16_hard_t_le_eabi_balanced.a(mbops.o)
                0x0000000000003b54                __SEGGER_RTL_current_locale
 .text.libc.__SEGGER_RTL_ascii_mbtowc
                0x0000000000003b6e       0x30 C:/Program Files/SEGGER/SEGGER Embedded Studio for ARM 7.10/lib/libc_v7em_fpv4_sp_d16_hard_t_le_eabi_balanced.a(mbops.o)
                0x0000000000003b6e                __SEGGER_RTL_ascii_mbtowc
 .text.libc.__SEGGER_RTL_ascii_wctomb
                0x0000000000003b9e        0xe C:/Program Files/SEGGER/SEGGER Embedded Studio for ARM 7.10/lib/libc_v7em_fpv4_sp_d16_hard_t_le_eabi_balanced.a(mbops.o)
                0x0000000000003b9e                __SEGGER_RTL_ascii_wctomb
 .text.libc.__SEGGER_RTL_isctype
                0x0000000000003bac       0x20 C:/Program Files/SEGGER/SEGGER Embedded Studio for ARM 7.10/lib/libc_v7em_fpv4_sp_d16_hard_t_le_eabi_balanced.a(mbops.o)
 .text.libc.isprint
                0x0000000000003bcc        0x6 C:/Program Files/SEGGER/SEGGER Embedded Studio for ARM 7.10/lib/libc_v7em_fpv4_sp_d16_hard_t_le_eabi_balanced.a(mbops.o)
                0x0000000000003bcc                isprint
 .text.libc.__SEGGER_RTL_ascii_isctype
                0x0000000000003bd2       0x20 C:/Program Files/SEGGER/SEGGER Embedded Studio for ARM 7.10/lib/libc_v7em_fpv4_sp_d16_hard_t_le_eabi_balanced.a(mbops.o)
 .text.libc.__SEGGER_RTL_ascii_toupper
                0x0000000000003bf2        0xc C:/Program Files/SEGGER/SEGGER Embedded Studio for ARM 7.10/lib/libc_v7em_fpv4_sp_d16_hard_t_le_eabi_balanced.a(mbops.o)
 .text.libc.__SEGGER_RTL_ascii_tolower
                0x0000000000003bfe        0xc C:/Program Files/SEGGER/SEGGER Embedded Studio for ARM 7.10/lib/libc_v7em_fpv4_sp_d16_hard_t_le_eabi_balanced.a(mbops.o)
 .text.libc.__SEGGER_RTL_ascii_iswctype
                0x0000000000003c0a       0x20 C:/Program Files/SEGGER/SEGGER Embedded Studio for ARM 7.10/lib/libc_v7em_fpv4_sp_d16_hard_t_le_eabi_balanced.a(mbops.o)
 .text.libc.__SEGGER_RTL_ascii_towupper
                0x0000000000003c2a        0xc C:/Program Files/SEGGER/SEGGER Embedded Studio for ARM 7.10/lib/libc_v7em_fpv4_sp_d16_hard_t_le_eabi_balanced.a(mbops.o)
 .text.libc.__SEGGER_RTL_ascii_towlower
                0x0000000000003c36        0xc C:/Program Files/SEGGER/SEGGER Embedded Studio for ARM 7.10/lib/libc_v7em_fpv4_sp_d16_hard_t_le_eabi_balanced.a(mbops.o)
 *fill*         0x0000000000003c42        0x2 
 .text.libc.strcpy
                0x0000000000003c44       0x30 C:/Program Files/SEGGER/SEGGER Embedded Studio for ARM 7.10/lib/libc_v7em_fpv4_sp_d16_hard_t_le_eabi_balanced.a(strasmops_arm.o)
                0x0000000000003c44                strcpy
 .text.libc.strlen
                0x0000000000003c74       0x60 C:/Program Files/SEGGER/SEGGER Embedded Studio for ARM 7.10/lib/libc_v7em_fpv4_sp_d16_hard_t_le_eabi_balanced.a(strasmops_arm.o)
                0x0000000000003c74                strlen
 .text.libc.memcpy
                0x0000000000003cd4       0x64 C:/Program Files/SEGGER/SEGGER Embedded Studio for ARM 7.10/lib/libc_v7em_fpv4_sp_d16_hard_t_le_eabi_balanced.a(strasmops_arm.o)
                0x0000000000003cd4                __aeabi_memcpy
                0x0000000000003cd4                memcpy
                0x0000000000003cf6                __aeabi_memcpy8
                0x0000000000003cf6                __aeabi_memcpy4
 .text.libc.__aeabi_memclr
                0x0000000000003d38       0x68 C:/Program Files/SEGGER/SEGGER Embedded Studio for ARM 7.10/lib/libc_v7em_fpv4_sp_d16_hard_t_le_eabi_balanced.a(strasmops_arm.o)
                0x0000000000003d38                __aeabi_memclr8
                0x0000000000003d38                __aeabi_memclr
                0x0000000000003d38                __aeabi_memclr4
                0x0000000000003d3a                __aeabi_memset4
                0x0000000000003d3a                __aeabi_memset8
                0x0000000000003d3a                __aeabi_memset
                0x0000000000003d40                memset
 .text.libc.strnlen
                0x0000000000003da0       0x4c C:/Program Files/SEGGER/SEGGER Embedded Studio for ARM 7.10/lib/libc_v7em_fpv4_sp_d16_hard_t_le_eabi_balanced.a(strops.o)
                0x0000000000003da0                strnlen
 .text.libc.__SEGGER_RTL_putc
                0x0000000000003dec       0x84 C:/Program Files/SEGGER/SEGGER Embedded Studio for ARM 7.10/lib/libc_v7em_fpv4_sp_d16_hard_t_le_eabi_balanced.a(prinops.o)
                0x0000000000003dec                __SEGGER_RTL_putc
 .text.libc.__SEGGER_RTL_prin_flush
                0x0000000000003e70       0x1c C:/Program Files/SEGGER/SEGGER Embedded Studio for ARM 7.10/lib/libc_v7em_fpv4_sp_d16_hard_t_le_eabi_balanced.a(prinops.o)
                0x0000000000003e70                __SEGGER_RTL_prin_flush
 .text.libc.__SEGGER_RTL_print_padding
                0x0000000000003e8c       0x1e C:/Program Files/SEGGER/SEGGER Embedded Studio for ARM 7.10/lib/libc_v7em_fpv4_sp_d16_hard_t_le_eabi_balanced.a(prinops.o)
                0x0000000000003e8c                __SEGGER_RTL_print_padding
 .text.libc.__SEGGER_RTL_pre_padding
                0x0000000000003eaa       0x12 C:/Program Files/SEGGER/SEGGER Embedded Studio for ARM 7.10/lib/libc_v7em_fpv4_sp_d16_hard_t_le_eabi_balanced.a(prinops.o)
                0x0000000000003eaa                __SEGGER_RTL_pre_padding
 .text.libc.vfprintf
                0x0000000000003ebc       0x1c C:/Program Files/SEGGER/SEGGER Embedded Studio for ARM 7.10/lib/libc_v7em_fpv4_sp_d16_hard_t_le_eabi_balanced.a(prinops.o)
                0x0000000000003ebc                vfprintf
 .text.libc.vfprintf_l
                0x0000000000003ed8       0x6c C:/Program Files/SEGGER/SEGGER Embedded Studio for ARM 7.10/lib/libc_v7em_fpv4_sp_d16_hard_t_le_eabi_balanced.a(prinops.o)
                0x0000000000003ed8                vfprintf_l
 .text.libc.__SEGGER_RTL_stream_write
                0x0000000000003f44        0xa C:/Program Files/SEGGER/SEGGER Embedded Studio for ARM 7.10/lib/libc_v7em_fpv4_sp_d16_hard_t_le_eabi_balanced.a(prinops.o)
 .text.libc.printf
                0x0000000000003f4e       0x2c C:/Program Files/SEGGER/SEGGER Embedded Studio for ARM 7.10/lib/libc_v7em_fpv4_sp_d16_hard_t_le_eabi_balanced.a(prinops.o)
                0x0000000000003f4e                printf
 *fill*         0x0000000000003f7a        0x2 
 .text.libc.__SEGGER_RTL_vfprintf_long
                0x0000000000003f7c      0x544 C:/Program Files/SEGGER/SEGGER Embedded Studio for ARM 7.10/lib/libc_v7em_fpv4_sp_d16_hard_t_le_eabi_balanced.a(__SEGGER_RTL_vfprintf_long.o)
                0x0000000000003f7c                __SEGGER_RTL_vfprintf_long
 .text.libc.fwrite
                0x00000000000044c0       0x2e C:/Program Files/SEGGER/SEGGER Embedded Studio for ARM 7.10/lib/libc_v7em_fpv4_sp_d16_hard_t_le_eabi_balanced.a(fileops.o)
                0x00000000000044c0                fwrite
 *fill*         0x00000000000044ee        0x2 
 .text.libc.__SEGGER_RTL_X_file_stat
                0x00000000000044f0       0x30 C:/Program Files/SEGGER/SEGGER Embedded Studio for ARM 7.10/lib/prinops_rtt_v7em_fpv4_sp_d16_hard_t_le_eabi_balanced.a(prinops_rtt.o)
                0x00000000000044f0                __SEGGER_RTL_X_file_stat
 .text.libc.__SEGGER_RTL_X_file_bufsize
                0x0000000000004520        0x4 C:/Program Files/SEGGER/SEGGER Embedded Studio for ARM 7.10/lib/prinops_rtt_v7em_fpv4_sp_d16_hard_t_le_eabi_balanced.a(prinops_rtt.o)
                0x0000000000004520                __SEGGER_RTL_X_file_bufsize
 .text.libc.__SEGGER_RTL_X_file_write
                0x0000000000004524        0x8 C:/Program Files/SEGGER/SEGGER Embedded Studio for ARM 7.10/lib/prinops_rtt_v7em_fpv4_sp_d16_hard_t_le_eabi_balanced.a(prinops_rtt.o)
                0x0000000000004524                __SEGGER_RTL_X_file_write
 .text.libc.__SEGGER_RTL_init_heap
                0x000000000000452c       0x14 C:/Program Files/SEGGER/SEGGER Embedded Studio for ARM 7.10/lib/heapops_basic_v7em_fpv4_sp_d16_hard_t_le_eabi_balanced.a(heapops_basic.o)
                0x000000000000452c                __SEGGER_RTL_init_heap
                0x0000000000004540                __text_end__ = (__text_start__ + SIZEOF (.text))
                0x0000000000004174                __text_size__ = SIZEOF (.text)
                0x0000000000004540                __text_load_end__ = __text_end__

.vfp11_veneer   0x0000000100000000        0x0
 .vfp11_veneer  0x0000000100000000        0x0 linker stubs

.v4_bx          0x0000000100000000        0x0
 .v4_bx         0x0000000100000000        0x0 linker stubs

.iplt           0x0000000100000000        0x0
 .iplt          0x0000000100000000        0x0 Output/Release/Obj/transmitter_pca10100/main.o
                0x0000000000000001                . = ASSERT (((__text_start__ == __text_end__) || ((__text_end__ - __FLASH1_segment_start__) <= __FLASH1_segment_size__)), error: .text is too large to fit in FLASH1 memory segment)
                0x0000000000004540                __log_const_data_load_start__ = ALIGN (__text_end__, 0x4)

.log_const_data
                0x0000000000004540       0x40
                0x0000000000004540                __log_const_data_start__ = .
                0x0000000000004540                __start_log_const_data = __log_const_data_start__
 *(SORT_BY_NAME(.log_const_data*))
 .log_const_data_GPIOTE
                0x0000000000004540        0x8 Output/Release/Obj/transmitter_pca10100/nrfx_gpiote.o
                0x0000000000004540                m_nrf_log_GPIOTE_logs_data_const
 .log_const_data_PRS
                0x0000000000004548        0x8 Output/Release/Obj/transmitter_pca10100/nrfx_prs.o
                0x0000000000004548                m_nrf_log_PRS_logs_data_const
 .log_const_data_UART
                0x0000000000004550        0x8 Output/Release/Obj/transmitter_pca10100/nrfx_uart.o
                0x0000000000004550                m_nrf_log_UART_logs_data_const
 .log_const_data_UARTE
                0x0000000000004558        0x8 Output/Release/Obj/transmitter_pca10100/nrfx_uarte.o
                0x0000000000004558                m_nrf_log_UARTE_logs_data_const
 .log_const_data_app
                0x0000000000004560        0x8 Output/Release/Obj/transmitter_pca10100/nrf_log_frontend.o
                0x0000000000004560                m_nrf_log_app_logs_data_const
 .log_const_data_app_button
                0x0000000000004568        0x8 Output/Release/Obj/transmitter_pca10100/app_button.o
                0x0000000000004568                m_nrf_log_app_button_logs_data_const
 .log_const_data_app_timer
                0x0000000000004570        0x8 Output/Release/Obj/transmitter_pca10100/app_timer2.o
                0x0000000000004570                m_nrf_log_app_timer_logs_data_const
 .log_const_data_sortlist
                0x0000000000004578        0x8 Output/Release/Obj/transmitter_pca10100/nrf_sortlist.o
                0x0000000000004578                m_nrf_log_sortlist_logs_data_const
                0x0000000000004580                __log_const_data_end__ = (__log_const_data_start__ + SIZEOF (.log_const_data))
                0x0000000000000040                __log_const_data_size__ = SIZEOF (.log_const_data)
                0x0000000000004580                __stop_log_const_data = __log_const_data_end__
                0x0000000000004580                __log_const_data_load_end__ = __log_const_data_end__
                0x0000000000000001                . = ASSERT (((__log_const_data_start__ == __log_const_data_end__) || ((__log_const_data_end__ - __FLASH1_segment_start__) <= __FLASH1_segment_size__)), error: .log_const_data is too large to fit in FLASH1 memory segment)
                0x0000000000004580                __log_backends_load_start__ = ALIGN (__log_const_data_end__, 0x4)

.log_backends   0x0000000000004580       0x10
                0x0000000000004580                __log_backends_start__ = .
                0x0000000000004580                __start_log_backends = __log_backends_start__
 *(SORT_BY_NAME(.log_backends*))
 .log_backends  0x0000000000004580       0x10 Output/Release/Obj/transmitter_pca10100/nrf_log_default_backends.o
                0x0000000000004590                __log_backends_end__ = (__log_backends_start__ + SIZEOF (.log_backends))
                0x0000000000000010                __log_backends_size__ = SIZEOF (.log_backends)
                0x0000000000004590                __stop_log_backends = __log_backends_end__
                0x0000000000004590                __log_backends_load_end__ = __log_backends_end__
                0x0000000000000001                . = ASSERT (((__log_backends_start__ == __log_backends_end__) || ((__log_backends_end__ - __FLASH1_segment_start__) <= __FLASH1_segment_size__)), error: .log_backends is too large to fit in FLASH1 memory segment)
                0x0000000000004590                __nrf_balloc_load_start__ = ALIGN (__log_backends_end__, 0x4)

.nrf_balloc     0x0000000000004590       0x14
                0x0000000000004590                __nrf_balloc_start__ = .
                0x0000000000004590                __start_nrf_balloc = __nrf_balloc_start__
 *(.nrf_balloc*)
 .nrf_balloc    0x0000000000004590       0x14 Output/Release/Obj/transmitter_pca10100/nrf_log_frontend.o
                0x0000000000004590                log_mempool
                0x00000000000045a4                __nrf_balloc_end__ = (__nrf_balloc_start__ + SIZEOF (.nrf_balloc))
                0x0000000000000014                __nrf_balloc_size__ = SIZEOF (.nrf_balloc)
                0x00000000000045a4                __stop_nrf_balloc = __nrf_balloc_end__
                0x00000000000045a4                __nrf_balloc_load_end__ = __nrf_balloc_end__
                0x0000000000000001                . = ASSERT (((__nrf_balloc_start__ == __nrf_balloc_end__) || ((__nrf_balloc_end__ - __FLASH1_segment_start__) <= __FLASH1_segment_size__)), error: .nrf_balloc is too large to fit in FLASH1 memory segment)
                0x00000000000045a4                __nrf_sections_load_start__ = ALIGN (__nrf_balloc_end__, 0x4)

.nrf_sections   0x00000000000045a4        0x0
                0x00000000000045a4                __nrf_sections_start__ = .
                0x00000000000045a4                __start_nrf_sections = __nrf_sections_start__
 *(.nrf_sections .nrf_sections.*)
                0x00000000000045a4                __nrf_sections_end__ = (__nrf_sections_start__ + SIZEOF (.nrf_sections))
                0x0000000000000000                __nrf_sections_size__ = SIZEOF (.nrf_sections)
                0x00000000000045a4                __nrf_sections_load_end__ = __nrf_sections_end__
                0x0000000000000001                . = ASSERT (((__nrf_sections_start__ == __nrf_sections_end__) || ((__nrf_sections_end__ - __FLASH1_segment_start__) <= __FLASH1_segment_size__)), error: .nrf_sections is too large to fit in FLASH1 memory segment)
                0x00000000000045a4                __log_dynamic_data_load_start__ = ALIGN (__nrf_sections_end__, 0x4)

.log_dynamic_data
                0x0000000020000000        0x0 load address 0x00000000000045a4
                0x0000000020000000                __log_dynamic_data_start__ = .
 *(SORT_BY_NAME(.log_dynamic_data*))
                0x0000000020000000                __log_dynamic_data_end__ = (__log_dynamic_data_start__ + SIZEOF (.log_dynamic_data))
                0x0000000000000000                __log_dynamic_data_size__ = SIZEOF (.log_dynamic_data)
                0x00000000000045a4                __log_dynamic_data_load_end__ = (__log_dynamic_data_load_start__ + SIZEOF (.log_dynamic_data))
                0x0000000000000001                . = ASSERT (((__log_dynamic_data_load_start__ == __log_dynamic_data_load_end__) || ((__log_dynamic_data_load_end__ - __FLASH1_segment_start__) <= __FLASH1_segment_size__)), error: .log_dynamic_data is too large to fit in FLASH1 memory segment)

.log_dynamic_data_run
                0x0000000020000000        0x0
                0x0000000020000000                __log_dynamic_data_run_start__ = .
                0x0000000020000000                __start_log_dynamic_data = __log_dynamic_data_run_start__
                0x0000000020000000                __log_dynamic_data_run_end__ = (__log_dynamic_data_run_start__ + SIZEOF (.log_dynamic_data))
                0x0000000000000000                __log_dynamic_data_run_size__ = (__log_dynamic_data_run_end__ - __log_dynamic_data_run_start__)
                0x0000000020000000                __stop_log_dynamic_data = __log_dynamic_data_run_end__
                0x0000000020000000                __log_dynamic_data_run_load_end__ = __log_dynamic_data_run_end__
                0x0000000000000001                . = ASSERT (((__log_dynamic_data_run_start__ == __log_dynamic_data_run_end__) || ((__log_dynamic_data_run_end__ - __RAM1_segment_start__) <= __RAM1_segment_size__)), error: .log_dynamic_data_run is too large to fit in RAM1 memory segment)
                0x00000000000045a4                __log_filter_data_load_start__ = ALIGN ((__log_dynamic_data_load_start__ + SIZEOF (.log_dynamic_data)), 0x4)

.log_filter_data
                0x0000000020000000        0x0 load address 0x00000000000045a4
                0x0000000020000000                __log_filter_data_start__ = .
 *(SORT_BY_NAME(.log_filter_data*))
                0x0000000020000000                __log_filter_data_end__ = (__log_filter_data_start__ + SIZEOF (.log_filter_data))
                0x0000000000000000                __log_filter_data_size__ = SIZEOF (.log_filter_data)
                0x00000000000045a4                __log_filter_data_load_end__ = (__log_filter_data_load_start__ + SIZEOF (.log_filter_data))
                0x0000000000000001                . = ASSERT (((__log_filter_data_load_start__ == __log_filter_data_load_end__) || ((__log_filter_data_load_end__ - __FLASH1_segment_start__) <= __FLASH1_segment_size__)), error: .log_filter_data is too large to fit in FLASH1 memory segment)

.log_filter_data_run
                0x0000000020000000        0x0
                0x0000000020000000                __log_filter_data_run_start__ = .
                0x0000000020000000                __start_log_filter_data = __log_filter_data_run_start__
                0x0000000020000000                __log_filter_data_run_end__ = (__log_filter_data_run_start__ + SIZEOF (.log_filter_data))
                0x0000000000000000                __log_filter_data_run_size__ = (__log_filter_data_run_end__ - __log_filter_data_run_start__)
                0x0000000020000000                __stop_log_filter_data = __log_filter_data_run_end__
                0x0000000020000000                __log_filter_data_run_load_end__ = __log_filter_data_run_end__
                0x0000000000000001                . = ASSERT (((__log_filter_data_run_start__ == __log_filter_data_run_end__) || ((__log_filter_data_run_end__ - __RAM1_segment_start__) <= __RAM1_segment_size__)), error: .log_filter_data_run is too large to fit in RAM1 memory segment)
                0x0000000020000000                __nrf_sections_run_end_load_start__ = ALIGN (__log_filter_data_run_end__, 0x4)

.nrf_sections_run_end
                0x0000000020000000        0x0
                0x0000000020000000                __nrf_sections_run_end_start__ = .
                0x0000000020000000                __end_nrf_sections_run = __nrf_sections_run_end_start__
 *(.nrf_sections_run_end .nrf_sections_run_end.*)
                0x0000000020000000                __nrf_sections_run_end_end__ = (__nrf_sections_run_end_start__ + SIZEOF (.nrf_sections_run_end))
                0x0000000000000000                __nrf_sections_run_end_size__ = SIZEOF (.nrf_sections_run_end)
                0x0000000020000000                __nrf_sections_run_end_load_end__ = __nrf_sections_run_end_end__
                0x0000000000000001                . = ASSERT (((__nrf_sections_run_end_start__ == __nrf_sections_run_end_end__) || ((__nrf_sections_run_end_end__ - __RAM1_segment_start__) <= __RAM1_segment_size__)), error: .nrf_sections_run_end is too large to fit in RAM1 memory segment)
                0x00000000000045a4                __dtors_load_start__ = ALIGN ((__log_filter_data_load_start__ + SIZEOF (.log_filter_data)), 0x4)

.dtors          0x00000000000045a4        0x0
                0x00000000000045a4                __dtors_start__ = .
 *(SORT_BY_NAME(.dtors.*))
 *(.dtors)
 *(.fini_array)
 *(SORT_BY_NAME(.fini_array.*))
                0x00000000000045a4                __dtors_end__ = (__dtors_start__ + SIZEOF (.dtors))
                0x0000000000000000                __dtors_size__ = SIZEOF (.dtors)
                0x00000000000045a4                __dtors_load_end__ = __dtors_end__
                0x0000000000000001                . = ASSERT (((__dtors_start__ == __dtors_end__) || ((__dtors_end__ - __FLASH1_segment_start__) <= __FLASH1_segment_size__)), error: .dtors is too large to fit in FLASH1 memory segment)
                0x00000000000045a4                __ctors_load_start__ = ALIGN (__dtors_end__, 0x4)

.ctors          0x00000000000045a4        0x0
                0x00000000000045a4                __ctors_start__ = .
 *(SORT_BY_NAME(.ctors.*))
 *(.ctors)
 *(.init_array)
 *(SORT_BY_NAME(.init_array.*))
                0x00000000000045a4                __ctors_end__ = (__ctors_start__ + SIZEOF (.ctors))
                0x0000000000000000                __ctors_size__ = SIZEOF (.ctors)
                0x00000000000045a4                __ctors_load_end__ = __ctors_end__
                0x0000000000000001                . = ASSERT (((__ctors_start__ == __ctors_end__) || ((__ctors_end__ - __FLASH1_segment_start__) <= __FLASH1_segment_size__)), error: .ctors is too large to fit in FLASH1 memory segment)
                0x00000000000045a4                __rodata_load_start__ = ALIGN (__ctors_end__, 0x4)

.rodata         0x00000000000045a4      0x5fc
                0x00000000000045a4                __rodata_start__ = .
 *(.rodata .rodata.* .gnu.linkonce.r.*)
 .rodata.button_event_handler.str1.1
                0x00000000000045a4       0x11 Output/Release/Obj/transmitter_pca10100/main.o
 .rodata.fill_packet.str1.1
                0x00000000000045b5       0x12 Output/Release/Obj/transmitter_pca10100/main.o
 .rodata.button_initialization.str1.1
                0x00000000000045c7       0x31 Output/Release/Obj/transmitter_pca10100/main.o
 .rodata.send_adv.str1.1
                0x00000000000045f8       0x16 Output/Release/Obj/transmitter_pca10100/main.o
 .rodata.main.str1.1
                0x000000000000460e       0xd4 Output/Release/Obj/transmitter_pca10100/main.o
 .rodata        0x00000000000046e2       0x1c Output/Release/Obj/transmitter_pca10100/main.o
 *fill*         0x00000000000046fe        0x2 
 .rodata.delay_machine_code.0
                0x0000000000004700        0x6 Output/Release/Obj/transmitter_pca10100/main.o
 .rodata.m_board_led_list
                0x0000000000004706        0x4 Output/Release/Obj/transmitter_pca10100/boards.o
 .rodata.CSWTCH.7
                0x000000000000470a        0x3 Output/Release/Obj/transmitter_pca10100/system_nrf52.o
 .rodata.str1.1
                0x000000000000470d        0x7 Output/Release/Obj/transmitter_pca10100/nrfx_gpiote.o
 .rodata.str1.1
                0x0000000000004714        0x4 Output/Release/Obj/transmitter_pca10100/nrfx_prs.o
 .rodata.str1.1
                0x0000000000004718        0x5 Output/Release/Obj/transmitter_pca10100/nrfx_uart.o
 .rodata.str1.1
                0x000000000000471d        0x6 Output/Release/Obj/transmitter_pca10100/nrfx_uarte.o
 .rodata.send_packet.str1.1
                0x0000000000004723       0x5a Output/Release/Obj/transmitter_pca10100/radio_config.o
 .rodata.CSWTCH.19
                0x000000000000477d        0x3 Output/Release/Obj/transmitter_pca10100/radio_config.o
 .rodata.str1.1
                0x0000000000004780        0xb Output/Release/Obj/transmitter_pca10100/app_button.o
 *fill*         0x000000000000478b        0x1 
 .rodata.m_detection_delay_timer_id
                0x000000000000478c        0x4 Output/Release/Obj/transmitter_pca10100/app_button.o
 .rodata.app_error_fault_handler.str1.1
                0x0000000000004790       0x19 Output/Release/Obj/transmitter_pca10100/app_error_weak.o
 .rodata.str1.1
                0x00000000000047a9        0xa Output/Release/Obj/transmitter_pca10100/app_timer2.o
 *fill*         0x00000000000047b3        0x1 
 .rodata        0x00000000000047b4        0x4 Output/Release/Obj/transmitter_pca10100/app_timer2.o
 .rodata.m_app_timer_sortlist
                0x00000000000047b8        0xc Output/Release/Obj/transmitter_pca10100/app_timer2.o
 .rodata.drv_rtc_init.str1.1
                0x00000000000047c4       0x34 Output/Release/Obj/transmitter_pca10100/drv_rtc.o
 *fill*         0x00000000000047f8        0x8 
 .rodata.delay_machine_code.0
                0x0000000000004800        0x6 Output/Release/Obj/transmitter_pca10100/drv_rtc.o
 .rodata._aV2C.0
                0x0000000000004806       0x10 Output/Release/Obj/transmitter_pca10100/nrf_fprintf_format.o
 .rodata.str1.1
                0x0000000000004816        0x9 Output/Release/Obj/transmitter_pca10100/nrf_sortlist.o
 *fill*         0x000000000000481f        0x1 
 .rodata        0x0000000000004820       0x20 Output/Release/Obj/transmitter_pca10100/nrf_log_backend_uart.o
 .rodata.nrf_log_backend_uart_api
                0x0000000000004840        0xc Output/Release/Obj/transmitter_pca10100/nrf_log_backend_uart.o
                0x0000000000004840                nrf_log_backend_uart_api
 .rodata.str1.1
                0x000000000000484c       0x11 Output/Release/Obj/transmitter_pca10100/nrf_log_default_backends.o
 .rodata.nrf_log_frontend_dequeue.str1.1
                0x000000000000485d       0x11 Output/Release/Obj/transmitter_pca10100/nrf_log_frontend.o
 .rodata.str1.1
                0x000000000000486e        0x4 Output/Release/Obj/transmitter_pca10100/nrf_log_frontend.o
 *fill*         0x0000000000004872        0x2 
 .rodata.m_log_push_ringbuf
                0x0000000000004874        0xc Output/Release/Obj/transmitter_pca10100/nrf_log_frontend.o
 .rodata.postfix_process.str1.1
                0x0000000000004880        0x8 Output/Release/Obj/transmitter_pca10100/nrf_log_str_formatter.o
                                          0xb (size before relaxing)
 .rodata.prefix_process.constprop.0.str1.1
                0x0000000000004888       0x2a Output/Release/Obj/transmitter_pca10100/nrf_log_str_formatter.o
 .rodata.nrf_log_hexdump_entry_process.str1.1
                0x00000000000048b2        0xf Output/Release/Obj/transmitter_pca10100/nrf_log_str_formatter.o
                                         0x11 (size before relaxing)
 .rodata.str1.1
                0x00000000000048c1       0x4b Output/Release/Obj/transmitter_pca10100/nrf_log_str_formatter.o
                                         0x51 (size before relaxing)
 .rodata.m_colors
                0x000000000000490c       0x24 Output/Release/Obj/transmitter_pca10100/nrf_log_str_formatter.o
 .rodata.severity_names
                0x0000000000004930       0x14 Output/Release/Obj/transmitter_pca10100/nrf_log_str_formatter.o
 .rodata._DoInit.str1.1
                0x0000000000004944       0x14 Output/Release/Obj/transmitter_pca10100/SEGGER_RTT.o
 .rodata.libc.__SEGGER_RTL_c_locale
                0x0000000000004958        0xc C:/Program Files/SEGGER/SEGGER Embedded Studio for ARM 7.10/lib/libc_v7em_fpv4_sp_d16_hard_t_le_eabi_balanced.a(mbops.o)
                0x0000000000004958                __SEGGER_RTL_c_locale
 .rodata.libc..L.str
                0x0000000000004964        0x2 C:/Program Files/SEGGER/SEGGER Embedded Studio for ARM 7.10/lib/libc_v7em_fpv4_sp_d16_hard_t_le_eabi_balanced.a(mbops.o)
 *fill*         0x0000000000004966        0x2 
 .rodata.libc.__SEGGER_RTL_codeset_ascii
                0x0000000000004968       0x20 C:/Program Files/SEGGER/SEGGER Embedded Studio for ARM 7.10/lib/libc_v7em_fpv4_sp_d16_hard_t_le_eabi_balanced.a(mbops.o)
                0x0000000000004968                __SEGGER_RTL_codeset_ascii
 .rodata.libc.__SEGGER_RTL_c_locale_abbrev_day_names
                0x0000000000004988       0x1d C:/Program Files/SEGGER/SEGGER Embedded Studio for ARM 7.10/lib/libc_v7em_fpv4_sp_d16_hard_t_le_eabi_balanced.a(mbops.o)
                0x0000000000004988                __SEGGER_RTL_c_locale_abbrev_day_names
 .rodata.libc.__SEGGER_RTL_c_locale_abbrev_month_names
                0x00000000000049a5       0x31 C:/Program Files/SEGGER/SEGGER Embedded Studio for ARM 7.10/lib/libc_v7em_fpv4_sp_d16_hard_t_le_eabi_balanced.a(mbops.o)
                0x00000000000049a5                __SEGGER_RTL_c_locale_abbrev_month_names
 .rodata.libc.__SEGGER_RTL_data_utf8_period
                0x00000000000049d6        0x2 C:/Program Files/SEGGER/SEGGER Embedded Studio for ARM 7.10/lib/libc_v7em_fpv4_sp_d16_hard_t_le_eabi_balanced.a(mbops.o)
                0x00000000000049d6                __SEGGER_RTL_data_utf8_period
 .rodata.libc.__SEGGER_RTL_data_empty_string
                0x00000000000049d8        0x1 C:/Program Files/SEGGER/SEGGER Embedded Studio for ARM 7.10/lib/libc_v7em_fpv4_sp_d16_hard_t_le_eabi_balanced.a(mbops.o)
                0x00000000000049d8                __SEGGER_RTL_data_empty_string
 .rodata.libc.__SEGGER_RTL_c_locale_day_names
                0x00000000000049d9       0x3a C:/Program Files/SEGGER/SEGGER Embedded Studio for ARM 7.10/lib/libc_v7em_fpv4_sp_d16_hard_t_le_eabi_balanced.a(mbops.o)
 .rodata.libc.__SEGGER_RTL_c_locale_month_names
                0x0000000000004a13       0x57 C:/Program Files/SEGGER/SEGGER Embedded Studio for ARM 7.10/lib/libc_v7em_fpv4_sp_d16_hard_t_le_eabi_balanced.a(mbops.o)
 .rodata.libc.__SEGGER_RTL_c_locale_am_pm_indicator
                0x0000000000004a6a        0x7 C:/Program Files/SEGGER/SEGGER Embedded Studio for ARM 7.10/lib/libc_v7em_fpv4_sp_d16_hard_t_le_eabi_balanced.a(mbops.o)
 .rodata.libc.__SEGGER_RTL_c_locale_date_format
                0x0000000000004a71        0x9 C:/Program Files/SEGGER/SEGGER Embedded Studio for ARM 7.10/lib/libc_v7em_fpv4_sp_d16_hard_t_le_eabi_balanced.a(mbops.o)
 .rodata.libc.__SEGGER_RTL_c_locale_time_format
                0x0000000000004a7a        0x9 C:/Program Files/SEGGER/SEGGER Embedded Studio for ARM 7.10/lib/libc_v7em_fpv4_sp_d16_hard_t_le_eabi_balanced.a(mbops.o)
 .rodata.libc.__SEGGER_RTL_c_locale_date_time_format
                0x0000000000004a83        0xf C:/Program Files/SEGGER/SEGGER Embedded Studio for ARM 7.10/lib/libc_v7em_fpv4_sp_d16_hard_t_le_eabi_balanced.a(mbops.o)
 *fill*         0x0000000000004a92        0x2 
 .rodata.libc.__SEGGER_RTL_c_locale_data
                0x0000000000004a94       0x58 C:/Program Files/SEGGER/SEGGER Embedded Studio for ARM 7.10/lib/libc_v7em_fpv4_sp_d16_hard_t_le_eabi_balanced.a(mbops.o)
                0x0000000000004a94                __SEGGER_RTL_c_locale_data
 .rodata.libc.__SEGGER_RTL_ascii_ctype_map
                0x0000000000004aec       0x80 C:/Program Files/SEGGER/SEGGER Embedded Studio for ARM 7.10/lib/libc_v7em_fpv4_sp_d16_hard_t_le_eabi_balanced.a(mbops.o)
 .rodata.libc.__SEGGER_RTL_ascii_ctype_mask
                0x0000000000004b6c        0xd C:/Program Files/SEGGER/SEGGER Embedded Studio for ARM 7.10/lib/libc_v7em_fpv4_sp_d16_hard_t_le_eabi_balanced.a(mbops.o)
 .rodata.libc.__SEGGER_RTL_hex_uc
                0x0000000000004b79       0x10 C:/Program Files/SEGGER/SEGGER Embedded Studio for ARM 7.10/lib/libc_v7em_fpv4_sp_d16_hard_t_le_eabi_balanced.a(prinops.o)
                0x0000000000004b79                __SEGGER_RTL_hex_uc
 .rodata.libc.__SEGGER_RTL_hex_lc
                0x0000000000004b89       0x10 C:/Program Files/SEGGER/SEGGER Embedded Studio for ARM 7.10/lib/libc_v7em_fpv4_sp_d16_hard_t_le_eabi_balanced.a(prinops.o)
                0x0000000000004b89                __SEGGER_RTL_hex_lc
 .rodata.libc..L.str
                0x0000000000004b99        0x7 C:/Program Files/SEGGER/SEGGER Embedded Studio for ARM 7.10/lib/libc_v7em_fpv4_sp_d16_hard_t_le_eabi_balanced.a(__SEGGER_RTL_vfprintf_long.o)
                0x0000000000004ba0                __rodata_end__ = (__rodata_start__ + SIZEOF (.rodata))
                0x00000000000005fc                __rodata_size__ = SIZEOF (.rodata)
                0x0000000000004ba0                __rodata_load_end__ = __rodata_end__

.rel.dyn        0x0000000000004ba0        0x0
 .rel.iplt      0x0000000000004ba0        0x0 Output/Release/Obj/transmitter_pca10100/main.o
                0x0000000000000001                . = ASSERT (((__rodata_start__ == __rodata_end__) || ((__rodata_end__ - __FLASH1_segment_start__) <= __FLASH1_segment_size__)), error: .rodata is too large to fit in FLASH1 memory segment)
                0x0000000000004ba0                __ARM.exidx_load_start__ = ALIGN (__rodata_end__, 0x4)

.ARM.exidx      0x0000000000004ba0        0x0
                0x0000000000004ba0                __ARM.exidx_start__ = .
                0x0000000000004ba0                __exidx_start = __ARM.exidx_start__
 *(.ARM.exidx .ARM.exidx.*)
                0x0000000000004ba0                __ARM.exidx_end__ = (__ARM.exidx_start__ + SIZEOF (.ARM.exidx))
                0x0000000000000000                __ARM.exidx_size__ = SIZEOF (.ARM.exidx)
                0x0000000000004ba0                __exidx_end = __ARM.exidx_end__
                0x0000000000004ba0                __ARM.exidx_load_end__ = __ARM.exidx_end__
                0x0000000000000001                . = ASSERT (((__ARM.exidx_start__ == __ARM.exidx_end__) || ((__ARM.exidx_end__ - __FLASH1_segment_start__) <= __FLASH1_segment_size__)), error: .ARM.exidx is too large to fit in FLASH1 memory segment)
                0x0000000000004ba0                __fast_load_start__ = ALIGN (__ARM.exidx_end__, 0x4)

.fast           0x0000000020000000        0x0 load address 0x0000000000004ba0
                0x0000000020000000                __fast_start__ = .
 *(.fast .fast.*)
                0x0000000020000000                __fast_end__ = (__fast_start__ + SIZEOF (.fast))
                0x0000000000000000                __fast_size__ = SIZEOF (.fast)
                0x0000000000004ba0                __fast_load_end__ = (__fast_load_start__ + SIZEOF (.fast))
                0x0000000000000001                . = ASSERT (((__fast_load_start__ == __fast_load_end__) || ((__fast_load_end__ - __FLASH1_segment_start__) <= __FLASH1_segment_size__)), error: .fast is too large to fit in FLASH1 memory segment)

.fast_run       0x0000000020000000        0x0
                0x0000000020000000                __fast_run_start__ = .
                0x0000000020000000                __fast_run_end__ = (__fast_run_start__ + SIZEOF (.fast))
                0x0000000000000000                __fast_run_size__ = (__fast_run_end__ - __fast_run_start__)
                0x0000000020000000                __fast_run_load_end__ = __fast_run_end__
                0x0000000000000001                . = ASSERT (((__fast_run_start__ == __fast_run_end__) || ((__fast_run_end__ - __RAM1_segment_start__) <= __RAM1_segment_size__)), error: .fast_run is too large to fit in RAM1 memory segment)
                0x0000000000004ba0                __data_load_start__ = ALIGN ((__fast_load_start__ + SIZEOF (.fast)), 0x4)

.data           0x0000000020000000       0xb4 load address 0x0000000000004ba0
                0x0000000020000000                __data_start__ = .
 *(.data .data.* .gnu.linkonce.d.*)
 .data.button_cfg.1
                0x0000000020000000        0x8 Output/Release/Obj/transmitter_pca10100/main.o
 .data.m_bsp_alert_tmr_data
                0x0000000020000008       0x20 Output/Release/Obj/transmitter_pca10100/bsp.o
 .data.m_bsp_leds_tmr_data
                0x0000000020000028       0x20 Output/Release/Obj/transmitter_pca10100/bsp.o
 .data.SystemCoreClock
                0x0000000020000048        0x4 Output/Release/Obj/transmitter_pca10100/system_nrf52.o
                0x0000000020000048                SystemCoreClock
 *fill*         0x000000002000004c        0x4 
 .data.m_detection_delay_timer_id_data
                0x0000000020000050       0x20 Output/Release/Obj/transmitter_pca10100/app_button.o
 .data.m_rtc_inst
                0x0000000020000070        0x8 Output/Release/Obj/transmitter_pca10100/app_timer2.o
 .data.m_uart   0x0000000020000078       0x14 Output/Release/Obj/transmitter_pca10100/nrf_log_backend_uart.o
                0x0000000020000078                m_uart
 .data.log_backend_cb_uart_log_backend
                0x000000002000008c        0x8 Output/Release/Obj/transmitter_pca10100/nrf_log_default_backends.o
 .data.libc.__SEGGER_RTL_global_locale
                0x0000000020000094       0x14 C:/Program Files/SEGGER/SEGGER Embedded Studio for ARM 7.10/lib/libc_v7em_fpv4_sp_d16_hard_t_le_eabi_balanced.a(mbops.o)
                0x0000000020000094                __SEGGER_RTL_global_locale
                0x0000000020000094                __RAL_global_locale
 .data.libc.stderr
                0x00000000200000a8        0x4 C:/Program Files/SEGGER/SEGGER Embedded Studio for ARM 7.10/lib/prinops_rtt_v7em_fpv4_sp_d16_hard_t_le_eabi_balanced.a(prinops_rtt.o)
                0x00000000200000a8                stderr
 .data.libc.stdin
                0x00000000200000ac        0x4 C:/Program Files/SEGGER/SEGGER Embedded Studio for ARM 7.10/lib/prinops_rtt_v7em_fpv4_sp_d16_hard_t_le_eabi_balanced.a(prinops_rtt.o)
                0x00000000200000ac                stdin
 .data.libc.stdout
                0x00000000200000b0        0x4 C:/Program Files/SEGGER/SEGGER Embedded Studio for ARM 7.10/lib/prinops_rtt_v7em_fpv4_sp_d16_hard_t_le_eabi_balanced.a(prinops_rtt.o)
                0x00000000200000b0                stdout
                0x00000000200000b4                __data_end__ = (__data_start__ + SIZEOF (.data))
                0x00000000000000b4                __data_size__ = SIZEOF (.data)
                0x0000000000004c54                __data_load_end__ = (__data_load_start__ + SIZEOF (.data))

.igot.plt       0x0000000100000000        0x0
 .igot.plt      0x0000000100000000        0x0 Output/Release/Obj/transmitter_pca10100/main.o
                0x0000000000000001                . = ASSERT (((__data_load_start__ == __data_load_end__) || ((__data_load_end__ - __FLASH1_segment_start__) <= __FLASH1_segment_size__)), error: .data is too large to fit in FLASH1 memory segment)

.data_run       0x0000000020000000        0x0
                0x0000000020000000                __data_run_start__ = .
                0x00000000200000b4                __data_run_end__ = (__data_run_start__ + SIZEOF (.data))
                0x00000000000000b4                __data_run_size__ = (__data_run_end__ - __data_run_start__)
                0x00000000200000b4                __data_run_load_end__ = __data_run_end__
                0x0000000000000001                . = ASSERT (((__data_run_start__ == __data_run_end__) || ((__data_run_end__ - __RAM1_segment_start__) <= __RAM1_segment_size__)), error: .data_run is too large to fit in RAM1 memory segment)
                0x0000000000004c54                __tdata_load_start__ = ALIGN ((__data_load_start__ + SIZEOF (.data)), 0x4)

.tdata          0x00000000200000b4        0x0 load address 0x0000000000004c54
                0x00000000200000b4                __tdata_start__ = .
 *(.tdata .tdata.*)
                0x00000000200000b4                __tdata_end__ = (__tdata_start__ + SIZEOF (.tdata))
                0x0000000000000000                __tdata_size__ = SIZEOF (.tdata)
                0x0000000000004c54                __tdata_load_end__ = (__tdata_load_start__ + SIZEOF (.tdata))
                0x0000000000004c54                __FLASH1_segment_used_end__ = (ALIGN ((__data_load_start__ + SIZEOF (.data)), 0x4) + SIZEOF (.tdata))
                0x0000000000004c54                __FLASH1_segment_used_size__ = (__FLASH1_segment_used_end__ - __FLASH1_segment_start__)
                0x0000000000000001                . = ASSERT (((__tdata_load_start__ == __tdata_load_end__) || ((__tdata_load_end__ - __FLASH1_segment_start__) <= __FLASH1_segment_size__)), error: .tdata is too large to fit in FLASH1 memory segment)

.tdata_run      0x00000000200000b4        0x0
                0x00000000200000b4                __tdata_run_start__ = .
                0x00000000200000b4                __tdata_run_end__ = (__tdata_run_start__ + SIZEOF (.tdata))
                0x0000000000000000                __tdata_run_size__ = (__tdata_run_end__ - __tdata_run_start__)
                0x00000000200000b4                __tdata_run_load_end__ = __tdata_run_end__
                0x0000000000000001                . = ASSERT (((__tdata_run_start__ == __tdata_run_end__) || ((__tdata_run_end__ - __RAM1_segment_start__) <= __RAM1_segment_size__)), error: .tdata_run is too large to fit in RAM1 memory segment)
                0x00000000200000b4                __bss_load_start__ = ALIGN (__tdata_run_end__, 0x4)

.bss            0x00000000200000b4      0xa40
                0x00000000200000b4                __bss_start__ = .
 *(.bss .bss.* .gnu.linkonce.b.*)
 .bss.active_send_packet
                0x00000000200000b4        0x1 Output/Release/Obj/transmitter_pca10100/main.o
 *fill*         0x00000000200000b5        0x3 
 .bss.packet    0x00000000200000b8        0x4 Output/Release/Obj/transmitter_pca10100/main.o
 .bss.payload   0x00000000200000bc       0x27 Output/Release/Obj/transmitter_pca10100/main.o
 .bss.m_alert_on
                0x00000000200000e3        0x1 Output/Release/Obj/transmitter_pca10100/bsp.o
 .bss.m_indication_type
                0x00000000200000e4        0x4 Output/Release/Obj/transmitter_pca10100/bsp.o
 .bss.m_leds_clear
                0x00000000200000e8        0x1 Output/Release/Obj/transmitter_pca10100/bsp.o
 .bss.m_stable_state
                0x00000000200000e9        0x1 Output/Release/Obj/transmitter_pca10100/bsp.o
 *fill*         0x00000000200000ea        0x2 
 .bss.m_contexts
                0x00000000200000ec        0x8 Output/Release/Obj/transmitter_pca10100/nrf_drv_uart.o
 .bss.m_handlers
                0x00000000200000f4        0x8 Output/Release/Obj/transmitter_pca10100/nrf_drv_uart.o
 .bss.nrf_drv_uart_use_easy_dma
                0x00000000200000fc        0x2 Output/Release/Obj/transmitter_pca10100/nrf_drv_uart.o
                0x00000000200000fc                nrf_drv_uart_use_easy_dma
 *fill*         0x00000000200000fe        0x2 
 .bss.m_cb      0x0000000020000100       0x68 Output/Release/Obj/transmitter_pca10100/nrfx_gpiote.o
 .bss.m_prs_box_4
                0x0000000020000168        0x8 Output/Release/Obj/transmitter_pca10100/nrfx_prs.o
 .bss.m_cb      0x0000000020000170       0x2c Output/Release/Obj/transmitter_pca10100/nrfx_uart.o
 .bss.m_cb      0x000000002000019c       0x24 Output/Release/Obj/transmitter_pca10100/nrfx_uarte.o
 .bss.m_button_count
                0x00000000200001c0        0x1 Output/Release/Obj/transmitter_pca10100/app_button.o
 *fill*         0x00000000200001c1        0x3 
 .bss.m_detection_delay
                0x00000000200001c4        0x4 Output/Release/Obj/transmitter_pca10100/app_button.o
 .bss.m_pin_active
                0x00000000200001c8        0x8 Output/Release/Obj/transmitter_pca10100/app_button.o
 .bss.m_pin_states
                0x00000000200001d0       0x20 Output/Release/Obj/transmitter_pca10100/app_button.o
 .bss.mp_buttons
                0x00000000200001f0        0x4 Output/Release/Obj/transmitter_pca10100/app_button.o
 .bss.m_app_timer_sortlist_sortlist_cb
                0x00000000200001f4        0x4 Output/Release/Obj/transmitter_pca10100/app_timer2.o
 .bss.m_base_counter
                0x00000000200001f8        0x8 Output/Release/Obj/transmitter_pca10100/app_timer2.o
 .bss.m_global_active
                0x0000000020000200        0x1 Output/Release/Obj/transmitter_pca10100/app_timer2.o
 *fill*         0x0000000020000201        0x3 
 .bss.m_req_fifo_data
                0x0000000020000204       0x58 Output/Release/Obj/transmitter_pca10100/app_timer2.o
 .bss.m_req_fifo_inst
                0x000000002000025c       0x10 Output/Release/Obj/transmitter_pca10100/app_timer2.o
 *fill*         0x000000002000026c        0x4 
 .bss.m_stamp64
                0x0000000020000270        0x8 Output/Release/Obj/transmitter_pca10100/app_timer2.o
 .bss.mp_active_timer
                0x0000000020000278        0x4 Output/Release/Obj/transmitter_pca10100/app_timer2.o
 .bss.m_in_critical_region
                0x000000002000027c        0x4 Output/Release/Obj/transmitter_pca10100/app_util_platform.o
 .bss.m_cb      0x0000000020000280        0x8 Output/Release/Obj/transmitter_pca10100/drv_rtc.o
 .bss.m_handlers
                0x0000000020000288        0x4 Output/Release/Obj/transmitter_pca10100/drv_rtc.o
 .bss.m_async_mode
                0x000000002000028c        0x1 Output/Release/Obj/transmitter_pca10100/nrf_log_backend_uart.o
 .bss.m_string_buff
                0x000000002000028d       0x40 Output/Release/Obj/transmitter_pca10100/nrf_log_backend_uart.o
 .bss.m_xfer_done
                0x00000000200002cd        0x1 Output/Release/Obj/transmitter_pca10100/nrf_log_backend_uart.o
 *fill*         0x00000000200002ce        0x2 
 .bss.log_mempool_nrf_balloc_cb
                0x00000000200002d0        0x8 Output/Release/Obj/transmitter_pca10100/nrf_log_frontend.o
 .bss.log_mempool_nrf_balloc_pool_mem
                0x00000000200002d8       0xc0 Output/Release/Obj/transmitter_pca10100/nrf_log_frontend.o
 .bss.log_mempool_nrf_balloc_pool_stack
                0x0000000020000398        0x8 Output/Release/Obj/transmitter_pca10100/nrf_log_frontend.o
 .bss.m_log_data
                0x00000000200003a0      0x420 Output/Release/Obj/transmitter_pca10100/nrf_log_frontend.o
 .bss.m_log_push_ringbuf_buf
                0x00000000200007c0       0x80 Output/Release/Obj/transmitter_pca10100/nrf_log_frontend.o
 .bss.m_log_push_ringbuf_cb
                0x0000000020000840       0x18 Output/Release/Obj/transmitter_pca10100/nrf_log_frontend.o
 .bss._SEGGER_RTT
                0x0000000020000858       0x78 Output/Release/Obj/transmitter_pca10100/SEGGER_RTT.o
                0x0000000020000858                _SEGGER_RTT
 .bss._acDownBuffer
                0x00000000200008d0       0x10 Output/Release/Obj/transmitter_pca10100/SEGGER_RTT.o
 .bss._acUpBuffer
                0x00000000200008e0      0x200 Output/Release/Obj/transmitter_pca10100/SEGGER_RTT.o
 .bss.libc.__SEGGER_RTL_locale_ptr
                0x0000000020000ae0        0x4 C:/Program Files/SEGGER/SEGGER Embedded Studio for ARM 7.10/lib/libc_v7em_fpv4_sp_d16_hard_t_le_eabi_balanced.a(mbops.o)
                0x0000000020000ae0                __SEGGER_RTL_locale_ptr
 .bss.libc.__SEGGER_RTL_stderr_file
                0x0000000020000ae4        0x4 C:/Program Files/SEGGER/SEGGER Embedded Studio for ARM 7.10/lib/prinops_rtt_v7em_fpv4_sp_d16_hard_t_le_eabi_balanced.a(prinops_rtt.o)
 .bss.libc.__SEGGER_RTL_stdin_file
                0x0000000020000ae8        0x4 C:/Program Files/SEGGER/SEGGER Embedded Studio for ARM 7.10/lib/prinops_rtt_v7em_fpv4_sp_d16_hard_t_le_eabi_balanced.a(prinops_rtt.o)
 .bss.libc.__SEGGER_RTL_stdout_file
                0x0000000020000aec        0x4 C:/Program Files/SEGGER/SEGGER Embedded Studio for ARM 7.10/lib/prinops_rtt_v7em_fpv4_sp_d16_hard_t_le_eabi_balanced.a(prinops_rtt.o)
 .bss.libc.__SEGGER_RTL_heap_globals
                0x0000000020000af0        0x4 C:/Program Files/SEGGER/SEGGER Embedded Studio for ARM 7.10/lib/heapops_basic_v7em_fpv4_sp_d16_hard_t_le_eabi_balanced.a(heapops_basic.o)
 *(COMMON)
                0x0000000020000af4                __bss_end__ = (__bss_start__ + SIZEOF (.bss))
                0x0000000000000a40                __bss_size__ = SIZEOF (.bss)
                0x0000000020000af4                __bss_load_end__ = __bss_end__
                0x0000000000000001                . = ASSERT (((__bss_start__ == __bss_end__) || ((__bss_end__ - __RAM1_segment_start__) <= __RAM1_segment_size__)), error: .bss is too large to fit in RAM1 memory segment)
                0x0000000020000af4                __tbss_load_start__ = ALIGN (__bss_end__, 0x4)

.tbss           0x0000000020000af4        0x0
                0x0000000020000af4                __tbss_start__ = .
 *(.tbss .tbss.*)
                0x0000000020000af4                __tbss_end__ = (__tbss_start__ + SIZEOF (.tbss))
                0x0000000000000000                __tbss_size__ = SIZEOF (.tbss)
                0x0000000020000af4                __tbss_load_end__ = __tbss_end__
                0x0000000000000001                . = ASSERT (((__tbss_start__ == __tbss_end__) || ((__tbss_end__ - __RAM1_segment_start__) <= __RAM1_segment_size__)), error: .tbss is too large to fit in RAM1 memory segment)
                0x0000000020000af4                __non_init_load_start__ = ALIGN (__tbss_end__, 0x4)

.non_init       0x0000000020000af4        0x0
                0x0000000020000af4                __non_init_start__ = .
 *(.non_init .non_init.*)
                0x0000000020000af4                __non_init_end__ = (__non_init_start__ + SIZEOF (.non_init))
                0x0000000000000000                __non_init_size__ = SIZEOF (.non_init)
                0x0000000020000af4                __non_init_load_end__ = __non_init_end__
                0x0000000000000001                . = ASSERT (((__non_init_start__ == __non_init_end__) || ((__non_init_end__ - __RAM1_segment_start__) <= __RAM1_segment_size__)), error: .non_init is too large to fit in RAM1 memory segment)
                0x0000000020000af4                __heap_load_start__ = ALIGN (__non_init_end__, 0x4)

.heap           0x0000000020000af4     0x2000
                0x0000000020000af4                __heap_start__ = .
 *(.heap .heap.*)
                0x0000000020002af4                . = ALIGN (MAX ((__heap_start__ + __HEAPSIZE__), .), 0x4)
 *fill*         0x0000000020000af4     0x2000 
                0x0000000020002af4                __heap_end__ = (__heap_start__ + SIZEOF (.heap))
                0x0000000000002000                __heap_size__ = SIZEOF (.heap)
                0x0000000020002af4                __heap_load_end__ = __heap_end__
                0x0000000000000001                . = ASSERT (((__heap_start__ == __heap_end__) || ((__heap_end__ - __RAM1_segment_start__) <= __RAM1_segment_size__)), error: .heap is too large to fit in RAM1 memory segment)
                0x0000000000000001                . = ASSERT ((__heap_size__ <= __HEAPSIZE__), error: .heap is larger than specified size)
                0x000000002000e000                __stack_load_start__ = (__RAM1_segment_start__ + (__RAM1_segment_size__ - 0x2000))

.stack          0x000000002000e000     0x2000
                0x000000002000e000                __stack_start__ = .
                0x000000002000e000                __StackLimit = __stack_start__
 *(.stack .stack.*)
                0x0000000020010000                . = ALIGN (MAX ((__stack_start__ + __STACKSIZE__), .), 0x8)
 *fill*         0x000000002000e000     0x2000 
                0x0000000020010000                __stack_end__ = (__stack_start__ + SIZEOF (.stack))
                0x0000000000002000                __stack_size__ = SIZEOF (.stack)
                0x0000000020010000                __StackTop = __stack_end__
                0x0000000020010000                __stack_load_end__ = __stack_end__
                0x0000000000000001                . = ASSERT (((__stack_start__ == __stack_end__) || ((__stack_end__ - __RAM1_segment_start__) <= __RAM1_segment_size__)), error: .stack is too large to fit in RAM1 memory segment)
                0x0000000000000001                . = ASSERT ((__heap_end__ <= __stack_start__), error: section .heap overlaps absolute placed section .stack)
                0x0000000000000001                . = ASSERT ((__stack_size__ <= __STACKSIZE__), error: .stack is larger than specified size)
                0x0000000020010000                __stack_process_load_start__ = ALIGN (__stack_end__, 0x8)

.stack_process  0x0000000020010000        0x0
                0x0000000020010000                __stack_process_start__ = .
 *(.stack_process .stack_process.*)
                0x0000000020010000                . = ALIGN (MAX ((__stack_process_start__ + __STACKSIZE_PROCESS__), .), 0x8)
                0x0000000020010000                __stack_process_end__ = (__stack_process_start__ + SIZEOF (.stack_process))
                0x0000000000000000                __stack_process_size__ = SIZEOF (.stack_process)
                0x0000000020010000                __stack_process_load_end__ = __stack_process_end__
                0x0000000020010000                __RAM1_segment_used_end__ = (ALIGN (__stack_end__, 0x8) + SIZEOF (.stack_process))
                0x0000000000010000                __RAM1_segment_used_size__ = (__RAM1_segment_used_end__ - __RAM1_segment_start__)
                0x0000000000000001                . = ASSERT (((__stack_process_start__ == __stack_process_end__) || ((__stack_process_end__ - __RAM1_segment_start__) <= __RAM1_segment_size__)), error: .stack_process is too large to fit in RAM1 memory segment)
                0x0000000000000001                . = ASSERT ((__stack_process_size__ <= __STACKSIZE_PROCESS__), error: .stack_process is larger than specified size)
START GROUP
LOAD Output/Release/Obj/transmitter_pca10100/main.o
LOAD Output/Release/Obj/transmitter_pca10100/boards.o
LOAD Output/Release/Obj/transmitter_pca10100/bsp.o
LOAD Output/Release/Obj/transmitter_pca10100/ses_startup_nrf52833.o
LOAD Output/Release/Obj/transmitter_pca10100/ses_startup_nrf_common.o
LOAD Output/Release/Obj/transmitter_pca10100/system_nrf52.o
LOAD Output/Release/Obj/transmitter_pca10100/thumb_crt0.o
LOAD Output/Release/Obj/transmitter_pca10100/nrf_drv_uart.o
LOAD Output/Release/Obj/transmitter_pca10100/nrfx_atomic.o
LOAD Output/Release/Obj/transmitter_pca10100/nrfx_gpiote.o
LOAD Output/Release/Obj/transmitter_pca10100/nrfx_prs.o
LOAD Output/Release/Obj/transmitter_pca10100/nrfx_uart.o
LOAD Output/Release/Obj/transmitter_pca10100/nrfx_uarte.o
LOAD Output/Release/Obj/transmitter_pca10100/radio_config.o
LOAD Output/Release/Obj/transmitter_pca10100/app_button.o
LOAD Output/Release/Obj/transmitter_pca10100/app_error.o
LOAD Output/Release/Obj/transmitter_pca10100/app_error_handler_gcc.o
LOAD Output/Release/Obj/transmitter_pca10100/app_error_weak.o
LOAD Output/Release/Obj/transmitter_pca10100/app_fifo.o
LOAD Output/Release/Obj/transmitter_pca10100/app_scheduler.o
LOAD Output/Release/Obj/transmitter_pca10100/app_timer2.o
LOAD Output/Release/Obj/transmitter_pca10100/app_uart_fifo.o
LOAD Output/Release/Obj/transmitter_pca10100/app_util_platform.o
LOAD Output/Release/Obj/transmitter_pca10100/drv_rtc.o
LOAD Output/Release/Obj/transmitter_pca10100/nrf_assert.o
LOAD Output/Release/Obj/transmitter_pca10100/nrf_atfifo.o
LOAD Output/Release/Obj/transmitter_pca10100/nrf_atomic.o
LOAD Output/Release/Obj/transmitter_pca10100/nrf_balloc.o
LOAD Output/Release/Obj/transmitter_pca10100/nrf_fprintf.o
LOAD Output/Release/Obj/transmitter_pca10100/nrf_fprintf_format.o
LOAD Output/Release/Obj/transmitter_pca10100/nrf_memobj.o
LOAD Output/Release/Obj/transmitter_pca10100/nrf_ringbuf.o
LOAD Output/Release/Obj/transmitter_pca10100/nrf_sortlist.o
LOAD Output/Release/Obj/transmitter_pca10100/nrf_strerror.o
LOAD Output/Release/Obj/transmitter_pca10100/nrf_log_backend_rtt.o
LOAD Output/Release/Obj/transmitter_pca10100/nrf_log_backend_serial.o
LOAD Output/Release/Obj/transmitter_pca10100/nrf_log_backend_uart.o
LOAD Output/Release/Obj/transmitter_pca10100/nrf_log_default_backends.o
LOAD Output/Release/Obj/transmitter_pca10100/nrf_log_frontend.o
LOAD Output/Release/Obj/transmitter_pca10100/nrf_log_str_formatter.o